Archive member included to satisfy reference by file (symbol)

./elibrary/bin//libsyscall.a(syscall.o)
                              livedesk/beetles/init/init_mod.o (esCFG_GetKeyValue)
./elibrary/bin//libsyscall.a(syscall_fops.o)
                              livedesk/beetles/init/init_mod.o (ioctl)
./elibrary/bin//liblzma.a(az100.o)
                              livedesk/beetles/init/background/fb_lib/fb_file.o (AZ100_IsCompress)
./elibrary/bin//liblzma.a(compress.o)
                              ./elibrary/bin//liblzma.a(az100.o) (AZ100_DataUncompress)
./elibrary/bin//liblzma.a(LzmaLib.o)
                              ./elibrary/bin//liblzma.a(compress.o) (LzmaUncompress)
./elibrary/bin//liblzma.a(LzmaDec.o)
                              ./elibrary/bin//liblzma.a(LzmaLib.o) (LzmaDecode)
./elibrary/bin//libminic.a(elibs_sprintf.o)
                              livedesk/beetles/init/headbar/headbar_com.o (eLIBs_sprintf)
./elibrary/bin//libminic.a(elibs_stdio.o)
                              livedesk/beetles/init/ui/init_server.o (eLIBs_fopen)
./elibrary/bin//libminic.a(elibs_stdlib.o)
                              livedesk/beetles/init/headbar/headbar_com.o (eLIBs_int2str_dec)
./elibrary/bin//libminic.a(elibs_string.o)
                              livedesk/beetles/init/init_mod.o (eLIBs_strlen)
/home/yuzuki/WorkSpace/melis-v3.0/melis-4.x-release/toolchain/riscv64-elf-x86_64-20201104/bin/../lib/gcc/riscv64-unknown-elf/8.4.0/../../../../riscv64-unknown-elf/lib/rv64imafdcxtheadc/lp64d/libc.a(lib_a-memcpy.o)
                              livedesk/beetles/init/background/fb_lib/backlayer_lib.o (memcpy)
/home/yuzuki/WorkSpace/melis-v3.0/melis-4.x-release/toolchain/riscv64-elf-x86_64-20201104/bin/../lib/gcc/riscv64-unknown-elf/8.4.0/../../../../riscv64-unknown-elf/lib/rv64imafdcxtheadc/lp64d/libc.a(lib_a-memset.o)
                              livedesk/beetles/init/init_mod.o (memset)
/home/yuzuki/WorkSpace/melis-v3.0/melis-4.x-release/toolchain/riscv64-elf-x86_64-20201104/bin/../lib/gcc/riscv64-unknown-elf/8.4.0/../../../../riscv64-unknown-elf/lib/rv64imafdcxtheadc/lp64d/libc.a(lib_a-sysclose.o)
                              livedesk/beetles/init/init_mod.o (close)
/home/yuzuki/WorkSpace/melis-v3.0/melis-4.x-release/toolchain/riscv64-elf-x86_64-20201104/bin/../lib/gcc/riscv64-unknown-elf/8.4.0/../../../../riscv64-unknown-elf/lib/rv64imafdcxtheadc/lp64d/libc.a(lib_a-sysopen.o)
                              livedesk/beetles/init/init_mod.o (open)
/home/yuzuki/WorkSpace/melis-v3.0/melis-4.x-release/toolchain/riscv64-elf-x86_64-20201104/bin/../lib/gcc/riscv64-unknown-elf/8.4.0/../../../../riscv64-unknown-elf/lib/rv64imafdcxtheadc/lp64d/libc.a(lib_a-impure.o)
                              /home/yuzuki/WorkSpace/melis-v3.0/melis-4.x-release/toolchain/riscv64-elf-x86_64-20201104/bin/../lib/gcc/riscv64-unknown-elf/8.4.0/../../../../riscv64-unknown-elf/lib/rv64imafdcxtheadc/lp64d/libc.a(lib_a-sysclose.o) (_impure_ptr)

Discarded input sections

 .text          0x0000000000000000        0x0 livedesk/beetles/init/alarm/alarm_function.o
 .data          0x0000000000000000        0x0 livedesk/beetles/init/alarm/alarm_function.o
 .bss           0x0000000000000000        0x0 livedesk/beetles/init/alarm/alarm_function.o
 .text          0x0000000000000000        0x0 livedesk/beetles/init/headbar/prog_bar/prog_bar.o
 .data          0x0000000000000000        0x0 livedesk/beetles/init/headbar/prog_bar/prog_bar.o
 .bss           0x0000000000000000        0x0 livedesk/beetles/init/headbar/prog_bar/prog_bar.o
 .text.init_prog_bar_scene_set_focus
                0x0000000000000000       0x80 livedesk/beetles/init/headbar/prog_bar/prog_bar.o
 .text.init_prog_bar_scene_get_id
                0x0000000000000000       0x52 livedesk/beetles/init/headbar/prog_bar/prog_bar.o
 .rodata.__func__.18199
                0x0000000000000000       0x1e livedesk/beetles/init/headbar/prog_bar/prog_bar.o
 .rodata.__func__.18204
                0x0000000000000000       0x1b livedesk/beetles/init/headbar/prog_bar/prog_bar.o
 .text          0x0000000000000000        0x0 livedesk/beetles/init/headbar/prog_bar/prog_bar_ui.o
 .data          0x0000000000000000        0x0 livedesk/beetles/init/headbar/prog_bar/prog_bar_ui.o
 .bss           0x0000000000000000        0x0 livedesk/beetles/init/headbar/prog_bar/prog_bar_ui.o
 .text          0x0000000000000000        0x0 livedesk/beetles/init/init_mod.o
 .data          0x0000000000000000        0x0 livedesk/beetles/init/init_mod.o
 .bss           0x0000000000000000        0x0 livedesk/beetles/init/init_mod.o
 .text.charge_scene_32bpp_layer_create
                0x0000000000000000       0xc0 livedesk/beetles/init/init_mod.o
 .text.show_charege_mainwin_create
                0x0000000000000000       0xc2 livedesk/beetles/init/init_mod.o
 .text.charge_paint.isra.1
                0x0000000000000000      0x294 livedesk/beetles/init/init_mod.o
 .text.charge_mainwin_cb
[...]
Memory Configuration

Name             Origin             Length             Attributes
dram0_0_seg      0x0000000040000000 0x0000000004000000 xrw
dram0_1_seg      0x00000000e0000000 0x0000000010000000 xrw
dram0_2_seg      0x00000000e1700000 0x0000000000100000 xrw
magic_info_seg   0x00000000ffff0000 0x0000000000000100 r
*default*        0x0000000000000000 0xffffffffffffffff

Linker script and memory map

LOAD livedesk/beetles/init/alarm/alarm_function.o
LOAD livedesk/beetles/init/headbar/prog_bar/prog_bar.o
LOAD livedesk/beetles/init/headbar/prog_bar/prog_bar_ui.o
LOAD livedesk/beetles/init/init_mod.o
LOAD livedesk/beetles/init/headbar/gscene_headbar.o
LOAD livedesk/beetles/init/headbar/headbar_com.o
LOAD livedesk/beetles/init/headbar/headbar_uipara.o
LOAD livedesk/beetles/init/ui/init_server.o
LOAD livedesk/beetles/init/init_api.o
LOAD livedesk/beetles/init/mod_init.o
LOAD livedesk/beetles/init/magic.o
LOAD livedesk/beetles/init/background/gscene_backgrd.o
LOAD livedesk/beetles/init/background/fb_lib/backlayer_lib.o
LOAD livedesk/beetles/init/background/fb_lib/fb_file.o
LOAD livedesk/beetles/init/bookengine/bookengine.o
LOAD livedesk/beetles/init/display/g_close_screen.o
LOAD livedesk/beetles/init/display/g_display_switch_output.o
LOAD livedesk/beetles/init/mini_music/mini_music.o
LOAD livedesk/beetles/init/mini_music/mini_music_scene.o
LOAD livedesk/beetles/init/mini_music/mini_music_uipara.o
LOAD livedesk/beetles/init/screen_lock/scnlock_uipara.o
LOAD livedesk/beetles/init/screen_lock/screen_lock.o
LOAD livedesk/beetles/init/tp_adjust/tp_adjust.o
LOAD livedesk/beetles/init/ui/live_init.o
LOAD livedesk/beetles/init/ui/assistant_scene/assistant_scene.o
LOAD livedesk/beetles/init/ui/dialog_scene/dialog_scene.o
LOAD livedesk/beetles/init/ui/dialog_scene/dialog_uipara.o
LOAD livedesk/beetles/init/ui/dialog_scene/progress_dialog.o
LOAD livedesk/beetles/init/ui/tp_adjust_scene/scene_adjust.o
LOAD livedesk/beetles/init/ui/tp_adjust_scene/scene_adjust_uipara.o
START GROUP
START GROUP
LOAD ./elibrary/bin//libsyscall.a
LOAD ./elibrary/bin//liblzma.a
LOAD ./elibrary/bin//libminic.a
LOAD ./elibrary/bin//libpub0.a
END GROUP
LOAD /home/yuzuki/WorkSpace/melis-v3.0/melis-4.x-release/toolchain/riscv64-elf-x86_64-20201104/bin/../lib/gcc/riscv64-unknown-elf/8.4.0/../../../../riscv64-unknown-elf/lib/rv64imafdcxtheadc/lp64d/libstdc++.a
LOAD /home/yuzuki/WorkSpace/melis-v3.0/melis-4.x-release/toolchain/riscv64-elf-x86_64-20201104/bin/../lib/gcc/riscv64-unknown-elf/8.4.0/../../../../riscv64-unknown-elf/lib/rv64imafdcxtheadc/lp64d/libc.a
LOAD /home/yuzuki/WorkSpace/melis-v3.0/melis-4.x-release/toolchain/riscv64-elf-x86_64-20201104/bin/../lib/gcc/riscv64-unknown-elf/8.4.0/rv64imafdcxtheadc/lp64d/libgcc.a
LOAD /home/yuzuki/WorkSpace/melis-v3.0/melis-4.x-release/toolchain/riscv64-elf-x86_64-20201104/bin/../lib/gcc/riscv64-unknown-elf/8.4.0/../../../../riscv64-unknown-elf/lib/rv64imafdcxtheadc/lp64d/libm.a
END GROUP
                0x00000000e1700228                __DRAM0_MOD_BASE = ORIGIN (dram0_2_seg)
                0x00000000ffff0000                __DRAM0_INF_BASE = ORIGIN (magic_info_seg)

INIT_API_TBL    0x00000000e1700000      0x228
 *init_api.o(INIT_API_TBL)
 INIT_API_TBL   0x00000000e1700000      0x228 livedesk/beetles/init/init_api.o
                0x00000000e1700000                init_api
                0x00000000e1700228                __DRAM0_MOD_BASE = ABSOLUTE (.)

.mod.text       0x00000000e1700228     0xaf28
 *(.text)
 .text          0x00000000e1700228       0xd0 /home/yuzuki/WorkSpace/melis-v3.0/melis-4.x-release/toolchain/riscv64-elf-x86_64-20201104/bin/../lib/gcc/riscv64-unknown-elf/8.4.0/../../../../riscv64-unknown-elf/lib/rv64imafdcxtheadc/lp64d/libc.a(lib_a-memcpy.o)
                0x00000000e1700228                memcpy
 .text          0x00000000e17002f8       0xaa /home/yuzuki/WorkSpace/melis-v3.0/melis-4.x-release/toolchain/riscv64-elf-x86_64-20201104/bin/../lib/gcc/riscv64-unknown-elf/8.4.0/../../../../riscv64-unknown-elf/lib/rv64imafdcxtheadc/lp64d/libc.a(lib_a-memset.o)
                0x00000000e17002f8                memset
 *fill*         0x00000000e17003a2        0xe 
 .text          0x00000000e17003b0       0x1e /home/yuzuki/WorkSpace/melis-v3.0/melis-4.x-release/toolchain/riscv64-elf-x86_64-20201104/bin/../lib/gcc/riscv64-unknown-elf/8.4.0/../../../../riscv64-unknown-elf/lib/rv64imafdcxtheadc/lp64d/libc.a(lib_a-sysclose.o)
                0x00000000e17003b0                close
 *fill*         0x00000000e17003ce        0x2 
 .text          0x00000000e17003d0       0x3e /home/yuzuki/WorkSpace/melis-v3.0/melis-4.x-release/toolchain/riscv64-elf-x86_64-20201104/bin/../lib/gcc/riscv64-unknown-elf/8.4.0/../../../../riscv64-unknown-elf/lib/rv64imafdcxtheadc/lp64d/libc.a(lib_a-sysopen.o)
                0x00000000e17003d0                open
 *(.text.*)
 .text._alarm_get_week_day
                0x00000000e170040e       0x6a livedesk/beetles/init/alarm/alarm_function.o
 .text.alarm_is_exist
                0x00000000e1700478       0x34 livedesk/beetles/init/alarm/alarm_function.o
                0x00000000e1700478                alarm_is_exist
 .text.alarm_get_happening
                0x00000000e17004ac       0x52 livedesk/beetles/init/alarm/alarm_function.o
                0x00000000e17004ac                alarm_get_happening
 .text.alarm_settingTime_cleanHappen
                0x00000000e17004fe        0xe livedesk/beetles/init/alarm/alarm_function.o
                0x00000000e17004fe                alarm_settingTime_cleanHappen
 .text.standby_startup_alarm
                0x00000000e170050c      0x2dc livedesk/beetles/init/alarm/alarm_function.o
                0x00000000e170050c                standby_startup_alarm
 .text.alarm_check_run
                0x00000000e17007e8      0x228 livedesk/beetles/init/alarm/alarm_function.o
                0x00000000e17007e8                alarm_check_run
 .text.alarm_enter_app
                0x00000000e1700a10        0xc livedesk/beetles/init/alarm/alarm_function.o
                0x00000000e1700a10                alarm_enter_app
 .text.alarm_exit_app
                0x00000000e1700a1c        0xa livedesk/beetles/init/alarm/alarm_function.o
                0x00000000e1700a1c                alarm_exit_app
 .text.__prog_bar_draw_bg
                0x00000000e1700a26       0xc6 livedesk/beetles/init/headbar/prog_bar/prog_bar.o
 .text.__prog_bar_update_prog_bar_ui
                0x00000000e1700aec      0x182 livedesk/beetles/init/headbar/prog_bar/prog_bar.o
 .text.__prog_bar_reset_hide_timmer
                0x00000000e1700c6e       0x84 livedesk/beetles/init/headbar/prog_bar/prog_bar.o
 .text.__init_cmd2parent.part.1
                0x00000000e1700cf2       0x48 livedesk/beetles/init/headbar/prog_bar/prog_bar.o
 .text.__init_cmd2parent.constprop.4
                0x00000000e1700d3a       0x62 livedesk/beetles/init/headbar/prog_bar/prog_bar.o
 .text.__prog_bar_proc
                0x00000000e1700d9c      0x68e livedesk/beetles/init/headbar/prog_bar/prog_bar.o
 .text.init_prog_bar_scene_update_data
                0x00000000e170142a       0xbe livedesk/beetles/init/headbar/prog_bar/prog_bar.o
                0x00000000e170142a                init_prog_bar_scene_update_data
 .text.init_prog_bar_scene_create
                0x00000000e17014e8       0xee livedesk/beetles/init/headbar/prog_bar/prog_bar.o
                0x00000000e17014e8                init_prog_bar_scene_create
 .text.init_prog_bar_scene_delete
                0x00000000e17015d6       0x9e livedesk/beetles/init/headbar/prog_bar/prog_bar.o
                0x00000000e17015d6                init_prog_bar_scene_delete
 .text.init_prog_bar_get_uipara
                0x00000000e1701674       0x7c livedesk/beetles/init/headbar/prog_bar/prog_bar_ui.o
                0x00000000e1701674                init_prog_bar_get_uipara
 .text.key_hook_cb
                0x00000000e17016f0       0xe2 livedesk/beetles/init/init_mod.o
                0x00000000e17016f0                key_hook_cb
 .text.tp_hook_cb
                0x00000000e17017d2       0x64 livedesk/beetles/init/init_mod.o
                0x00000000e17017d2                tp_hook_cb
 .text._process_init
                0x00000000e1701836       0x96 livedesk/beetles/init/init_mod.o
 .text.init_hook_cb.part.0
                0x00000000e17018cc       0x58 livedesk/beetles/init/init_mod.o
 .text.init_hook_cb
                0x00000000e1701924       0x6a livedesk/beetles/init/init_mod.o
                0x00000000e1701924                init_hook_cb
 .text.shutdown_logo_show
                0x00000000e170198e      0x108 livedesk/beetles/init/init_mod.o
 .text.init_memdev_create
                0x00000000e1701a96       0xe8 livedesk/beetles/init/init_mod.o
                0x00000000e1701a96                init_memdev_create
 .text.init_memdev_delete
                0x00000000e1701b7e       0x8c livedesk/beetles/init/init_mod.o
                0x00000000e1701b7e                init_memdev_delete
 .text.application_init_process
                0x00000000e1701c0a      0x38c livedesk/beetles/init/init_mod.o
                0x00000000e1701c0a                application_init_process
 .text.__hbar_prog_scene_delete
                0x00000000e1701f96       0x70 livedesk/beetles/init/headbar/gscene_headbar.o
 .text.__hbar_delete_subscene_by_id
                0x00000000e1702006      0x108 livedesk/beetles/init/headbar/gscene_headbar.o
 .text.__hbar_prog_scene_create.constprop.5
                0x00000000e170210e       0xde livedesk/beetles/init/headbar/gscene_headbar.o
 .text.gscene_hbar_create
                0x00000000e17021ec       0x64 livedesk/beetles/init/headbar/gscene_headbar.o
                0x00000000e17021ec                gscene_hbar_create
 .text.gscene_hbar_delete
                0x00000000e1702250       0x34 livedesk/beetles/init/headbar/gscene_headbar.o
                0x00000000e1702250                gscene_hbar_delete
 .text.gscene_hbar_get_state
                0x00000000e1702284       0x3c livedesk/beetles/init/headbar/gscene_headbar.o
                0x00000000e1702284                gscene_hbar_get_state
 .text.gscene_hbar_set_state
                0x00000000e17022c0      0x21e livedesk/beetles/init/headbar/gscene_headbar.o
                0x00000000e17022c0                gscene_hbar_set_state
 .text.gscene_hbar_set_title
                0x00000000e17024de       0x52 livedesk/beetles/init/headbar/gscene_headbar.o
                0x00000000e17024de                gscene_hbar_set_title
 .text.gscene_hbar_set_sig_status
                0x00000000e1702530       0x5a livedesk/beetles/init/headbar/gscene_headbar.o
                0x00000000e1702530                gscene_hbar_set_sig_status
 .text.gscene_hbar_get_screen_rect
                0x00000000e170258a       0x44 livedesk/beetles/init/headbar/gscene_headbar.o
                0x00000000e170258a                gscene_hbar_get_screen_rect
 .text.gscene_hbar_set_screen_rect
                0x00000000e17025ce       0x62 livedesk/beetles/init/headbar/gscene_headbar.o
                0x00000000e17025ce                gscene_hbar_set_screen_rect
 .text.cb_shbar_mwin
                0x00000000e1702630      0x526 livedesk/beetles/init/headbar/gscene_headbar.o
 .text.gscene_hbar_set_music_state
                0x00000000e1702b56        0xa livedesk/beetles/init/headbar/gscene_headbar.o
                0x00000000e1702b56                gscene_hbar_set_music_state
 .text.gscene_hbar_get_music_state
                0x00000000e1702b60        0xa livedesk/beetles/init/headbar/gscene_headbar.o
                0x00000000e1702b60                gscene_hbar_get_music_state
 .text.gscene_hbar_update_text
                0x00000000e1702b6a      0x128 livedesk/beetles/init/headbar/gscene_headbar.o
                0x00000000e1702b6a                gscene_hbar_update_text
 .text.APP_BMP_Draw
                0x00000000e1702c92      0x21c livedesk/beetles/init/headbar/headbar_com.o
 .text.headbar_on_paint_argb
                0x00000000e1702eae      0x4f6 livedesk/beetles/init/headbar/headbar_com.o
 .text.headbar_on_paint
                0x00000000e17033a4       0x3a livedesk/beetles/init/headbar/headbar_com.o
 .text.pt_in_rect.constprop.3
                0x00000000e17033de       0x2c livedesk/beetles/init/headbar/headbar_com.o
 .text.reset_headbar_data
                0x00000000e170340a      0x1f8 livedesk/beetles/init/headbar/headbar_com.o
 .text.cb_headbar_framewin
                0x00000000e1703602      0x8ac livedesk/beetles/init/headbar/headbar_com.o
 .text.headbar_refresh_thread
                0x00000000e1703eae      0x260 livedesk/beetles/init/headbar/headbar_com.o
 .text.headbar_frm_create
                0x00000000e170410e       0xb4 livedesk/beetles/init/headbar/headbar_com.o
                0x00000000e170410e                headbar_frm_create
 .text.headbar_enable_paint_time
                0x00000000e17041c2        0x4 livedesk/beetles/init/headbar/headbar_com.o
                0x00000000e17041c2                headbar_enable_paint_time
 .text.headbar_enable_paint_signal
                0x00000000e17041c6        0xc livedesk/beetles/init/headbar/headbar_com.o
                0x00000000e17041c6                headbar_enable_paint_signal
 .text.headbar_init_uipara
                0x00000000e17041d2      0x894 livedesk/beetles/init/headbar/headbar_uipara.o
                0x00000000e17041d2                headbar_init_uipara
 .text.system_message_handle
                0x00000000e1704a66       0x42 livedesk/beetles/init/ui/init_server.o
 .text.__init_prog_draw_progress.constprop.12
                0x00000000e1704aa8      0x126 livedesk/beetles/init/ui/init_server.o
 .text.init_reset_close_scn
                0x00000000e1704bce       0x5a livedesk/beetles/init/ui/init_server.o
                0x00000000e1704bce                init_reset_close_scn
 .text.init_reset_auto_off
                0x00000000e1704c28       0x5a livedesk/beetles/init/ui/init_server.o
                0x00000000e1704c28                init_reset_auto_off
 .text.init_lock
                0x00000000e1704c82       0x62 livedesk/beetles/init/ui/init_server.o
                0x00000000e1704c82                init_lock
 .text.init_unlock
                0x00000000e1704ce4       0x5e livedesk/beetles/init/ui/init_server.o
                0x00000000e1704ce4                init_unlock
 .text.init_open_screen
                0x00000000e1704d42       0x98 livedesk/beetles/init/ui/init_server.o
 .text.init_close_screen
                0x00000000e1704dda      0x1bc livedesk/beetles/init/ui/init_server.o
 .text.init_mainwin_cb
                0x00000000e1704f96     0x14b2 livedesk/beetles/init/ui/init_server.o
 .text.init_is_close_screen
                0x00000000e1706448        0xe livedesk/beetles/init/ui/init_server.o
                0x00000000e1706448                init_is_close_screen
 .text.init_mainwin_create
                0x00000000e1706456       0x42 livedesk/beetles/init/ui/init_server.o
                0x00000000e1706456                init_mainwin_create
 .text.INIT_MInit
                0x00000000e1706498        0x4 livedesk/beetles/init/mod_init.o
                0x00000000e1706498                INIT_MInit
 .text.INIT_MExit
                0x00000000e170649c        0x4 livedesk/beetles/init/mod_init.o
                0x00000000e170649c                INIT_MExit
 .text.INIT_MOpen
                0x00000000e17064a0       0x94 livedesk/beetles/init/mod_init.o
                0x00000000e17064a0                INIT_MOpen
 .text.INIT_MClose
                0x00000000e1706534       0x30 livedesk/beetles/init/mod_init.o
                0x00000000e1706534                INIT_MClose
 .text.INIT_MRead
                0x00000000e1706564        0x6 livedesk/beetles/init/mod_init.o
                0x00000000e1706564                INIT_MRead
 .text.INIT_MWrite
                0x00000000e170656a        0x6 livedesk/beetles/init/mod_init.o
                0x00000000e170656a                INIT_MWrite
 .text.INIT_MIoctrl
                0x00000000e1706570        0x4 livedesk/beetles/init/mod_init.o
                0x00000000e1706570                INIT_MIoctrl
 .text.gscene_bgd_set_status_hide
                0x00000000e1706574       0x44 livedesk/beetles/init/background/gscene_backgrd.o
 .text.gscene_bgd_is_file_exist
                0x00000000e17065b8       0xa4 livedesk/beetles/init/background/gscene_backgrd.o
 .text.gscene_bgd_get_setting_file
                0x00000000e170665c       0x62 livedesk/beetles/init/background/gscene_backgrd.o
 .text.gscene_bgd_get_flag
                0x00000000e17066be       0x20 livedesk/beetles/init/background/gscene_backgrd.o
                0x00000000e17066be                gscene_bgd_get_flag
 .text.gscene_bgd_set_flag
                0x00000000e17066de       0x22 livedesk/beetles/init/background/gscene_backgrd.o
                0x00000000e17066de                gscene_bgd_set_flag
 .text.gscene_bgd_get_state
                0x00000000e1706700       0x10 livedesk/beetles/init/background/gscene_backgrd.o
                0x00000000e1706700                gscene_bgd_get_state
 .text.gscene_bgd_set_top
                0x00000000e1706710       0x1a livedesk/beetles/init/background/gscene_backgrd.o
                0x00000000e1706710                gscene_bgd_set_top
 .text.gscene_bgd_set_bottom
                0x00000000e170672a       0x1a livedesk/beetles/init/background/gscene_backgrd.o
                0x00000000e170672a                gscene_bgd_set_bottom
 .text.gscene_bgd_save_fb
                0x00000000e1706744       0x62 livedesk/beetles/init/background/gscene_backgrd.o
                0x00000000e1706744                gscene_bgd_save_fb
 .text.gscene_bgd_deinit
                0x00000000e17067a6       0x52 livedesk/beetles/init/background/gscene_backgrd.o
                0x00000000e17067a6                gscene_bgd_deinit
 .text.gscene_bgd_get_default_bg_index
                0x00000000e17067f8       0x1e livedesk/beetles/init/background/gscene_backgrd.o
                0x00000000e17067f8                gscene_bgd_get_default_bg_index
 .text.gscene_bgd_get_default_file
                0x00000000e1706816       0xec livedesk/beetles/init/background/gscene_backgrd.o
 .text.gscene_bgd_update_filename
                0x00000000e1706902       0xb2 livedesk/beetles/init/background/gscene_backgrd.o
 .text.gscene_bgd_set_status_show
                0x00000000e17069b4       0xca livedesk/beetles/init/background/gscene_backgrd.o
 .text.gscene_bgd_set_state
                0x00000000e1706a7e       0x2e livedesk/beetles/init/background/gscene_backgrd.o
                0x00000000e1706a7e                gscene_bgd_set_state
 .text.gscene_bgd_set_fb_type
                0x00000000e1706aac       0xc0 livedesk/beetles/init/background/gscene_backgrd.o
                0x00000000e1706aac                gscene_bgd_set_fb_type
 .text.gscene_bgd_refresh
                0x00000000e1706b6c       0x4c livedesk/beetles/init/background/gscene_backgrd.o
                0x00000000e1706b6c                gscene_bgd_refresh
 .text.gscene_bgd_init
                0x00000000e1706bb8      0x150 livedesk/beetles/init/background/gscene_backgrd.o
                0x00000000e1706bb8                gscene_bgd_init
 .text.gscene_bgd_restore
                0x00000000e1706d08       0x44 livedesk/beetles/init/background/gscene_backgrd.o
                0x00000000e1706d08                gscene_bgd_restore
 .text.gscene_bgd_set_default_bg_index
                0x00000000e1706d4c       0x70 livedesk/beetles/init/background/gscene_backgrd.o
                0x00000000e1706d4c                gscene_bgd_set_default_bg_index
 .text.backlayer_create_layer
                0x00000000e1706dbc       0x34 livedesk/beetles/init/background/fb_lib/backlayer_lib.o
                0x00000000e1706dbc                backlayer_create_layer
 .text.backlayer_delete_layer
                0x00000000e1706df0       0x7e livedesk/beetles/init/background/fb_lib/backlayer_lib.o
                0x00000000e1706df0                backlayer_delete_layer
 .text.backlayer_set_fb_jpg
                0x00000000e1706e6e      0x452 livedesk/beetles/init/background/fb_lib/backlayer_lib.o
                0x00000000e1706e6e                backlayer_set_fb_jpg
 .text.backlayer_set_fb_bmp
                0x00000000e17072c0      0x1b4 livedesk/beetles/init/background/fb_lib/backlayer_lib.o
                0x00000000e17072c0                backlayer_set_fb_bmp
 .text.backlayer_set_fb
                0x00000000e1707474       0xfc livedesk/beetles/init/background/fb_lib/backlayer_lib.o
                0x00000000e1707474                backlayer_set_fb
 .text.backlayer_set_top
                0x00000000e1707570        0x2 livedesk/beetles/init/background/fb_lib/backlayer_lib.o
                0x00000000e1707570                backlayer_set_top
 .text.backlayer_set_bottom
                0x00000000e1707572        0x2 livedesk/beetles/init/background/fb_lib/backlayer_lib.o
                0x00000000e1707572                backlayer_set_bottom
 .text.get_logo_mode
                0x00000000e1707574       0x78 livedesk/beetles/init/background/fb_lib/backlayer_lib.o
                0x00000000e1707574                get_logo_mode
 .text.create_fb_file
                0x00000000e17075ec      0x1de livedesk/beetles/init/background/fb_lib/fb_file.o
                0x00000000e17075ec                create_fb_file
 .text.convert_fb
                0x00000000e17077ca      0x1c4 livedesk/beetles/init/background/fb_lib/fb_file.o
                0x00000000e17077ca                convert_fb
 .text.get_fb_from_file
                0x00000000e170798e      0x3f4 livedesk/beetles/init/background/fb_lib/fb_file.o
                0x00000000e170798e                get_fb_from_file
 .text.bookengine_open
                0x00000000e1707d82       0x72 livedesk/beetles/init/bookengine/bookengine.o
                0x00000000e1707d82                bookengine_open
 .text.bookengine_close
                0x00000000e1707df4       0x3a livedesk/beetles/init/bookengine/bookengine.o
                0x00000000e1707df4                bookengine_close
 .text.g_enable_close_scn
                0x00000000e1707e2e       0x48 livedesk/beetles/init/display/g_close_screen.o
                0x00000000e1707e2e                g_enable_close_scn
 .text.g_disable_close_scn
                0x00000000e1707e76       0x48 livedesk/beetles/init/display/g_close_screen.o
                0x00000000e1707e76                g_disable_close_scn
 .text.g_set_close_scn_time
                0x00000000e1707ebe       0x5a livedesk/beetles/init/display/g_close_screen.o
                0x00000000e1707ebe                g_set_close_scn_time
 .text.g_get_close_scn_time
                0x00000000e1707f18       0x48 livedesk/beetles/init/display/g_close_screen.o
                0x00000000e1707f18                g_get_close_scn_time
 .text.g_close_screen
                0x00000000e1707f60       0x48 livedesk/beetles/init/display/g_close_screen.o
                0x00000000e1707f60                g_close_screen
 .text.g_enable_standby
                0x00000000e1707fa8       0x48 livedesk/beetles/init/display/g_close_screen.o
                0x00000000e1707fa8                g_enable_standby
 .text.g_disable_standby
                0x00000000e1707ff0       0x48 livedesk/beetles/init/display/g_close_screen.o
                0x00000000e1707ff0                g_disable_standby
 .text.g_is_enable_standby
                0x00000000e1708038       0x4c livedesk/beetles/init/display/g_close_screen.o
                0x00000000e1708038                g_is_enable_standby
 .text.__switch_output
                0x00000000e1708084      0x1a2 livedesk/beetles/init/display/g_display_switch_output.o
 .text.g_display_switch_output
                0x00000000e1708226      0x1b6 livedesk/beetles/init/display/g_display_switch_output.o
                0x00000000e1708226                g_display_switch_output
 .text.mini_music_open
                0x00000000e17083dc       0x48 livedesk/beetles/init/mini_music/mini_music.o
                0x00000000e17083dc                mini_music_open
 .text.mini_music_close
                0x00000000e1708424        0x4 livedesk/beetles/init/mini_music/mini_music.o
                0x00000000e1708424                mini_music_close
 .text.mini_music_scene_exist
                0x00000000e1708428        0x4 livedesk/beetles/init/mini_music/mini_music.o
                0x00000000e1708428                mini_music_scene_exist
 .text.tpdrv_open
                0x00000000e170842c        0xe livedesk/beetles/init/tp_adjust/tp_adjust.o
                0x00000000e170842c                tpdrv_open
 .text.tp_adjust
                0x00000000e170843a       0x16 livedesk/beetles/init/tp_adjust/tp_adjust.o
                0x00000000e170843a                tp_adjust
 .text.live_init
                0x00000000e1708450      0x13c livedesk/beetles/init/ui/live_init.o
                0x00000000e1708450                live_init
 .text.live_exit
                0x00000000e170858c       0x7c livedesk/beetles/init/ui/live_init.o
                0x00000000e170858c                live_exit
 .text.init_screen_size
                0x00000000e1708608       0x1c livedesk/beetles/init/ui/live_init.o
                0x00000000e1708608                init_screen_size
 .text.cb_dialog_frm
                0x00000000e1708624       0x10 livedesk/beetles/init/ui/dialog_scene/dialog_scene.o
                0x00000000e1708624                cb_dialog_frm
 .text.scene_dialog_layer_create
                0x00000000e1708634       0xbe livedesk/beetles/init/ui/dialog_scene/dialog_scene.o
 .text.dialog_frm_win_create
                0x00000000e17086f2       0x9c livedesk/beetles/init/ui/dialog_scene/dialog_scene.o
 .text.scene_dialog_create
                0x00000000e170878e       0x58 livedesk/beetles/init/ui/dialog_scene/dialog_scene.o
 .text.dialog_init
                0x00000000e17087e6       0x3a livedesk/beetles/init/ui/dialog_scene/dialog_scene.o
                0x00000000e17087e6                dialog_init
 .text.dialog_deinit
                0x00000000e1708820       0x20 livedesk/beetles/init/ui/dialog_scene/dialog_scene.o
                0x00000000e1708820                dialog_deinit
 .text.scene_on_dialog
                0x00000000e1708840      0x11c livedesk/beetles/init/ui/dialog_scene/dialog_scene.o
                0x00000000e1708840                scene_on_dialog
 .text.init_dialog_uipara
                0x00000000e170895c      0x1be livedesk/beetles/init/ui/dialog_scene/dialog_uipara.o
                0x00000000e170895c                init_dialog_uipara
 .text.cb_progress_dialog
                0x00000000e1708b1a      0x292 livedesk/beetles/init/ui/dialog_scene/progress_dialog.o
 .text.progress_dialog_create
                0x00000000e1708dac      0x14a livedesk/beetles/init/ui/dialog_scene/progress_dialog.o
                0x00000000e1708dac                progress_dialog_create
 .text.__adjust_layer_create
                0x00000000e1708ef6       0x9c livedesk/beetles/init/ui/tp_adjust_scene/scene_adjust.o
 .text.__main_proc
                0x00000000e1708f92       0xee livedesk/beetles/init/ui/tp_adjust_scene/scene_adjust.o
 .text.__draw_point
                0x00000000e1709080      0x124 livedesk/beetles/init/ui/tp_adjust_scene/scene_adjust.o
 .text.__frmwin_proc
                0x00000000e17091a4      0x1e4 livedesk/beetles/init/ui/tp_adjust_scene/scene_adjust.o
 .text.scene_adjust_create
                0x00000000e1709388       0x3e livedesk/beetles/init/ui/tp_adjust_scene/scene_adjust.o
                0x00000000e1709388                scene_adjust_create
 .text.scene_adjust_destroy
                0x00000000e17093c6       0x1c livedesk/beetles/init/ui/tp_adjust_scene/scene_adjust.o
                0x00000000e17093c6                scene_adjust_destroy
 .text.scene_adjust_get_uipara
                0x00000000e17093e2       0x6a livedesk/beetles/init/ui/tp_adjust_scene/scene_adjust_uipara.o
                0x00000000e17093e2                scene_adjust_get_uipara
 .text.esCFG_GetKeyValue
                0x00000000e170944c       0x18 ./elibrary/bin//libsyscall.a(syscall.o)
                0x00000000e170944c                esCFG_GetKeyValue
 .text.esFSYS_fclose
                0x00000000e1709464       0x18 ./elibrary/bin//libsyscall.a(syscall.o)
                0x00000000e1709464                esFSYS_fclose
 .text.esFSYS_fopen
                0x00000000e170947c       0x16 ./elibrary/bin//libsyscall.a(syscall.o)
                0x00000000e170947c                esFSYS_fopen
 .text.esFSYS_fread
                0x00000000e1709492       0x20 ./elibrary/bin//libsyscall.a(syscall.o)
                0x00000000e1709492                esFSYS_fread
 .text.esFSYS_fseek
                0x00000000e17094b2       0x18 ./elibrary/bin//libsyscall.a(syscall.o)
                0x00000000e17094b2                esFSYS_fseek
 .text.esFSYS_ftell
                0x00000000e17094ca       0x18 ./elibrary/bin//libsyscall.a(syscall.o)
                0x00000000e17094ca                esFSYS_ftell
 .text.esFSYS_fwrite
                0x00000000e17094e2       0x20 ./elibrary/bin//libsyscall.a(syscall.o)
                0x00000000e17094e2                esFSYS_fwrite
 .text.esKRNL_SemCreate
                0x00000000e1709502       0x16 ./elibrary/bin//libsyscall.a(syscall.o)
                0x00000000e1709502                esKRNL_SemCreate
 .text.esKRNL_SemDel
                0x00000000e1709518       0x16 ./elibrary/bin//libsyscall.a(syscall.o)
                0x00000000e1709518                esKRNL_SemDel
 .text.esKRNL_SemPend
                0x00000000e170952e       0x16 ./elibrary/bin//libsyscall.a(syscall.o)
                0x00000000e170952e                esKRNL_SemPend
 .text.esKRNL_SemPost
                0x00000000e1709544       0x1a ./elibrary/bin//libsyscall.a(syscall.o)
                0x00000000e1709544                esKRNL_SemPost
 .text.esKRNL_TaskNameSet
                0x00000000e170955e       0x1a ./elibrary/bin//libsyscall.a(syscall.o)
                0x00000000e170955e                esKRNL_TaskNameSet
 .text.esKRNL_TCreate
                0x00000000e1709578       0x1c ./elibrary/bin//libsyscall.a(syscall.o)
                0x00000000e1709578                esKRNL_TCreate
 .text.esKRNL_TDel
                0x00000000e1709594       0x1e ./elibrary/bin//libsyscall.a(syscall.o)
                0x00000000e1709594                esKRNL_TDel
 .text.esKRNL_TDelReq
                0x00000000e17095b2       0x1e ./elibrary/bin//libsyscall.a(syscall.o)
                0x00000000e17095b2                esKRNL_TDelReq
 .text.esKRNL_TimeDly
                0x00000000e17095d0       0x16 ./elibrary/bin//libsyscall.a(syscall.o)
                0x00000000e17095d0                esKRNL_TimeDly
 .text.esKSRV_Get_Display_Hld
                0x00000000e17095e6       0x16 ./elibrary/bin//libsyscall.a(syscall.o)
                0x00000000e17095e6                esKSRV_Get_Display_Hld
 .text.esKSRV_Get_Mixture_Hld
                0x00000000e17095fc       0x16 ./elibrary/bin//libsyscall.a(syscall.o)
                0x00000000e17095fc                esKSRV_Get_Mixture_Hld
 .text.esMEMS_Balloc
                0x00000000e1709612       0x16 ./elibrary/bin//libsyscall.a(syscall.o)
                0x00000000e1709612                esMEMS_Balloc
 .text.esMEMS_Bfree
                0x00000000e1709628       0x16 ./elibrary/bin//libsyscall.a(syscall.o)
                0x00000000e1709628                esMEMS_Bfree
 .text.esMEMS_CleanFlushDCacheRegion
                0x00000000e170963e       0x1a ./elibrary/bin//libsyscall.a(syscall.o)
                0x00000000e170963e                esMEMS_CleanFlushDCacheRegion
 .text.esMEMS_Malloc
                0x00000000e1709658       0x1a ./elibrary/bin//libsyscall.a(syscall.o)
                0x00000000e1709658                esMEMS_Malloc
 .text.esMEMS_Mfree
                0x00000000e1709672       0x16 ./elibrary/bin//libsyscall.a(syscall.o)
                0x00000000e1709672                esMEMS_Mfree
 .text.esMEMS_Palloc
                0x00000000e1709688       0x1e ./elibrary/bin//libsyscall.a(syscall.o)
                0x00000000e1709688                esMEMS_Palloc
 .text.esMEMS_Pfree
                0x00000000e17096a6       0x1a ./elibrary/bin//libsyscall.a(syscall.o)
                0x00000000e17096a6                esMEMS_Pfree
 .text.esMODS_MClose
                0x00000000e17096c0       0x18 ./elibrary/bin//libsyscall.a(syscall.o)
                0x00000000e17096c0                esMODS_MClose
 .text.esMODS_MInstall
                0x00000000e17096d8       0x18 ./elibrary/bin//libsyscall.a(syscall.o)
                0x00000000e17096d8                esMODS_MInstall
 .text.esMODS_MIoctrl
                0x00000000e17096f0       0x1a ./elibrary/bin//libsyscall.a(syscall.o)
                0x00000000e17096f0                esMODS_MIoctrl
 .text.esMODS_MOpen
                0x00000000e170970a       0x16 ./elibrary/bin//libsyscall.a(syscall.o)
                0x00000000e170970a                esMODS_MOpen
 .text.esMODS_MUninstall
                0x00000000e1709720       0x18 ./elibrary/bin//libsyscall.a(syscall.o)
                0x00000000e1709720                esMODS_MUninstall
 .text.esPINS_PinGrpReq
                0x00000000e1709738       0x16 ./elibrary/bin//libsyscall.a(syscall.o)
                0x00000000e1709738                esPINS_PinGrpReq
 .text.esPINS_ReadPinData
                0x00000000e170974e       0x16 ./elibrary/bin//libsyscall.a(syscall.o)
                0x00000000e170974e                esPINS_ReadPinData
 .text.esPINS_WritePinData
                0x00000000e1709764       0x1a ./elibrary/bin//libsyscall.a(syscall.o)
                0x00000000e1709764                esPINS_WritePinData
 .text.esPWRMAN_EnterStandby
                0x00000000e170977e       0x1a ./elibrary/bin//libsyscall.a(syscall.o)
                0x00000000e170977e                esPWRMAN_EnterStandby
 .text.esPWRMAN_GetStandbyPara
                0x00000000e1709798       0x18 ./elibrary/bin//libsyscall.a(syscall.o)
                0x00000000e1709798                esPWRMAN_GetStandbyPara
 .text.esPWRMAN_UsrEventNotify
                0x00000000e17097b0       0x16 ./elibrary/bin//libsyscall.a(syscall.o)
                0x00000000e17097b0                esPWRMAN_UsrEventNotify
 .text.esSIOS_putstr
                0x00000000e17097c6       0x14 ./elibrary/bin//libsyscall.a(syscall.o)
                0x00000000e17097c6                esSIOS_putstr
 .text.esTIME_GetDate
                0x00000000e17097da       0x18 ./elibrary/bin//libsyscall.a(syscall.o)
                0x00000000e17097da                esTIME_GetDate
 .text.esTIME_GetTime
                0x00000000e17097f2       0x18 ./elibrary/bin//libsyscall.a(syscall.o)
                0x00000000e17097f2                esTIME_GetTime
 .text.esTIME_ReleaseAlarm
                0x00000000e170980a       0x18 ./elibrary/bin//libsyscall.a(syscall.o)
                0x00000000e170980a                esTIME_ReleaseAlarm
 .text.esTIME_RequestAlarm
                0x00000000e1709822       0x1a ./elibrary/bin//libsyscall.a(syscall.o)
                0x00000000e1709822                esTIME_RequestAlarm
 .text.esTIME_StartAlarm
                0x00000000e170983c       0x1c ./elibrary/bin//libsyscall.a(syscall.o)
                0x00000000e170983c                esTIME_StartAlarm
 .text.esTIME_StopAlarm
                0x00000000e1709858       0x18 ./elibrary/bin//libsyscall.a(syscall.o)
                0x00000000e1709858                esTIME_StopAlarm
 .text._close_r
                0x00000000e1709870       0x18 ./elibrary/bin//libsyscall.a(syscall_fops.o)
                0x00000000e1709870                _close_r
 .text._open_r  0x00000000e1709888       0x18 ./elibrary/bin//libsyscall.a(syscall_fops.o)
                0x00000000e1709888                _open_r
 .text.ioctl    0x00000000e17098a0       0x28 ./elibrary/bin//libsyscall.a(syscall_fops.o)
                0x00000000e17098a0                ioctl
 .text.AZ100_IsCompress
                0x00000000e17098c8       0x2e ./elibrary/bin//liblzma.a(az100.o)
                0x00000000e17098c8                AZ100_IsCompress
 .text.AZ100_GetUncompressSize
                0x00000000e17098f6       0x52 ./elibrary/bin//liblzma.a(az100.o)
                0x00000000e17098f6                AZ100_GetUncompressSize
 .text.AZ100_Uncompress
                0x00000000e1709948       0x24 ./elibrary/bin//liblzma.a(az100.o)
                0x00000000e1709948                AZ100_Uncompress
 .text.AZ100_DataUncompress
                0x00000000e170996c       0x26 ./elibrary/bin//liblzma.a(compress.o)
                0x00000000e170996c                AZ100_DataUncompress
 .text.SzFree   0x00000000e1709992        0x6 ./elibrary/bin//liblzma.a(LzmaLib.o)
 .text.SzAlloc  0x00000000e1709998        0x6 ./elibrary/bin//liblzma.a(LzmaLib.o)
 .text.LzmaUncompress
                0x00000000e170999e       0x20 ./elibrary/bin//liblzma.a(LzmaLib.o)
                0x00000000e170999e                LzmaUncompress
 .text.LzmaDec_WriteRem
                0x00000000e17099be       0x80 ./elibrary/bin//liblzma.a(LzmaDec.o)
 .text.LzmaDec_DecodeReal2
                0x00000000e1709a3e      0xc54 ./elibrary/bin//liblzma.a(LzmaDec.o)
 .text.LzmaDec_TryDummy
                0x00000000e170a692      0x500 ./elibrary/bin//liblzma.a(LzmaDec.o)
 .text.LzmaDec_Init
                0x00000000e170ab92       0x1a ./elibrary/bin//liblzma.a(LzmaDec.o)
                0x00000000e170ab92                LzmaDec_Init
 .text.LzmaDec_DecodeToDic
                0x00000000e170abac      0x26c ./elibrary/bin//liblzma.a(LzmaDec.o)
                0x00000000e170abac                LzmaDec_DecodeToDic
 .text.LzmaDec_FreeProbs
                0x00000000e170ae18       0x1c ./elibrary/bin//liblzma.a(LzmaDec.o)
                0x00000000e170ae18                LzmaDec_FreeProbs
 .text.LzmaDec_AllocateProbs2
                0x00000000e170ae34       0x58 ./elibrary/bin//liblzma.a(LzmaDec.o)
 .text.LzmaProps_Decode
                0x00000000e170ae8c       0x5c ./elibrary/bin//liblzma.a(LzmaDec.o)
                0x00000000e170ae8c                LzmaProps_Decode
 .text.LzmaDec_AllocateProbs
                0x00000000e170aee8       0x30 ./elibrary/bin//liblzma.a(LzmaDec.o)
                0x00000000e170aee8                LzmaDec_AllocateProbs
 .text.LzmaDecode
                0x00000000e170af18       0xaa ./elibrary/bin//liblzma.a(LzmaDec.o)
                0x00000000e170af18                LzmaDecode
 .text.eLIBs_vsnprintf
                0x00000000e170afc2        0xc ./elibrary/bin//libminic.a(elibs_sprintf.o)
                0x00000000e170afc2                eLIBs_vsnprintf
 .text.eLIBs_vscnprintf
                0x00000000e170afce       0x1c ./elibrary/bin//libminic.a(elibs_sprintf.o)
                0x00000000e170afce                eLIBs_vscnprintf
 .text.eLIBs_sprintf
                0x00000000e170afea       0x22 ./elibrary/bin//libminic.a(elibs_sprintf.o)
                0x00000000e170afea                eLIBs_sprintf
 .text.eLIBs_fopen
                0x00000000e170b00c        0x4 ./elibrary/bin//libminic.a(elibs_stdio.o)
                0x00000000e170b00c                eLIBs_fopen
 .text.eLIBs_fclose
                0x00000000e170b010        0x4 ./elibrary/bin//libminic.a(elibs_stdio.o)
                0x00000000e170b010                eLIBs_fclose
 .text.eLIBs_fread
                0x00000000e170b014        0x4 ./elibrary/bin//libminic.a(elibs_stdio.o)
                0x00000000e170b014                eLIBs_fread
 .text.eLIBs_ftell
                0x00000000e170b018        0x4 ./elibrary/bin//libminic.a(elibs_stdio.o)
                0x00000000e170b018                eLIBs_ftell
 .text.eLIBs_vprintf
                0x00000000e170b01c       0x42 ./elibrary/bin//libminic.a(elibs_stdio.o)
                0x00000000e170b01c                eLIBs_vprintf
 .text.eLIBs_printf
                0x00000000e170b05e       0x20 ./elibrary/bin//libminic.a(elibs_stdio.o)
                0x00000000e170b05e                eLIBs_printf
                0x00000000e170b05e                printk
 .text.eLIBs_fseek
                0x00000000e170b07e       0x5c ./elibrary/bin//libminic.a(elibs_stdio.o)
                0x00000000e170b07e                eLIBs_fseek
 .text.eLIBs_int2str_dec
                0x00000000e170b0da        0xc ./elibrary/bin//libminic.a(elibs_stdlib.o)
                0x00000000e170b0da                eLIBs_int2str_dec
 .text.eLIBs_malloc
                0x00000000e170b0e6        0xa ./elibrary/bin//libminic.a(elibs_stdlib.o)
                0x00000000e170b0e6                eLIBs_malloc
 .text.eLIBs_free
                0x00000000e170b0f0        0xc ./elibrary/bin//libminic.a(elibs_stdlib.o)
                0x00000000e170b0f0                eLIBs_free
 .text.eLIBs_strcpy
                0x00000000e170b0fc        0xc ./elibrary/bin//libminic.a(elibs_string.o)
                0x00000000e170b0fc                eLIBs_strcpy
 .text.eLIBs_strncpy
                0x00000000e170b108        0xc ./elibrary/bin//libminic.a(elibs_string.o)
                0x00000000e170b108                eLIBs_strncpy
 .text.eLIBs_strcat
                0x00000000e170b114        0xc ./elibrary/bin//libminic.a(elibs_string.o)
                0x00000000e170b114                eLIBs_strcat
 .text.eLIBs_strncmp
                0x00000000e170b120        0xc ./elibrary/bin//libminic.a(elibs_string.o)
                0x00000000e170b120                eLIBs_strncmp
 .text.eLIBs_strnicmp
                0x00000000e170b12c        0xc ./elibrary/bin//libminic.a(elibs_string.o)
                0x00000000e170b12c                eLIBs_strnicmp
 .text.eLIBs_memset
                0x00000000e170b138        0xc ./elibrary/bin//libminic.a(elibs_string.o)
                0x00000000e170b138                eLIBs_memset
 .text.eLIBs_memcpy
                0x00000000e170b144        0xc ./elibrary/bin//libminic.a(elibs_string.o)
                0x00000000e170b144                eLIBs_memcpy
 *(.stub)
 *(.gnu.warning)
 *(.gnu.linkonce.t*)
                0x00000000e170b150                . = ALIGN (0x4)
 *fill*         0x00000000e170b150        0x0 

.mod.rodata     0x00000000e170b150     0x1da0
 *(.rodata)
 .rodata        0x00000000e170b150       0x18 livedesk/beetles/init/headbar/gscene_headbar.o
 .rodata        0x00000000e170b168       0x18 livedesk/beetles/init/ui/dialog_scene/dialog_scene.o
 *(.rodata.*)
 .rodata._alarm_get_week_day.cst8
                0x00000000e170b180        0x8 livedesk/beetles/init/alarm/alarm_function.o
 .rodata.alarm_check_run.str1.8
                0x00000000e170b188        0x5 livedesk/beetles/init/alarm/alarm_function.o
 *fill*         0x00000000e170b18d        0x3 
 .rodata.__prog_bar_proc
                0x00000000e170b190       0x50 livedesk/beetles/init/headbar/prog_bar/prog_bar.o
 .rodata.__func__.18019
                0x00000000e170b1e0       0x12 livedesk/beetles/init/headbar/prog_bar/prog_bar.o
 *fill*         0x00000000e170b1f2        0x6 
 .rodata.__func__.18072
                0x00000000e170b1f8       0x13 livedesk/beetles/init/headbar/prog_bar/prog_bar.o
 *fill*         0x00000000e170b20b        0x5 
 .rodata.__func__.18101
                0x00000000e170b210       0x1e livedesk/beetles/init/headbar/prog_bar/prog_bar.o
 *fill*         0x00000000e170b22e        0x2 
 .rodata.__func__.18125
                0x00000000e170b230       0x1d livedesk/beetles/init/headbar/prog_bar/prog_bar.o
 *fill*         0x00000000e170b24d        0x3 
 .rodata.__func__.18136
                0x00000000e170b250       0x10 livedesk/beetles/init/headbar/prog_bar/prog_bar.o
 .rodata.__func__.18181
                0x00000000e170b260       0x20 livedesk/beetles/init/headbar/prog_bar/prog_bar.o
 .rodata.__func__.18194
                0x00000000e170b280       0x1b livedesk/beetles/init/headbar/prog_bar/prog_bar.o
 *fill*         0x00000000e170b29b        0x5 
 .rodata.__init_cmd2parent.part.1.str1.8
                0x00000000e170b2a0       0x2f livedesk/beetles/init/headbar/prog_bar/prog_bar.o
 *fill*         0x00000000e170b2cf        0x1 
 .rodata.__prog_bar_draw_bg.str1.8
                0x00000000e170b2d0       0x5c livedesk/beetles/init/headbar/prog_bar/prog_bar.o
 *fill*         0x00000000e170b32c        0x4 
 .rodata.__prog_bar_proc.str1.8
                0x00000000e170b330       0x32 livedesk/beetles/init/headbar/prog_bar/prog_bar.o
 *fill*         0x00000000e170b362        0x6 
 .rodata.init_prog_bar_scene_create.str1.8
                0x00000000e170b368       0x12 livedesk/beetles/init/headbar/prog_bar/prog_bar.o
 *fill*         0x00000000e170b37a        0x6 
 .rodata.init_prog_bar_scene_update_data.str1.8
                0x00000000e170b380       0x2b livedesk/beetles/init/headbar/prog_bar/prog_bar.o
 *fill*         0x00000000e170b3ab        0x5 
 .rodata.__FUNCTION__.18227
                0x00000000e170b3b0       0x19 livedesk/beetles/init/init_mod.o
 *fill*         0x00000000e170b3c9        0x7 
 .rodata.__func__.18078
                0x00000000e170b3d0       0x15 livedesk/beetles/init/init_mod.o
 *fill*         0x00000000e170b3e5        0x3 
 .rodata.__func__.18087
                0x00000000e170b3e8       0x13 livedesk/beetles/init/init_mod.o
 *fill*         0x00000000e170b3fb        0x5 
 .rodata.__func__.18105
                0x00000000e170b400       0x13 livedesk/beetles/init/init_mod.o
 *fill*         0x00000000e170b413        0x5 
 .rodata.__func__.18120
                0x00000000e170b418        0xc livedesk/beetles/init/init_mod.o
 *fill*         0x00000000e170b424        0x4 
 .rodata.__func__.18130
                0x00000000e170b428        0xd livedesk/beetles/init/init_mod.o
 *fill*         0x00000000e170b435        0x3 
 .rodata.__func__.18226
                0x00000000e170b438       0x19 livedesk/beetles/init/init_mod.o
 *fill*         0x00000000e170b451        0x7 
 .rodata._process_init.str1.8
                0x00000000e170b458       0x2f livedesk/beetles/init/init_mod.o
                                         0x37 (size before relaxing)
 *fill*         0x00000000e170b487        0x1 
 .rodata.application_init_process.str1.8
                0x00000000e170b488      0x229 livedesk/beetles/init/init_mod.o
 *fill*         0x00000000e170b6b1        0x7 
 .rodata.charge_scene_32bpp_layer_create.str1.8
                0x00000000e170b6b8       0x56 livedesk/beetles/init/init_mod.o
                                         0x6e (size before relaxing)
 *fill*         0x00000000e170b70e        0x2 
 .rodata.init_hook_cb.part.0.str1.8
                0x00000000e170b710       0x31 livedesk/beetles/init/init_mod.o
 *fill*         0x00000000e170b741        0x7 
 .rodata.init_memdev_create.str1.8
                0x00000000e170b748       0x63 livedesk/beetles/init/init_mod.o
 *fill*         0x00000000e170b7ab        0x5 
 .rodata.init_memdev_delete.str1.8
                0x00000000e170b7b0       0x33 livedesk/beetles/init/init_mod.o
 *fill*         0x00000000e170b7e3        0x5 
 .rodata.key_hook_cb.str1.8
                0x00000000e170b7e8       0x59 livedesk/beetles/init/init_mod.o
                                         0x71 (size before relaxing)
 *fill*         0x00000000e170b841        0x7 
 .rodata.shutdown_logo_show.str1.8
                0x00000000e170b848       0x6b livedesk/beetles/init/init_mod.o
 *fill*         0x00000000e170b8b3        0x5 
 .rodata.__func__.18140
                0x00000000e170b8b8       0x14 livedesk/beetles/init/headbar/gscene_headbar.o
 *fill*         0x00000000e170b8cc        0x4 
 .rodata.__func__.18150
                0x00000000e170b8d0       0x19 livedesk/beetles/init/headbar/gscene_headbar.o
 *fill*         0x00000000e170b8e9        0x7 
 .rodata.__func__.18160
                0x00000000e170b8f0       0x1e livedesk/beetles/init/headbar/gscene_headbar.o
 *fill*         0x00000000e170b90e        0x2 
 .rodata.__func__.18169
                0x00000000e170b910       0x19 livedesk/beetles/init/headbar/gscene_headbar.o
 *fill*         0x00000000e170b929        0x7 
 .rodata.__func__.18177
                0x00000000e170b930       0x15 livedesk/beetles/init/headbar/gscene_headbar.o
 *fill*         0x00000000e170b945        0x3 
 .rodata.__func__.18189
                0x00000000e170b948       0x1d livedesk/beetles/init/headbar/gscene_headbar.o
 *fill*         0x00000000e170b965        0x3 
 .rodata.__func__.18204
                0x00000000e170b968        0xe livedesk/beetles/init/headbar/gscene_headbar.o
 *fill*         0x00000000e170b976        0x2 
 .rodata.__func__.18304
                0x00000000e170b978       0x18 livedesk/beetles/init/headbar/gscene_headbar.o
 .rodata.__hbar_delete_subscene_by_id.str1.8
                0x00000000e170b990       0x39 livedesk/beetles/init/headbar/gscene_headbar.o
 *fill*         0x00000000e170b9c9        0x7 
 .rodata.__hbar_prog_scene_create.constprop.5.str1.8
                0x00000000e170b9d0       0x34 livedesk/beetles/init/headbar/gscene_headbar.o
                                         0x4c (size before relaxing)
 .rodata.__hbar_prog_scene_delete.str1.8
                0x00000000e170ba04       0x5b livedesk/beetles/init/headbar/gscene_headbar.o
 *fill*         0x00000000e170ba04        0x4 
 .rodata.cb_shbar_mwin.str1.8
                0x00000000e170ba08      0x128 livedesk/beetles/init/headbar/gscene_headbar.o
                                        0x12d (size before relaxing)
 .rodata.gscene_hbar_create.str1.8
                0x00000000e170bb30        0x8 livedesk/beetles/init/headbar/gscene_headbar.o
 .rodata.gscene_hbar_set_state.str1.8
                0x00000000e170bb38       0x39 livedesk/beetles/init/headbar/gscene_headbar.o
 *fill*         0x00000000e170bb71        0x7 
 .rodata.gscene_hbar_update_text.str1.8
                0x00000000e170bb78       0x33 livedesk/beetles/init/headbar/gscene_headbar.o
 *fill*         0x00000000e170bbab        0x5 
 .rodata.str1.8
                0x00000000e170bbb0        0xe livedesk/beetles/init/headbar/gscene_headbar.o
 *fill*         0x00000000e170bbbe        0x2 
 .rodata.headbar_on_paint_argb
                0x00000000e170bbc0       0x30 livedesk/beetles/init/headbar/headbar_com.o
 .rodata.APP_BMP_Draw.str1.8
                0x00000000e170bbf0       0x5c livedesk/beetles/init/headbar/headbar_com.o
 .rodata.CSWTCH.18
                0x00000000e170bbf0       0x10 livedesk/beetles/init/headbar/headbar_com.o
 .rodata.CSWTCH.19
                0x00000000e170bc00        0x5 livedesk/beetles/init/headbar/headbar_com.o
 *fill*         0x00000000e170bc05        0x3 
 .rodata.__func__.18239
                0x00000000e170bc08        0xd livedesk/beetles/init/headbar/headbar_com.o
 *fill*         0x00000000e170bc15        0x3 
 .rodata.__func__.18246
                0x00000000e170bc18       0x13 livedesk/beetles/init/headbar/headbar_com.o
 *fill*         0x00000000e170bc2b        0x5 
 .rodata.__func__.18386
                0x00000000e170bc30       0x14 livedesk/beetles/init/headbar/headbar_com.o
 *fill*         0x00000000e170bc44        0x4 
 .rodata.__func__.18450
                0x00000000e170bc48       0x13 livedesk/beetles/init/headbar/headbar_com.o
 *fill*         0x00000000e170bc5b        0x5 
 .rodata.cb_headbar_framewin.str1.8
                0x00000000e170bc60       0x4e livedesk/beetles/init/headbar/headbar_com.o
 *fill*         0x00000000e170bcae        0x2 
 .rodata.headbar_frm_create.str1.8
                0x00000000e170bcb0       0x3b livedesk/beetles/init/headbar/headbar_com.o
 *fill*         0x00000000e170bceb        0x5 
 .rodata.headbar_on_paint_argb.str1.8
                0x00000000e170bcf0        0x3 livedesk/beetles/init/headbar/headbar_com.o
 *fill*         0x00000000e170bcf3        0x5 
 .rodata.reset_headbar_data.str1.8
                0x00000000e170bcf8       0x6e livedesk/beetles/init/headbar/headbar_com.o
                                         0x86 (size before relaxing)
 *fill*         0x00000000e170bd66        0x2 
 .rodata.__func__.18099
                0x00000000e170bd68       0x14 livedesk/beetles/init/headbar/headbar_uipara.o
 *fill*         0x00000000e170bd7c        0x4 
 .rodata.headbar_init_uipara.str1.8
                0x00000000e170bd80       0x32 livedesk/beetles/init/headbar/headbar_uipara.o
                                         0x62 (size before relaxing)
 *fill*         0x00000000e170bdb2        0x6 
 .rodata.__func__.19807
                0x00000000e170bdb8        0xa livedesk/beetles/init/ui/init_server.o
 *fill*         0x00000000e170bdc2        0x6 
 .rodata.__func__.19812
                0x00000000e170bdc8        0xc livedesk/beetles/init/ui/init_server.o
 *fill*         0x00000000e170bdd4        0x4 
 .rodata.__func__.19920
                0x00000000e170bdd8       0x12 livedesk/beetles/init/ui/init_server.o
 *fill*         0x00000000e170bdea        0x6 
 .rodata.__func__.20006
                0x00000000e170bdf0       0x1a livedesk/beetles/init/ui/init_server.o
 *fill*         0x00000000e170be0a        0x6 
 .rodata.__func__.20026
                0x00000000e170be10        0xa livedesk/beetles/init/ui/init_server.o
 *fill*         0x00000000e170be1a        0x6 
 .rodata.__func__.20049
                0x00000000e170be20       0x10 livedesk/beetles/init/ui/init_server.o
 .rodata.init_close_screen.str1.8
                0x00000000e170be30       0x61 livedesk/beetles/init/ui/init_server.o
                                         0x79 (size before relaxing)
 *fill*         0x00000000e170be91        0x7 
 .rodata.init_lock.str1.8
                0x00000000e170be98       0x2c livedesk/beetles/init/ui/init_server.o
                                         0x5c (size before relaxing)
 *fill*         0x00000000e170bec4        0x4 
 .rodata.init_mainwin_cb.str1.8
                0x00000000e170bec8      0x22f livedesk/beetles/init/ui/init_server.o
                                        0x257 (size before relaxing)
 .rodata.init_mainwin_create.str1.8
                0x00000000e170c0f7        0x5 livedesk/beetles/init/ui/init_server.o
 *fill*         0x00000000e170c0f7        0x1 
 .rodata.str1.8
                0x00000000e170c0f8        0xf livedesk/beetles/init/ui/init_server.o
 *fill*         0x00000000e170c107        0x1 
 .rodata.INIT_MOpen.str1.8
                0x00000000e170c108       0x5f livedesk/beetles/init/mod_init.o
                                         0x8f (size before relaxing)
 *fill*         0x00000000e170c167        0x1 
 .rodata.__func__.17993
                0x00000000e170c168        0xb livedesk/beetles/init/mod_init.o
 *fill*         0x00000000e170c173        0x5 
 .rodata.__func__.18061
                0x00000000e170c178       0x10 livedesk/beetles/init/background/gscene_backgrd.o
 .rodata.__func__.18066
                0x00000000e170c188       0x1b livedesk/beetles/init/background/gscene_backgrd.o
 *fill*         0x00000000e170c1a3        0x5 
 .rodata.__func__.18091
                0x00000000e170c1a8       0x17 livedesk/beetles/init/background/gscene_backgrd.o
 *fill*         0x00000000e170c1bf        0x1 
 .rodata.__func__.18095
                0x00000000e170c1c0       0x13 livedesk/beetles/init/background/gscene_backgrd.o
 *fill*         0x00000000e170c1d3        0x5 
 .rodata.__func__.18118
                0x00000000e170c1d8       0x1c livedesk/beetles/init/background/gscene_backgrd.o
 *fill*         0x00000000e170c1f4        0x4 
 .rodata.__func__.18133
                0x00000000e170c1f8       0x19 livedesk/beetles/init/background/gscene_backgrd.o
 *fill*         0x00000000e170c211        0x7 
 .rodata.__func__.18139
                0x00000000e170c218       0x1b livedesk/beetles/init/background/gscene_backgrd.o
 *fill*         0x00000000e170c233        0x5 
 .rodata.gscene_bgd_get_default_file.str1.8
                0x00000000e170c238       0x33 livedesk/beetles/init/background/gscene_backgrd.o
 *fill*         0x00000000e170c26b        0x5 
 .rodata.gscene_bgd_get_setting_file.str1.8
                0x00000000e170c270        0x3 livedesk/beetles/init/background/gscene_backgrd.o
 *fill*         0x00000000e170c273        0x5 
 .rodata.gscene_bgd_init.str1.8
                0x00000000e170c278       0xe1 livedesk/beetles/init/background/gscene_backgrd.o
 *fill*         0x00000000e170c359        0x7 
 .rodata.gscene_bgd_is_file_exist.str1.8
                0x00000000e170c360       0x5d livedesk/beetles/init/background/gscene_backgrd.o
                                         0xad (size before relaxing)
 *fill*         0x00000000e170c3bd        0x3 
 .rodata.gscene_bgd_refresh.str1.8
                0x00000000e170c3c0       0x37 livedesk/beetles/init/background/gscene_backgrd.o
 *fill*         0x00000000e170c3f7        0x1 
 .rodata.gscene_bgd_set_fb_type.str1.8
                0x00000000e170c3f8       0x3b livedesk/beetles/init/background/gscene_backgrd.o
 *fill*         0x00000000e170c433        0x5 
 .rodata.gscene_bgd_set_status_show.str1.8
                0x00000000e170c438       0x26 livedesk/beetles/init/background/gscene_backgrd.o
 *fill*         0x00000000e170c45e        0x2 
 .rodata.gscene_bgd_update_filename.str1.8
                0x00000000e170c460       0x3f livedesk/beetles/init/background/gscene_backgrd.o
 *fill*         0x00000000e170c49f        0x1 
 .rodata.__func__.18061
                0x00000000e170c4a0        0xd livedesk/beetles/init/background/fb_lib/backlayer_lib.o
 *fill*         0x00000000e170c4ad        0x3 
 .rodata.__func__.18095
                0x00000000e170c4b0       0x15 livedesk/beetles/init/background/fb_lib/backlayer_lib.o
 *fill*         0x00000000e170c4c5        0x3 
 .rodata.__func__.18109
                0x00000000e170c4c8       0x15 livedesk/beetles/init/background/fb_lib/backlayer_lib.o
 *fill*         0x00000000e170c4dd        0x3 
 .rodata.__func__.18123
                0x00000000e170c4e0       0x11 livedesk/beetles/init/background/fb_lib/backlayer_lib.o
 *fill*         0x00000000e170c4f1        0x7 
 .rodata.__func__.18140
                0x00000000e170c4f8        0xe livedesk/beetles/init/background/fb_lib/backlayer_lib.o
 *fill*         0x00000000e170c506        0x2 
 .rodata.backlayer_set_fb.str1.8
                0x00000000e170c508       0x38 livedesk/beetles/init/background/fb_lib/backlayer_lib.o
 .rodata.backlayer_set_fb_bmp.str1.8
                0x00000000e170c540       0x87 livedesk/beetles/init/background/fb_lib/backlayer_lib.o
 *fill*         0x00000000e170c5c7        0x1 
 .rodata.backlayer_set_fb_jpg.str1.8
                0x00000000e170c5c8      0x1a8 livedesk/beetles/init/background/fb_lib/backlayer_lib.o
                                        0x1e0 (size before relaxing)
 .rodata.get_logo_mode.str1.8
                0x00000000e170c770       0x4e livedesk/beetles/init/background/fb_lib/backlayer_lib.o
                                         0x66 (size before relaxing)
 *fill*         0x00000000e170c7be        0x2 
 .rodata.__func__.18032
                0x00000000e170c7c0        0xf livedesk/beetles/init/background/fb_lib/fb_file.o
 *fill*         0x00000000e170c7cf        0x1 
 .rodata.__func__.18046
                0x00000000e170c7d0        0xb livedesk/beetles/init/background/fb_lib/fb_file.o
 *fill*         0x00000000e170c7db        0x5 
 .rodata.__func__.18085
                0x00000000e170c7e0       0x11 livedesk/beetles/init/background/fb_lib/fb_file.o
 *fill*         0x00000000e170c7f1        0x7 
 .rodata.convert_fb.str1.8
                0x00000000e170c7f8       0x30 livedesk/beetles/init/background/fb_lib/fb_file.o
                                         0x48 (size before relaxing)
 .rodata.create_fb_file.str1.8
                0x00000000e170c828       0x37 livedesk/beetles/init/background/fb_lib/fb_file.o
                                         0x67 (size before relaxing)
 *fill*         0x00000000e170c85f        0x1 
 .rodata.get_fb_from_file.str1.8
                0x00000000e170c860      0x1c5 livedesk/beetles/init/background/fb_lib/fb_file.o
                                        0x1cd (size before relaxing)
 *fill*         0x00000000e170ca25        0x3 
 .rodata.bookengine_open.str1.8
                0x00000000e170ca28       0x16 livedesk/beetles/init/bookengine/bookengine.o
 .rodata.g_enable_close_scn.str1.8
                0x00000000e170ca3e        0x5 livedesk/beetles/init/display/g_close_screen.o
 *fill*         0x00000000e170ca3e        0x2 
 .rodata.__func__.18006
                0x00000000e170ca40       0x10 livedesk/beetles/init/display/g_display_switch_output.o
 .rodata.__func__.18011
                0x00000000e170ca50       0x18 livedesk/beetles/init/display/g_display_switch_output.o
 .rodata.__switch_output.str1.8
                0x00000000e170ca68       0x4b livedesk/beetles/init/display/g_display_switch_output.o
                                         0x7b (size before relaxing)
 *fill*         0x00000000e170cab3        0x5 
 .rodata.g_display_switch_output.str1.8
                0x00000000e170cab8       0xac livedesk/beetles/init/display/g_display_switch_output.o
                                         0xcc (size before relaxing)
 *fill*         0x00000000e170cb64        0x4 
 .rodata.__func__.18038
                0x00000000e170cb68       0x10 livedesk/beetles/init/mini_music/mini_music.o
 .rodata.mini_music_open.str1.8
                0x00000000e170cb78       0x23 livedesk/beetles/init/mini_music/mini_music.o
                                         0x53 (size before relaxing)
 *fill*         0x00000000e170cb9b        0x5 
 .rodata.tpdrv_open.str1.8
                0x00000000e170cba0        0xf livedesk/beetles/init/tp_adjust/tp_adjust.o
 *fill*         0x00000000e170cbaf        0x1 
 .rodata.__func__.17996
                0x00000000e170cbb0        0xa livedesk/beetles/init/ui/live_init.o
 *fill*         0x00000000e170cbba        0x6 
 .rodata.live_init.str1.8
                0x00000000e170cbc0       0xca livedesk/beetles/init/ui/live_init.o
                                        0x129 (size before relaxing)
 *fill*         0x00000000e170cc8a        0x2 
 .rodata.scene_on_dialog
                0x00000000e170cc8c       0x18 livedesk/beetles/init/ui/dialog_scene/dialog_scene.o
 *fill*         0x00000000e170cca4        0x4 
 .rodata.__func__.18074
                0x00000000e170cca8       0x1a livedesk/beetles/init/ui/dialog_scene/dialog_scene.o
 *fill*         0x00000000e170ccc2        0x6 
 .rodata.__func__.18092
                0x00000000e170ccc8       0x16 livedesk/beetles/init/ui/dialog_scene/dialog_scene.o
 *fill*         0x00000000e170ccde        0x2 
 .rodata.dialog_frm_win_create.str1.8
                0x00000000e170cce0       0x3c livedesk/beetles/init/ui/dialog_scene/dialog_scene.o
 *fill*         0x00000000e170cd1c        0x4 
 .rodata.scene_dialog_layer_create.str1.8
                0x00000000e170cd20       0x38 livedesk/beetles/init/ui/dialog_scene/dialog_scene.o
                                         0x68 (size before relaxing)
 .rodata.str1.8
                0x00000000e170cd58        0xd livedesk/beetles/init/ui/dialog_scene/dialog_scene.o
 *fill*         0x00000000e170cd65        0x3 
 .rodata.cb_progress_dialog
                0x00000000e170cd68       0x4c livedesk/beetles/init/ui/dialog_scene/progress_dialog.o
 *fill*         0x00000000e170cdb4        0x4 
 .rodata.__func__.17998
                0x00000000e170cdb8       0x15 livedesk/beetles/init/ui/dialog_scene/progress_dialog.o
 *fill*         0x00000000e170cdcd        0x3 
 .rodata.__func__.18034
                0x00000000e170cdd0       0x17 livedesk/beetles/init/ui/dialog_scene/progress_dialog.o
 *fill*         0x00000000e170cde7        0x1 
 .rodata.cb_progress_dialog.cst8
                0x00000000e170cde8        0x8 livedesk/beetles/init/ui/dialog_scene/progress_dialog.o
 .rodata.progress_dialog_create.str1.8
                0x00000000e170cdf0       0x71 livedesk/beetles/init/ui/dialog_scene/progress_dialog.o
                                         0xa1 (size before relaxing)
 *fill*         0x00000000e170ce61        0x7 
 .rodata.__frmwin_proc.str1.8
                0x00000000e170ce68       0x2f livedesk/beetles/init/ui/tp_adjust_scene/scene_adjust.o
                                         0x77 (size before relaxing)
 *fill*         0x00000000e170ce97        0x1 
 .rodata.__func__.18064
                0x00000000e170ce98        0xe livedesk/beetles/init/ui/tp_adjust_scene/scene_adjust.o
 *fill*         0x00000000e170cea6        0x2 
 .rodata.AZ100_IsCompress.str1.8
                0x00000000e170cea8        0x5 ./elibrary/bin//liblzma.a(az100.o)
 *fill*         0x00000000e170cead        0x3 
 .rodata.__func__.6248
                0x00000000e170ceb0        0xc ./elibrary/bin//libminic.a(elibs_stdio.o)
 *fill*         0x00000000e170cebc        0x4 
 .rodata.eLIBs_fseek.str1.8
                0x00000000e170cec0       0x30 ./elibrary/bin//libminic.a(elibs_stdio.o)
                                         0x60 (size before relaxing)
 *(.gnu.linkonce.r*)
                0x00000000e170cef0                . = ALIGN (0x4)

.mod.data       0x00000000e170cef0     0x1718
 *(.data)
 .data          0x00000000e170cef0      0x750 /home/yuzuki/WorkSpace/melis-v3.0/melis-4.x-release/toolchain/riscv64-elf-x86_64-20201104/bin/../lib/gcc/riscv64-unknown-elf/8.4.0/../../../../riscv64-unknown-elf/lib/rv64imafdcxtheadc/lp64d/libc.a(lib_a-impure.o)
                0x00000000e170cef0                _impure_ptr
 *(.data.*)
 .data.alarm_happen_index
                0x00000000e170d640        0x2 livedesk/beetles/init/alarm/alarm_function.o
 *fill*         0x00000000e170d642        0x2 
 .data.last_key.18142
                0x00000000e170d644        0x4 livedesk/beetles/init/headbar/prog_bar/prog_bar.o
 .data.uipara_480_272
                0x00000000e170d648      0x140 livedesk/beetles/init/headbar/prog_bar/prog_bar_ui.o
 .data.uipara_720_576
                0x00000000e170d788      0x140 livedesk/beetles/init/headbar/prog_bar/prog_bar_ui.o
 .data.uipara_800_480
                0x00000000e170d8c8      0x140 livedesk/beetles/init/headbar/prog_bar/prog_bar_ui.o
 .data.g_b_enable_standby
                0x00000000e170da08        0x1 livedesk/beetles/init/ui/init_server.o
 .data.old_vol_level.19970
                0x00000000e170da09        0x1 livedesk/beetles/init/ui/init_server.o
 *fill*         0x00000000e170da0a        0x6 
 .data.scene_uipara_400_240
                0x00000000e170da10      0x3f4 livedesk/beetles/init/ui/tp_adjust_scene/scene_adjust_uipara.o
 *fill*         0x00000000e170de04        0x4 
 .data.scene_uipara_480_272
                0x00000000e170de08      0x3f4 livedesk/beetles/init/ui/tp_adjust_scene/scene_adjust_uipara.o
 *fill*         0x00000000e170e1fc        0x4 
 .data.scene_uipara_800_480
                0x00000000e170e200      0x3f4 livedesk/beetles/init/ui/tp_adjust_scene/scene_adjust_uipara.o
 *fill*         0x00000000e170e5f4        0x4 
 .data.g_Alloc  0x00000000e170e5f8       0x10 ./elibrary/bin//liblzma.a(LzmaLib.o)
 *(.gnu.linkonce.d.*)
 *(.sdata)
 *(.sdata.*)
 *(.gnu.linkonce.s.*)
 *(.sdata2)
 *(.sdata2.*)
 *(.gnu.linkonce.s2.*)
                0x00000000e170e608                . = ALIGN (0x4)

.mod.bss        0x00000000e170e608      0xce8
                0x00000000e170e608                __bss_start = ABSOLUTE (.)
 *(.bss)
 *(.bss.*)
 .bss.alarm_happen_timeCnt
                0x00000000e170e608        0x4 livedesk/beetles/init/alarm/alarm_function.o
 *fill*         0x00000000e170e60c        0x4 
 .bss.alarm_hdle
                0x00000000e170e610        0x8 livedesk/beetles/init/alarm/alarm_function.o
 .bss.alarm_is_happen
                0x00000000e170e618        0x3 livedesk/beetles/init/alarm/alarm_function.o
 .bss.alarm_is_open_to_app
                0x00000000e170e61b        0x1 livedesk/beetles/init/alarm/alarm_function.o
 .bss.touch_down_is_valid.18157
                0x00000000e170e61c        0x1 livedesk/beetles/init/headbar/prog_bar/prog_bar.o
 *fill*         0x00000000e170e61d        0x3 
 .bss.ModDBMS   0x00000000e170e620        0x8 livedesk/beetles/init/init_mod.o
 .bss.ModDBMSID
                0x00000000e170e628        0x4 livedesk/beetles/init/init_mod.o
 .bss.g_memdev_hdl
                0x00000000e170e62c        0x2 livedesk/beetles/init/init_mod.o
 *fill*         0x00000000e170e62e        0x2 
 .bss.init_mainwin
                0x00000000e170e630        0x8 livedesk/beetles/init/init_mod.o
 .bss.mid.18102
                0x00000000e170e638        0x4 livedesk/beetles/init/init_mod.o
 *fill*         0x00000000e170e63c        0x4 
 .bss.mp.18103  0x00000000e170e640        0x8 livedesk/beetles/init/init_mod.o
 .bss.g_music_state
                0x00000000e170e648        0x4 livedesk/beetles/init/headbar/gscene_headbar.o
 *fill*         0x00000000e170e64c        0x4 
 .bss.headbar_win
                0x00000000e170e650        0x8 livedesk/beetles/init/headbar/gscene_headbar.o
                0x00000000e170e650                headbar_win
 .bss.cur_charge_showing_vol.18345
                0x00000000e170e658        0x4 livedesk/beetles/init/headbar/headbar_com.o
 .bss.g_enable_paint_signal
                0x00000000e170e65c        0x1 livedesk/beetles/init/headbar/headbar_com.o
 *fill*         0x00000000e170e65d        0x3 
 .bss.FONT16    0x00000000e170e660        0x8 livedesk/beetles/init/headbar/headbar_uipara.o
                0x00000000e170e660                FONT16
 .bss.headbar_uipara
                0x00000000e170e668      0x7f8 livedesk/beetles/init/headbar/headbar_uipara.o
                0x00000000e170e668                headbar_uipara
 .bss.Init_reg_para
                0x00000000e170ee60        0x8 livedesk/beetles/init/ui/init_server.o
 .bss.init_com  0x00000000e170ee68        0x8 livedesk/beetles/init/ui/init_server.o
                0x00000000e170ee68                init_com
 .bss.is_close_screen
                0x00000000e170ee70        0x1 livedesk/beetles/init/ui/init_server.o
 .bss.old_charge_state.19971
                0x00000000e170ee71        0x1 livedesk/beetles/init/ui/init_server.o
 *fill*         0x00000000e170ee72        0x6 
 .bss.init_data
                0x00000000e170ee78        0x8 livedesk/beetles/init/mod_init.o
                0x00000000e170ee78                init_data
 .bss.bgd_com   0x00000000e170ee80        0x8 livedesk/beetles/init/background/gscene_backgrd.o
 .bss.bk_flag.18071
                0x00000000e170ee88        0x4 livedesk/beetles/init/background/fb_lib/backlayer_lib.o
 .bss.bk_mode   0x00000000e170ee8c        0x4 livedesk/beetles/init/background/fb_lib/backlayer_lib.o
 .bss.jpeg_info
                0x00000000e170ee90        0x8 livedesk/beetles/init/background/fb_lib/backlayer_lib.o
 .bss.release_flag.18121
                0x00000000e170ee98        0x4 livedesk/beetles/init/background/fb_lib/backlayer_lib.o
 .bss.bookengine_mid
                0x00000000e170ee9c        0x1 livedesk/beetles/init/bookengine/bookengine.o
 *fill*         0x00000000e170ee9d        0x3 
 .bss.bookengine_mod
                0x00000000e170eea0        0x8 livedesk/beetles/init/bookengine/bookengine.o
 .bss.pc11_hdl  0x00000000e170eea8        0x8 livedesk/beetles/init/display/g_display_switch_output.o
 .bss.LCD_HEIGHT
                0x00000000e170eeb0        0x4 livedesk/beetles/init/ui/live_init.o
                0x00000000e170eeb0                LCD_HEIGHT
 .bss.LCD_WIDTH
                0x00000000e170eeb4        0x4 livedesk/beetles/init/ui/live_init.o
                0x00000000e170eeb4                LCD_WIDTH
 .bss.SWFFont   0x00000000e170eeb8        0x8 livedesk/beetles/init/ui/live_init.o
                0x00000000e170eeb8                SWFFont
 .bss.dialog_uipara
                0x00000000e170eec0       0x2c livedesk/beetles/init/ui/dialog_scene/dialog_uipara.o
                0x00000000e170eec0                dialog_uipara
 *fill*         0x00000000e170eeec        0x4 
 .bss.buffer.6522
                0x00000000e170eef0      0x400 ./elibrary/bin//libminic.a(elibs_stdio.o)
 *(.gnu.linkonce.b.*)
 *(.sbss)
 *(.sbss.*)
 *(.gnu.linkonce.sb.*)
 *(.sbss2)
 *(.sbss2.*)
 *(.gnu.linkonce.sb2.*)
 *(COMMON)
 *(.scommon)
                0x00000000e170f2f0                . = ALIGN (0x4)
                0x00000000e170f2f0                __bss_end = ABSOLUTE (.)
                0x00000000e170f2f0                _end = ABSOLUTE (.)

MAGIC           0x00000000ffff0000       0x50
 *.o(.magic)
 .magic         0x00000000ffff0000       0x50 livedesk/beetles/init/magic.o
                0x00000000ffff0000                modinfo_init

.note
 *(.note)

.stab
 *(.stab)

.stabstr
 *(.stabstr)

.stab.excl
 *(.stab.excl)

.stab.exclstr
 *(.stab.exclstr)

.stab.index
 *(.stab.index)

.stab.indexstr
 *(.stab.indexstr)

.mdebug
 *(.mdebug)

.reginfo
 *(.reginfo)

.comment        0x0000000000000000       0x32
 *(.comment)
 .comment       0x0000000000000000       0x32 livedesk/beetles/init/alarm/alarm_function.o
                                         0x33 (size before relaxing)
 .comment       0x0000000000000032       0x33 livedesk/beetles/init/headbar/prog_bar/prog_bar.o
 .comment       0x0000000000000032       0x33 livedesk/beetles/init/headbar/prog_bar/prog_bar_ui.o
 .comment       0x0000000000000032       0x33 livedesk/beetles/init/init_mod.o
 .comment       0x0000000000000032       0x33 livedesk/beetles/init/headbar/gscene_headbar.o
 .comment       0x0000000000000032       0x33 livedesk/beetles/init/headbar/headbar_com.o
 .comment       0x0000000000000032       0x33 livedesk/beetles/init/headbar/headbar_uipara.o
 .comment       0x0000000000000032       0x33 livedesk/beetles/init/ui/init_server.o
 .comment       0x0000000000000032       0x33 livedesk/beetles/init/init_api.o
 .comment       0x0000000000000032       0x33 livedesk/beetles/init/mod_init.o
 .comment       0x0000000000000032       0x33 livedesk/beetles/init/magic.o
 .comment       0x0000000000000032       0x33 livedesk/beetles/init/background/gscene_backgrd.o
 .comment       0x0000000000000032       0x33 livedesk/beetles/init/background/fb_lib/backlayer_lib.o
 .comment       0x0000000000000032       0x33 livedesk/beetles/init/background/fb_lib/fb_file.o
 .comment       0x0000000000000032       0x33 livedesk/beetles/init/bookengine/bookengine.o
 .comment       0x0000000000000032       0x33 livedesk/beetles/init/display/g_close_screen.o
 .comment       0x0000000000000032       0x33 livedesk/beetles/init/display/g_display_switch_output.o
 .comment       0x0000000000000032       0x33 livedesk/beetles/init/mini_music/mini_music.o
 .comment       0x0000000000000032       0x33 livedesk/beetles/init/tp_adjust/tp_adjust.o
 .comment       0x0000000000000032       0x33 livedesk/beetles/init/ui/live_init.o
 .comment       0x0000000000000032       0x33 livedesk/beetles/init/ui/dialog_scene/dialog_scene.o
 .comment       0x0000000000000032       0x33 livedesk/beetles/init/ui/dialog_scene/dialog_uipara.o
 .comment       0x0000000000000032       0x33 livedesk/beetles/init/ui/dialog_scene/progress_dialog.o
 .comment       0x0000000000000032       0x33 livedesk/beetles/init/ui/tp_adjust_scene/scene_adjust.o
 .comment       0x0000000000000032       0x33 livedesk/beetles/init/ui/tp_adjust_scene/scene_adjust_uipara.o
 .comment       0x0000000000000032       0x33 ./elibrary/bin//libsyscall.a(syscall.o)
 .comment       0x0000000000000032       0x33 ./elibrary/bin//libsyscall.a(syscall_fops.o)
 .comment       0x0000000000000032       0x33 ./elibrary/bin//liblzma.a(az100.o)
 .comment       0x0000000000000032       0x33 ./elibrary/bin//liblzma.a(compress.o)
 .comment       0x0000000000000032       0x33 ./elibrary/bin//liblzma.a(LzmaLib.o)
 .comment       0x0000000000000032       0x33 ./elibrary/bin//liblzma.a(LzmaDec.o)
 .comment       0x0000000000000032       0x33 ./elibrary/bin//libminic.a(elibs_sprintf.o)
 .comment       0x0000000000000032       0x33 ./elibrary/bin//libminic.a(elibs_stdio.o)
 .comment       0x0000000000000032       0x33 ./elibrary/bin//libminic.a(elibs_stdlib.o)
 .comment       0x0000000000000032       0x33 ./elibrary/bin//libminic.a(elibs_string.o)
 .comment       0x0000000000000032       0x33 /home/yuzuki/WorkSpace/melis-v3.0/melis-4.x-release/toolchain/riscv64-elf-x86_64-20201104/bin/../lib/gcc/riscv64-unknown-elf/8.4.0/../../../../riscv64-unknown-elf/lib/rv64imafdcxtheadc/lp64d/libc.a(lib_a-memcpy.o)
 .comment       0x0000000000000032       0x33 /home/yuzuki/WorkSpace/melis-v3.0/melis-4.x-release/toolchain/riscv64-elf-x86_64-20201104/bin/../lib/gcc/riscv64-unknown-elf/8.4.0/../../../../riscv64-unknown-elf/lib/rv64imafdcxtheadc/lp64d/libc.a(lib_a-sysclose.o)
 .comment       0x0000000000000032       0x33 /home/yuzuki/WorkSpace/melis-v3.0/melis-4.x-release/toolchain/riscv64-elf-x86_64-20201104/bin/../lib/gcc/riscv64-unknown-elf/8.4.0/../../../../riscv64-unknown-elf/lib/rv64imafdcxtheadc/lp64d/libc.a(lib_a-sysopen.o)
 .comment       0x0000000000000032       0x33 /home/yuzuki/WorkSpace/melis-v3.0/melis-4.x-release/toolchain/riscv64-elf-x86_64-20201104/bin/../lib/gcc/riscv64-unknown-elf/8.4.0/../../../../riscv64-unknown-elf/lib/rv64imafdcxtheadc/lp64d/libc.a(lib_a-impure.o)

.ARM.attributes
 *(.ARM.attributes)

.riscv.attributes
                0x0000000000000000       0x48
 *(.riscv.attributes)
 .riscv.attributes
                0x0000000000000000       0x3d livedesk/beetles/init/alarm/alarm_function.o
 .riscv.attributes
                0x000000000000003d       0x3d livedesk/beetles/init/headbar/prog_bar/prog_bar.o
 .riscv.attributes
                0x000000000000007a       0x3d livedesk/beetles/init/headbar/prog_bar/prog_bar_ui.o
 .riscv.attributes
                0x00000000000000b7       0x3d livedesk/beetles/init/init_mod.o
 .riscv.attributes
                0x00000000000000f4       0x3d livedesk/beetles/init/headbar/gscene_headbar.o
 .riscv.attributes
                0x0000000000000131       0x3d livedesk/beetles/init/headbar/headbar_com.o
 .riscv.attributes
                0x000000000000016e       0x3d livedesk/beetles/init/headbar/headbar_uipara.o
 .riscv.attributes
                0x00000000000001ab       0x3d livedesk/beetles/init/ui/init_server.o
 .riscv.attributes
                0x00000000000001e8       0x3d livedesk/beetles/init/init_api.o
 .riscv.attributes
                0x0000000000000225       0x3d livedesk/beetles/init/mod_init.o
 .riscv.attributes
                0x0000000000000262       0x3d livedesk/beetles/init/magic.o
 .riscv.attributes
                0x000000000000029f       0x3d livedesk/beetles/init/background/gscene_backgrd.o
 .riscv.attributes
                0x00000000000002dc       0x3d livedesk/beetles/init/background/fb_lib/backlayer_lib.o
 .riscv.attributes
                0x0000000000000319       0x3d livedesk/beetles/init/background/fb_lib/fb_file.o
 .riscv.attributes
                0x0000000000000356       0x3d livedesk/beetles/init/bookengine/bookengine.o
 .riscv.attributes
                0x0000000000000393       0x3d livedesk/beetles/init/display/g_close_screen.o
 .riscv.attributes
                0x00000000000003d0       0x3d livedesk/beetles/init/display/g_display_switch_output.o
 .riscv.attributes
                0x000000000000040d       0x3d livedesk/beetles/init/mini_music/mini_music.o
 .riscv.attributes
                0x000000000000044a       0x3d livedesk/beetles/init/tp_adjust/tp_adjust.o
 .riscv.attributes
                0x0000000000000487       0x3d livedesk/beetles/init/ui/live_init.o
 .riscv.attributes
                0x00000000000004c4       0x3d livedesk/beetles/init/ui/dialog_scene/dialog_scene.o
 .riscv.attributes
                0x0000000000000501       0x3d livedesk/beetles/init/ui/dialog_scene/dialog_uipara.o
 .riscv.attributes
                0x000000000000053e       0x3d livedesk/beetles/init/ui/dialog_scene/progress_dialog.o
 .riscv.attributes
                0x000000000000057b       0x3d livedesk/beetles/init/ui/tp_adjust_scene/scene_adjust.o
 .riscv.attributes
                0x00000000000005b8       0x3d livedesk/beetles/init/ui/tp_adjust_scene/scene_adjust_uipara.o
 .riscv.attributes
                0x00000000000005f5       0x3d ./elibrary/bin//libsyscall.a(syscall.o)
 .riscv.attributes
                0x0000000000000632       0x3d ./elibrary/bin//libsyscall.a(syscall_fops.o)
 .riscv.attributes
                0x000000000000066f       0x3d ./elibrary/bin//liblzma.a(az100.o)
 .riscv.attributes
                0x00000000000006ac       0x3d ./elibrary/bin//liblzma.a(compress.o)
 .riscv.attributes
                0x00000000000006e9       0x3d ./elibrary/bin//liblzma.a(LzmaLib.o)
 .riscv.attributes
                0x0000000000000726       0x3d ./elibrary/bin//liblzma.a(LzmaDec.o)
 .riscv.attributes
                0x0000000000000763       0x3d ./elibrary/bin//libminic.a(elibs_sprintf.o)
 .riscv.attributes
                0x00000000000007a0       0x3d ./elibrary/bin//libminic.a(elibs_stdio.o)
 .riscv.attributes
                0x00000000000007dd       0x3d ./elibrary/bin//libminic.a(elibs_stdlib.o)
 .riscv.attributes
                0x000000000000081a       0x3d ./elibrary/bin//libminic.a(elibs_string.o)
 .riscv.attributes
                0x0000000000000857       0x3e /home/yuzuki/WorkSpace/melis-v3.0/melis-4.x-release/toolchain/riscv64-elf-x86_64-20201104/bin/../lib/gcc/riscv64-unknown-elf/8.4.0/../../../../riscv64-unknown-elf/lib/rv64imafdcxtheadc/lp64d/libc.a(lib_a-memcpy.o)
 .riscv.attributes
                0x0000000000000895       0x3e /home/yuzuki/WorkSpace/melis-v3.0/melis-4.x-release/toolchain/riscv64-elf-x86_64-20201104/bin/../lib/gcc/riscv64-unknown-elf/8.4.0/../../../../riscv64-unknown-elf/lib/rv64imafdcxtheadc/lp64d/libc.a(lib_a-memset.o)
 .riscv.attributes
                0x00000000000008d3       0x3e /home/yuzuki/WorkSpace/melis-v3.0/melis-4.x-release/toolchain/riscv64-elf-x86_64-20201104/bin/../lib/gcc/riscv64-unknown-elf/8.4.0/../../../../riscv64-unknown-elf/lib/rv64imafdcxtheadc/lp64d/libc.a(lib_a-sysclose.o)
 .riscv.attributes
                0x0000000000000911       0x3e /home/yuzuki/WorkSpace/melis-v3.0/melis-4.x-release/toolchain/riscv64-elf-x86_64-20201104/bin/../lib/gcc/riscv64-unknown-elf/8.4.0/../../../../riscv64-unknown-elf/lib/rv64imafdcxtheadc/lp64d/libc.a(lib_a-sysopen.o)
 .riscv.attributes
                0x000000000000094f       0x3e /home/yuzuki/WorkSpace/melis-v3.0/melis-4.x-release/toolchain/riscv64-elf-x86_64-20201104/bin/../lib/gcc/riscv64-unknown-elf/8.4.0/../../../../riscv64-unknown-elf/lib/rv64imafdcxtheadc/lp64d/libc.a(lib_a-impure.o)

/DISCARD/
 *(.note.GNU-stack)
 *(.ARM.exidx* .gnu.linkonce.armexidx.*)
OUTPUT(livedesk/beetles/init/init.o elf64-littleriscv)

.debug_info     0x0000000000000000    0xd027f
 .debug_info    0x0000000000000000     0xaac7 livedesk/beetles/init/alarm/alarm_function.o
 .debug_info    0x000000000000aac7     0xb196 livedesk/beetles/init/headbar/prog_bar/prog_bar.o
 .debug_info    0x0000000000015c5d     0x4ff6 livedesk/beetles/init/headbar/prog_bar/prog_bar_ui.o
 .debug_info    0x000000000001ac53     0xb23a livedesk/beetles/init/init_mod.o
 .debug_info    0x0000000000025e8d     0xb117 livedesk/beetles/init/headbar/gscene_headbar.o
 .debug_info    0x0000000000030fa4     0xb6df livedesk/beetles/init/headbar/headbar_com.o
 .debug_info    0x000000000003c683     0x51f0 livedesk/beetles/init/headbar/headbar_uipara.o
 .debug_info    0x0000000000041873     0xc807 livedesk/beetles/init/ui/init_server.o
 .debug_info    0x000000000004e07a     0x2cd6 livedesk/beetles/init/init_api.o
 .debug_info    0x0000000000050d50     0x4f61 livedesk/beetles/init/mod_init.o
 .debug_info    0x0000000000055cb1     0x21a3 livedesk/beetles/init/magic.o
 .debug_info    0x0000000000057e54     0x5950 livedesk/beetles/init/background/gscene_backgrd.o
 .debug_info    0x000000000005d7a4     0x7ca3 livedesk/beetles/init/background/fb_lib/backlayer_lib.o
 .debug_info    0x0000000000065447     0x2c0d livedesk/beetles/init/background/fb_lib/fb_file.o
 .debug_info    0x0000000000068054     0x2060 livedesk/beetles/init/bookengine/bookengine.o
 .debug_info    0x000000000006a0b4     0x761a livedesk/beetles/init/display/g_close_screen.o
 .debug_info    0x00000000000716ce     0xa9d2 livedesk/beetles/init/display/g_display_switch_output.o
 .debug_info    0x000000000007c0a0     0x1fc2 livedesk/beetles/init/mini_music/mini_music.o
 .debug_info    0x000000000007e062     0x2003 livedesk/beetles/init/tp_adjust/tp_adjust.o
 .debug_info    0x0000000000080065     0xa410 livedesk/beetles/init/ui/live_init.o
 .debug_info    0x000000000008a475     0xa275 livedesk/beetles/init/ui/dialog_scene/dialog_scene.o
 .debug_info    0x00000000000946ea     0x4e9d livedesk/beetles/init/ui/dialog_scene/dialog_uipara.o
 .debug_info    0x0000000000099587     0xa1b4 livedesk/beetles/init/ui/dialog_scene/progress_dialog.o
 .debug_info    0x00000000000a373b     0xa44f livedesk/beetles/init/ui/tp_adjust_scene/scene_adjust.o
 .debug_info    0x00000000000adb8a     0x4ef7 livedesk/beetles/init/ui/tp_adjust_scene/scene_adjust_uipara.o
 .debug_info    0x00000000000b2a81    0x12385 ./elibrary/bin//libsyscall.a(syscall.o)
 .debug_info    0x00000000000c4e06     0x2d27 ./elibrary/bin//libsyscall.a(syscall_fops.o)
 .debug_info    0x00000000000c7b2d      0xf37 ./elibrary/bin//liblzma.a(az100.o)
 .debug_info    0x00000000000c8a64      0x13f ./elibrary/bin//liblzma.a(compress.o)
 .debug_info    0x00000000000c8ba3      0x271 ./elibrary/bin//liblzma.a(LzmaLib.o)
 .debug_info    0x00000000000c8e14     0x1e78 ./elibrary/bin//liblzma.a(LzmaDec.o)
 .debug_info    0x00000000000cac8c      0x7d2 ./elibrary/bin//libminic.a(elibs_sprintf.o)
 .debug_info    0x00000000000cb45e     0x2bb0 ./elibrary/bin//libminic.a(elibs_stdio.o)
 .debug_info    0x00000000000ce00e     0x1748 ./elibrary/bin//libminic.a(elibs_stdlib.o)
 .debug_info    0x00000000000cf756      0xb29 ./elibrary/bin//libminic.a(elibs_string.o)

.debug_abbrev   0x0000000000000000     0x71c8
 .debug_abbrev  0x0000000000000000      0x487 livedesk/beetles/init/alarm/alarm_function.o
 .debug_abbrev  0x0000000000000487      0x4b0 livedesk/beetles/init/headbar/prog_bar/prog_bar.o
 .debug_abbrev  0x0000000000000937      0x2b2 livedesk/beetles/init/headbar/prog_bar/prog_bar_ui.o
 .debug_abbrev  0x0000000000000be9      0x52c livedesk/beetles/init/init_mod.o
 .debug_abbrev  0x0000000000001115      0x4f5 livedesk/beetles/init/headbar/gscene_headbar.o
 .debug_abbrev  0x000000000000160a      0x52b livedesk/beetles/init/headbar/headbar_com.o
 .debug_abbrev  0x0000000000001b35      0x2d9 livedesk/beetles/init/headbar/headbar_uipara.o
 .debug_abbrev  0x0000000000001e0e      0x505 livedesk/beetles/init/ui/init_server.o
 .debug_abbrev  0x0000000000002313      0x28d livedesk/beetles/init/init_api.o
 .debug_abbrev  0x00000000000025a0      0x36b livedesk/beetles/init/mod_init.o
 .debug_abbrev  0x000000000000290b      0x23f livedesk/beetles/init/magic.o
 .debug_abbrev  0x0000000000002b4a      0x4d5 livedesk/beetles/init/background/gscene_backgrd.o
 .debug_abbrev  0x000000000000301f      0x492 livedesk/beetles/init/background/fb_lib/backlayer_lib.o
 .debug_abbrev  0x00000000000034b1      0x39d livedesk/beetles/init/background/fb_lib/fb_file.o
 .debug_abbrev  0x000000000000384e      0x256 livedesk/beetles/init/bookengine/bookengine.o
 .debug_abbrev  0x0000000000003aa4      0x2e0 livedesk/beetles/init/display/g_close_screen.o
 .debug_abbrev  0x0000000000003d84      0x3c3 livedesk/beetles/init/display/g_display_switch_output.o
 .debug_abbrev  0x0000000000004147      0x275 livedesk/beetles/init/mini_music/mini_music.o
 .debug_abbrev  0x00000000000043bc      0x297 livedesk/beetles/init/tp_adjust/tp_adjust.o
 .debug_abbrev  0x0000000000004653      0x308 livedesk/beetles/init/ui/live_init.o
 .debug_abbrev  0x000000000000495b      0x364 livedesk/beetles/init/ui/dialog_scene/dialog_scene.o
 .debug_abbrev  0x0000000000004cbf      0x2aa livedesk/beetles/init/ui/dialog_scene/dialog_uipara.o
 .debug_abbrev  0x0000000000004f69      0x36c livedesk/beetles/init/ui/dialog_scene/progress_dialog.o
 .debug_abbrev  0x00000000000052d5      0x425 livedesk/beetles/init/ui/tp_adjust_scene/scene_adjust.o
 .debug_abbrev  0x00000000000056fa      0x281 livedesk/beetles/init/ui/tp_adjust_scene/scene_adjust_uipara.o
 .debug_abbrev  0x000000000000597b      0x3a2 ./elibrary/bin//libsyscall.a(syscall.o)
 .debug_abbrev  0x0000000000005d1d      0x376 ./elibrary/bin//libsyscall.a(syscall_fops.o)
 .debug_abbrev  0x0000000000006093      0x238 ./elibrary/bin//liblzma.a(az100.o)
 .debug_abbrev  0x00000000000062cb       0x79 ./elibrary/bin//liblzma.a(compress.o)
 .debug_abbrev  0x0000000000006344      0x11b ./elibrary/bin//liblzma.a(LzmaLib.o)
 .debug_abbrev  0x000000000000645f      0x41d ./elibrary/bin//liblzma.a(LzmaDec.o)
 .debug_abbrev  0x000000000000687c      0x13e ./elibrary/bin//libminic.a(elibs_sprintf.o)
 .debug_abbrev  0x00000000000069ba      0x40b ./elibrary/bin//libminic.a(elibs_stdio.o)
 .debug_abbrev  0x0000000000006dc5      0x2bd ./elibrary/bin//libminic.a(elibs_stdlib.o)
 .debug_abbrev  0x0000000000007082      0x146 ./elibrary/bin//libminic.a(elibs_string.o)

.debug_loc      0x0000000000000000    0x1d4db
 .debug_loc     0x0000000000000000      0x74a livedesk/beetles/init/alarm/alarm_function.o
 .debug_loc     0x000000000000074a      0xfd9 livedesk/beetles/init/headbar/prog_bar/prog_bar.o
 .debug_loc     0x0000000000001723      0x11a livedesk/beetles/init/headbar/prog_bar/prog_bar_ui.o
 .debug_loc     0x000000000000183d      0xc75 livedesk/beetles/init/init_mod.o
 .debug_loc     0x00000000000024b2      0xcfc livedesk/beetles/init/headbar/gscene_headbar.o
 .debug_loc     0x00000000000031ae     0x1194 livedesk/beetles/init/headbar/headbar_com.o
 .debug_loc     0x0000000000004342      0x1ba livedesk/beetles/init/headbar/headbar_uipara.o
 .debug_loc     0x00000000000044fc     0x17b9 livedesk/beetles/init/ui/init_server.o
 .debug_loc     0x0000000000005cb5      0x16e livedesk/beetles/init/mod_init.o
 .debug_loc     0x0000000000005e23      0xad6 livedesk/beetles/init/background/gscene_backgrd.o
 .debug_loc     0x00000000000068f9      0x950 livedesk/beetles/init/background/fb_lib/backlayer_lib.o
 .debug_loc     0x0000000000007249      0x8f5 livedesk/beetles/init/background/fb_lib/fb_file.o
 .debug_loc     0x0000000000007b3e       0xac livedesk/beetles/init/bookengine/bookengine.o
 .debug_loc     0x0000000000007bea      0x29e livedesk/beetles/init/display/g_close_screen.o
 .debug_loc     0x0000000000007e88      0x27d livedesk/beetles/init/display/g_display_switch_output.o
 .debug_loc     0x0000000000008105       0xb5 livedesk/beetles/init/mini_music/mini_music.o
 .debug_loc     0x00000000000081ba      0x137 livedesk/beetles/init/tp_adjust/tp_adjust.o
 .debug_loc     0x00000000000082f1       0xf5 livedesk/beetles/init/ui/live_init.o
 .debug_loc     0x00000000000083e6      0x45c livedesk/beetles/init/ui/dialog_scene/dialog_scene.o
 .debug_loc     0x0000000000008842       0xbf livedesk/beetles/init/ui/dialog_scene/dialog_uipara.o
 .debug_loc     0x0000000000008901      0x3d4 livedesk/beetles/init/ui/dialog_scene/progress_dialog.o
 .debug_loc     0x0000000000008cd5      0x594 livedesk/beetles/init/ui/tp_adjust_scene/scene_adjust.o
 .debug_loc     0x0000000000009269       0xbe livedesk/beetles/init/ui/tp_adjust_scene/scene_adjust_uipara.o
 .debug_loc     0x0000000000009327     0xd5f0 ./elibrary/bin//libsyscall.a(syscall.o)
 .debug_loc     0x0000000000016917     0x116f ./elibrary/bin//libsyscall.a(syscall_fops.o)
 .debug_loc     0x0000000000017a86      0x296 ./elibrary/bin//liblzma.a(az100.o)
 .debug_loc     0x0000000000017d1c      0x113 ./elibrary/bin//liblzma.a(compress.o)
 .debug_loc     0x0000000000017e2f      0x1aa ./elibrary/bin//liblzma.a(LzmaLib.o)
 .debug_loc     0x0000000000017fd9     0x2123 ./elibrary/bin//liblzma.a(LzmaDec.o)
 .debug_loc     0x000000000001a0fc      0x3f2 ./elibrary/bin//libminic.a(elibs_sprintf.o)
 .debug_loc     0x000000000001a4ee     0x2422 ./elibrary/bin//libminic.a(elibs_stdio.o)
 .debug_loc     0x000000000001c910      0x4c6 ./elibrary/bin//libminic.a(elibs_stdlib.o)
 .debug_loc     0x000000000001cdd6      0x705 ./elibrary/bin//libminic.a(elibs_string.o)

.debug_aranges  0x0000000000000000     0x2f70
 .debug_aranges
                0x0000000000000000       0xa0 livedesk/beetles/init/alarm/alarm_function.o
 .debug_aranges
                0x00000000000000a0       0xd0 livedesk/beetles/init/headbar/prog_bar/prog_bar.o
 .debug_aranges
                0x0000000000000170       0x30 livedesk/beetles/init/headbar/prog_bar/prog_bar_ui.o
 .debug_aranges
                0x00000000000001a0      0x100 livedesk/beetles/init/init_mod.o
 .debug_aranges
                0x00000000000002a0      0x110 livedesk/beetles/init/headbar/gscene_headbar.o
 .debug_aranges
                0x00000000000003b0       0xd0 livedesk/beetles/init/headbar/headbar_com.o
 .debug_aranges
                0x0000000000000480       0x30 livedesk/beetles/init/headbar/headbar_uipara.o
 .debug_aranges
                0x00000000000004b0       0xd0 livedesk/beetles/init/ui/init_server.o
 .debug_aranges
                0x0000000000000580       0x20 livedesk/beetles/init/init_api.o
 .debug_aranges
                0x00000000000005a0       0x70 livedesk/beetles/init/mod_init.o
 .debug_aranges
                0x0000000000000610       0x20 livedesk/beetles/init/magic.o
 .debug_aranges
                0x0000000000000630      0x160 livedesk/beetles/init/background/gscene_backgrd.o
 .debug_aranges
                0x0000000000000790       0x90 livedesk/beetles/init/background/fb_lib/backlayer_lib.o
 .debug_aranges
                0x0000000000000820       0x50 livedesk/beetles/init/background/fb_lib/fb_file.o
 .debug_aranges
                0x0000000000000870       0x40 livedesk/beetles/init/bookengine/bookengine.o
 .debug_aranges
                0x00000000000008b0       0xa0 livedesk/beetles/init/display/g_close_screen.o
 .debug_aranges
                0x0000000000000950       0x40 livedesk/beetles/init/display/g_display_switch_output.o
 .debug_aranges
                0x0000000000000990       0x50 livedesk/beetles/init/mini_music/mini_music.o
 .debug_aranges
                0x00000000000009e0       0x50 livedesk/beetles/init/tp_adjust/tp_adjust.o
 .debug_aranges
                0x0000000000000a30       0x50 livedesk/beetles/init/ui/live_init.o
 .debug_aranges
                0x0000000000000a80       0x90 livedesk/beetles/init/ui/dialog_scene/dialog_scene.o
 .debug_aranges
                0x0000000000000b10       0x30 livedesk/beetles/init/ui/dialog_scene/dialog_uipara.o
 .debug_aranges
                0x0000000000000b40       0x40 livedesk/beetles/init/ui/dialog_scene/progress_dialog.o