Archive member included to satisfy reference by file (symbol)

./elibrary/bin/libsyscall.a(syscall.o)
                              emodules/mod_mixture/mod_mixture.o (esCFG_GetKeyValue)
./elibrary/bin/libsyscall.a(syscall_fops.o)
                              emodules/mod_mixture/startup_check/startup_check.o (ioctl)
./elibrary/bin/libminic.a(elibs_sprintf.o)
                              emodules/mod_mixture/mod_mixture.o (eLIBs_sprintf)
./elibrary/bin/libminic.a(elibs_stdio.o)
                              emodules/mod_mixture/mod_mixture.o (eLIBs_fopen)
./elibrary/bin/libminic.a(elibs_stdlib.o)
                              emodules/mod_mixture/mod_mixture.o (eLIBs_atoi)
./elibrary/bin/libminic.a(elibs_string.o)
                              ./elibrary/bin/libminic.a(elibs_stdio.o) (eLIBs_strlen)
./elibrary/bin/liblzma.a(az100.o)
                              emodules/mod_mixture/bmp_parser/bmp.o (AZ100_IsCompress)
./elibrary/bin/liblzma.a(compress.o)
                              ./elibrary/bin/liblzma.a(az100.o) (AZ100_DataUncompress)
./elibrary/bin/liblzma.a(LzmaLib.o)
                              ./elibrary/bin/liblzma.a(compress.o) (LzmaUncompress)
./elibrary/bin/liblzma.a(LzmaDec.o)
                              ./elibrary/bin/liblzma.a(LzmaLib.o) (LzmaDecode)
/home/yuzuki/WorkSpace/melis-v3.0/melis-4.x-release/toolchain/riscv64-elf-x86_64-20201104/bin/../lib/gcc/riscv64-unknown-elf/8.4.0/../../../../riscv64-unknown-elf/lib/rv64imafdcxtheadc/lp64d/libc.a(lib_a-memcpy.o)
                              ./elibrary/bin/liblzma.a(LzmaDec.o) (memcpy)
/home/yuzuki/WorkSpace/melis-v3.0/melis-4.x-release/toolchain/riscv64-elf-x86_64-20201104/bin/../lib/gcc/riscv64-unknown-elf/8.4.0/../../../../riscv64-unknown-elf/lib/rv64imafdcxtheadc/lp64d/libc.a(lib_a-memset.o)
                              emodules/mod_mixture/startup_check/startup_check.o (memset)
/home/yuzuki/WorkSpace/melis-v3.0/melis-4.x-release/toolchain/riscv64-elf-x86_64-20201104/bin/../lib/gcc/riscv64-unknown-elf/8.4.0/../../../../riscv64-unknown-elf/lib/rv64imafdcxtheadc/lp64d/libc.a(lib_a-sysclose.o)
                              emodules/mod_mixture/startup_check/startup_check.o (close)
/home/yuzuki/WorkSpace/melis-v3.0/melis-4.x-release/toolchain/riscv64-elf-x86_64-20201104/bin/../lib/gcc/riscv64-unknown-elf/8.4.0/../../../../riscv64-unknown-elf/lib/rv64imafdcxtheadc/lp64d/libc.a(lib_a-sysopen.o)
                              emodules/mod_mixture/startup_check/startup_check.o (open)
/home/yuzuki/WorkSpace/melis-v3.0/melis-4.x-release/toolchain/riscv64-elf-x86_64-20201104/bin/../lib/gcc/riscv64-unknown-elf/8.4.0/../../../../riscv64-unknown-elf/lib/rv64imafdcxtheadc/lp64d/libc.a(lib_a-syswrite.o)
                              emodules/mod_mixture/startup_check/startup_check.o (write)
/home/yuzuki/WorkSpace/melis-v3.0/melis-4.x-release/toolchain/riscv64-elf-x86_64-20201104/bin/../lib/gcc/riscv64-unknown-elf/8.4.0/../../../../riscv64-unknown-elf/lib/rv64imafdcxtheadc/lp64d/libc.a(lib_a-impure.o)
                              /home/yuzuki/WorkSpace/melis-v3.0/melis-4.x-release/toolchain/riscv64-elf-x86_64-20201104/bin/../lib/gcc/riscv64-unknown-elf/8.4.0/../../../../riscv64-unknown-elf/lib/rv64imafdcxtheadc/lp64d/libc.a(lib_a-sysclose.o) (_impure_ptr)

Discarded input sections

 .text          0x0000000000000000        0x0 emodules/mod_mixture/mod_mixture.o
 .data          0x0000000000000000        0x0 emodules/mod_mixture/mod_mixture.o
 .bss           0x0000000000000000        0x0 emodules/mod_mixture/mod_mixture.o
 .text.read_picture_index
                0x0000000000000000       0xea emodules/mod_mixture/mod_mixture.o
 .text.ReadDataFromFile
                0x0000000000000000       0x90 emodules/mod_mixture/mod_mixture.o
 .text.plogo_data_uninit
                0x0000000000000000        0x4 emodules/mod_mixture/mod_mixture.o
 .rodata.ReadDataFromFile.str1.8
                0x0000000000000000       0x28 emodules/mod_mixture/mod_mixture.o
 .rodata.__func__.7425
                0x0000000000000000       0x13 emodules/mod_mixture/mod_mixture.o
 .rodata.__func__.7458
                0x0000000000000000       0x11 emodules/mod_mixture/mod_mixture.o
 .text          0x0000000000000000        0x0 emodules/mod_mixture/magic.o
 .data          0x0000000000000000        0x0 emodules/mod_mixture/magic.o
 .bss           0x0000000000000000        0x0 emodules/mod_mixture/magic.o
 .text          0x0000000000000000        0x0 emodules/mod_mixture/startup_check/startup_check.o
 .data          0x0000000000000000        0x0 emodules/mod_mixture/startup_check/startup_check.o
 .bss           0x0000000000000000        0x0 emodules/mod_mixture/startup_check/startup_check.o
 .text.amp_output_ctl
                0x0000000000000000       0x62 emodules/mod_mixture/startup_check/startup_check.o
 .text.check_if_lowpower
                0x0000000000000000      0x264 emodules/mod_mixture/startup_check/startup_check.o
 .rodata.__func__.8646
[...]
Memory Configuration

Name             Origin             Length             Attributes
dram0_0_seg      0x00000000c2000000 0x0000000004000000 xrw
dram0_1_seg      0x00000000e0000000 0x0000000010000000 xrw
dram0_2_seg      0x00000000e9b00000 0x000000000000f000 xrw
magic_info_seg   0x00000000ffff0000 0x0000000000000100 r
*default*        0x0000000000000000 0xffffffffffffffff

Linker script and memory map

LOAD emodules/mod_mixture/mod_mixture.o
LOAD emodules/mod_mixture/magic.o
LOAD emodules/mod_mixture/startup_check/startup_check.o
LOAD emodules/mod_mixture/bmp_parser/bmp.o
LOAD emodules/mod_mixture/bmp_parser/Parse_Picture.o
START GROUP
START GROUP
LOAD ./elibrary/bin/libsyscall.a
LOAD ./elibrary/bin/libminic.a
LOAD ./elibrary/bin/libpub0.a
LOAD ./elibrary/bin/liblzma.a
END GROUP
LOAD /home/yuzuki/WorkSpace/melis-v3.0/melis-4.x-release/toolchain/riscv64-elf-x86_64-20201104/bin/../lib/gcc/riscv64-unknown-elf/8.4.0/../../../../riscv64-unknown-elf/lib/rv64imafdcxtheadc/lp64d/libstdc++.a
LOAD /home/yuzuki/WorkSpace/melis-v3.0/melis-4.x-release/toolchain/riscv64-elf-x86_64-20201104/bin/../lib/gcc/riscv64-unknown-elf/8.4.0/../../../../riscv64-unknown-elf/lib/rv64imafdcxtheadc/lp64d/libc.a
LOAD /home/yuzuki/WorkSpace/melis-v3.0/melis-4.x-release/toolchain/riscv64-elf-x86_64-20201104/bin/../lib/gcc/riscv64-unknown-elf/8.4.0/rv64imafdcxtheadc/lp64d/libgcc.a
LOAD /home/yuzuki/WorkSpace/melis-v3.0/melis-4.x-release/toolchain/riscv64-elf-x86_64-20201104/bin/../lib/gcc/riscv64-unknown-elf/8.4.0/../../../../riscv64-unknown-elf/lib/rv64imafdcxtheadc/lp64d/libm.a
END GROUP
                0x00000000e9b00000                __DRAM0_MOD_BASE = ORIGIN (dram0_2_seg)
                0x00000000ffff0000                __DRAM0_INF_BASE = ORIGIN (magic_info_seg)

.mod.text       0x00000000e9b00000     0x3054
 *(.text)
 .text          0x00000000e9b00000       0xd0 /home/yuzuki/WorkSpace/melis-v3.0/melis-4.x-release/toolchain/riscv64-elf-x86_64-20201104/bin/../lib/gcc/riscv64-unknown-elf/8.4.0/../../../../riscv64-unknown-elf/lib/rv64imafdcxtheadc/lp64d/libc.a(lib_a-memcpy.o)
                0x00000000e9b00000                memcpy
 .text          0x00000000e9b000d0       0xaa /home/yuzuki/WorkSpace/melis-v3.0/melis-4.x-release/toolchain/riscv64-elf-x86_64-20201104/bin/../lib/gcc/riscv64-unknown-elf/8.4.0/../../../../riscv64-unknown-elf/lib/rv64imafdcxtheadc/lp64d/libc.a(lib_a-memset.o)
                0x00000000e9b000d0                memset
 *(.text.*)
 .text.show_bmp_logo
                0x00000000e9b0017a      0x262 emodules/mod_mixture/mod_mixture.o
 .text.LoadDataFromFile
                0x00000000e9b003dc      0x144 emodules/mod_mixture/mod_mixture.o
                0x00000000e9b003dc                LoadDataFromFile
 .text.__bmp_animation
                0x00000000e9b00520      0x3c2 emodules/mod_mixture/mod_mixture.o
 .text.__animation_task
                0x00000000e9b008e2       0xa8 emodules/mod_mixture/mod_mixture.o
 .text.close_bmp_logo
                0x00000000e9b0098a       0xb0 emodules/mod_mixture/mod_mixture.o
                0x00000000e9b0098a                close_bmp_logo
 .text.show_picture
                0x00000000e9b00a3a       0xa4 emodules/mod_mixture/mod_mixture.o
                0x00000000e9b00a3a                show_picture
 .text.stop_picture
                0x00000000e9b00ade       0x6e emodules/mod_mixture/mod_mixture.o
                0x00000000e9b00ade                stop_picture
 .text.close_bmp_animation
                0x00000000e9b00b4c       0x84 emodules/mod_mixture/mod_mixture.o
                0x00000000e9b00b4c                close_bmp_animation
 .text.plogo_data_init
                0x00000000e9b00bd0      0x228 emodules/mod_mixture/mod_mixture.o
                0x00000000e9b00bd0                plogo_data_init
 .text.Mod_Mixture_MInit
                0x00000000e9b00df8        0x4 emodules/mod_mixture/mod_mixture.o
                0x00000000e9b00df8                Mod_Mixture_MInit
 .text.Mod_Mixture_MExit
                0x00000000e9b00dfc        0x4 emodules/mod_mixture/mod_mixture.o
                0x00000000e9b00dfc                Mod_Mixture_MExit
 .text.Mod_Mixture_MOpen
                0x00000000e9b00e00       0xdc emodules/mod_mixture/mod_mixture.o
                0x00000000e9b00e00                Mod_Mixture_MOpen
 .text.Mod_Mixture_MClose
                0x00000000e9b00edc       0x2e emodules/mod_mixture/mod_mixture.o
                0x00000000e9b00edc                Mod_Mixture_MClose
 .text.Mod_Mixture_MRead
                0x00000000e9b00f0a        0x4 emodules/mod_mixture/mod_mixture.o
                0x00000000e9b00f0a                Mod_Mixture_MRead
 .text.Mod_Mixture_MWrite
                0x00000000e9b00f0e        0x4 emodules/mod_mixture/mod_mixture.o
                0x00000000e9b00f0e                Mod_Mixture_MWrite
 .text.Mod_Mixture_MIoctrl
                0x00000000e9b00f12      0x2ee emodules/mod_mixture/mod_mixture.o
                0x00000000e9b00f12                Mod_Mixture_MIoctrl
 .text.close_bmp
                0x00000000e9b01200       0x3a emodules/mod_mixture/bmp_parser/bmp.o
                0x00000000e9b01200                close_bmp
 .text.open_ram_bmp
                0x00000000e9b0123a      0x19c emodules/mod_mixture/bmp_parser/bmp.o
                0x00000000e9b0123a                open_ram_bmp
 .text.get_matrix
                0x00000000e9b013d6       0xc4 emodules/mod_mixture/bmp_parser/bmp.o
                0x00000000e9b013d6                get_matrix
 .text.get_bitcount
                0x00000000e9b0149a        0x6 emodules/mod_mixture/bmp_parser/bmp.o
                0x00000000e9b0149a                get_bitcount
 .text.get_width
                0x00000000e9b014a0        0x4 emodules/mod_mixture/bmp_parser/bmp.o
                0x00000000e9b014a0                get_width
 .text.get_height
                0x00000000e9b014a4        0xe emodules/mod_mixture/bmp_parser/bmp.o
                0x00000000e9b014a4                get_height
 .text.get_rowsize
                0x00000000e9b014b2        0x4 emodules/mod_mixture/bmp_parser/bmp.o
                0x00000000e9b014b2                get_rowsize
 .text.Parse_Pic_BMP_ByRam
                0x00000000e9b014b6      0x11e emodules/mod_mixture/bmp_parser/Parse_Picture.o
                0x00000000e9b014b6                Parse_Pic_BMP_ByRam
 .text.esCFG_GetKeyValue
                0x00000000e9b015d4       0x18 ./elibrary/bin/libsyscall.a(syscall.o)
                0x00000000e9b015d4                esCFG_GetKeyValue
 .text.esFSYS_fclose
                0x00000000e9b015ec       0x18 ./elibrary/bin/libsyscall.a(syscall.o)
                0x00000000e9b015ec                esFSYS_fclose
 .text.esFSYS_fopen
                0x00000000e9b01604       0x16 ./elibrary/bin/libsyscall.a(syscall.o)
                0x00000000e9b01604                esFSYS_fopen
 .text.esFSYS_fread
                0x00000000e9b0161a       0x20 ./elibrary/bin/libsyscall.a(syscall.o)
                0x00000000e9b0161a                esFSYS_fread
 .text.esFSYS_fseekex
                0x00000000e9b0163a       0x16 ./elibrary/bin/libsyscall.a(syscall.o)
                0x00000000e9b0163a                esFSYS_fseekex
 .text.esFSYS_ftellex
                0x00000000e9b01650       0x18 ./elibrary/bin/libsyscall.a(syscall.o)
                0x00000000e9b01650                esFSYS_ftellex
 .text.esKRNL_SemCreate
                0x00000000e9b01668       0x16 ./elibrary/bin/libsyscall.a(syscall.o)
                0x00000000e9b01668                esKRNL_SemCreate
 .text.esKRNL_SemPend
                0x00000000e9b0167e       0x16 ./elibrary/bin/libsyscall.a(syscall.o)
                0x00000000e9b0167e                esKRNL_SemPend
 .text.esKRNL_SemPost
                0x00000000e9b01694       0x1a ./elibrary/bin/libsyscall.a(syscall.o)
                0x00000000e9b01694                esKRNL_SemPost
 .text.esKRNL_TCreate
                0x00000000e9b016ae       0x1c ./elibrary/bin/libsyscall.a(syscall.o)
                0x00000000e9b016ae                esKRNL_TCreate
 .text.esKRNL_TDel
                0x00000000e9b016ca       0x1e ./elibrary/bin/libsyscall.a(syscall.o)
                0x00000000e9b016ca                esKRNL_TDel
 .text.esKRNL_TDelReq
                0x00000000e9b016e8       0x1e ./elibrary/bin/libsyscall.a(syscall.o)
                0x00000000e9b016e8                esKRNL_TDelReq
 .text.esKRNL_TimeDly
                0x00000000e9b01706       0x16 ./elibrary/bin/libsyscall.a(syscall.o)
                0x00000000e9b01706                esKRNL_TimeDly
 .text.esKSRV_Get_Display_Hld
                0x00000000e9b0171c       0x16 ./elibrary/bin/libsyscall.a(syscall.o)
                0x00000000e9b0171c                esKSRV_Get_Display_Hld
 .text.esMEMS_CleanFlushDCacheRegion
                0x00000000e9b01732       0x1a ./elibrary/bin/libsyscall.a(syscall.o)
                0x00000000e9b01732                esMEMS_CleanFlushDCacheRegion
 .text.esMEMS_Malloc
                0x00000000e9b0174c       0x1a ./elibrary/bin/libsyscall.a(syscall.o)
                0x00000000e9b0174c                esMEMS_Malloc
 .text.esMEMS_Mfree
                0x00000000e9b01766       0x16 ./elibrary/bin/libsyscall.a(syscall.o)
                0x00000000e9b01766                esMEMS_Mfree
 .text.esMEMS_Palloc
                0x00000000e9b0177c       0x1e ./elibrary/bin/libsyscall.a(syscall.o)
                0x00000000e9b0177c                esMEMS_Palloc
 .text.esMEMS_Pfree
                0x00000000e9b0179a       0x1a ./elibrary/bin/libsyscall.a(syscall.o)
                0x00000000e9b0179a                esMEMS_Pfree
 .text.esMODS_MIoctrl
                0x00000000e9b017b4       0x1a ./elibrary/bin/libsyscall.a(syscall.o)
                0x00000000e9b017b4                esMODS_MIoctrl
 .text.esSIOS_putstr
                0x00000000e9b017ce       0x14 ./elibrary/bin/libsyscall.a(syscall.o)
                0x00000000e9b017ce                esSIOS_putstr
 .text.eLIBs_vsnprintf
                0x00000000e9b017e2        0xc ./elibrary/bin/libminic.a(elibs_sprintf.o)
                0x00000000e9b017e2                eLIBs_vsnprintf
 .text.eLIBs_vscnprintf
                0x00000000e9b017ee       0x1c ./elibrary/bin/libminic.a(elibs_sprintf.o)
                0x00000000e9b017ee                eLIBs_vscnprintf
 .text.eLIBs_sprintf
                0x00000000e9b0180a       0x22 ./elibrary/bin/libminic.a(elibs_sprintf.o)
                0x00000000e9b0180a                eLIBs_sprintf
 .text.eLIBs_fopen
                0x00000000e9b0182c        0x4 ./elibrary/bin/libminic.a(elibs_stdio.o)
                0x00000000e9b0182c                eLIBs_fopen
 .text.eLIBs_fclose
                0x00000000e9b01830        0x4 ./elibrary/bin/libminic.a(elibs_stdio.o)
                0x00000000e9b01830                eLIBs_fclose
 .text.eLIBs_fread
                0x00000000e9b01834        0x4 ./elibrary/bin/libminic.a(elibs_stdio.o)
                0x00000000e9b01834                eLIBs_fread
 .text.eLIBs_flltell
                0x00000000e9b01838       0x22 ./elibrary/bin/libminic.a(elibs_stdio.o)
                0x00000000e9b01838                eLIBs_flltell
 .text.eLIBs_vprintf
                0x00000000e9b0185a       0x42 ./elibrary/bin/libminic.a(elibs_stdio.o)
                0x00000000e9b0185a                eLIBs_vprintf
 .text.eLIBs_printf
                0x00000000e9b0189c       0x20 ./elibrary/bin/libminic.a(elibs_stdio.o)
                0x00000000e9b0189c                eLIBs_printf
                0x00000000e9b0189c                printk
 .text.eLIBs_fllseek
                0x00000000e9b018bc       0x64 ./elibrary/bin/libminic.a(elibs_stdio.o)
                0x00000000e9b018bc                eLIBs_fllseek
 .text.eLIBs_malloc
                0x00000000e9b01920        0xa ./elibrary/bin/libminic.a(elibs_stdlib.o)
                0x00000000e9b01920                eLIBs_malloc
 .text.eLIBs_free
                0x00000000e9b0192a        0xc ./elibrary/bin/libminic.a(elibs_stdlib.o)
                0x00000000e9b0192a                eLIBs_free
 .text.eLIBs_strncmp
                0x00000000e9b01936        0xc ./elibrary/bin/libminic.a(elibs_string.o)
                0x00000000e9b01936                eLIBs_strncmp
 .text.eLIBs_memset
                0x00000000e9b01942        0xc ./elibrary/bin/libminic.a(elibs_string.o)
                0x00000000e9b01942                eLIBs_memset
 .text.eLIBs_memcpy
                0x00000000e9b0194e        0xc ./elibrary/bin/libminic.a(elibs_string.o)
                0x00000000e9b0194e                eLIBs_memcpy
 .text.AZ100_IsCompress
                0x00000000e9b0195a       0x2e ./elibrary/bin/liblzma.a(az100.o)
                0x00000000e9b0195a                AZ100_IsCompress
 .text.AZ100_GetUncompressSize
                0x00000000e9b01988       0x52 ./elibrary/bin/liblzma.a(az100.o)
                0x00000000e9b01988                AZ100_GetUncompressSize
 .text.AZ100_Uncompress
                0x00000000e9b019da       0x24 ./elibrary/bin/liblzma.a(az100.o)
                0x00000000e9b019da                AZ100_Uncompress
 .text.AZ100_DataUncompress
                0x00000000e9b019fe       0x26 ./elibrary/bin/liblzma.a(compress.o)
                0x00000000e9b019fe                AZ100_DataUncompress
 .text.SzFree   0x00000000e9b01a24        0x6 ./elibrary/bin/liblzma.a(LzmaLib.o)
 .text.SzAlloc  0x00000000e9b01a2a        0x6 ./elibrary/bin/liblzma.a(LzmaLib.o)
 .text.LzmaUncompress
                0x00000000e9b01a30       0x20 ./elibrary/bin/liblzma.a(LzmaLib.o)
                0x00000000e9b01a30                LzmaUncompress
 .text.LzmaDec_WriteRem
                0x00000000e9b01a50       0x80 ./elibrary/bin/liblzma.a(LzmaDec.o)
 .text.LzmaDec_DecodeReal2
                0x00000000e9b01ad0      0xc54 ./elibrary/bin/liblzma.a(LzmaDec.o)
 .text.LzmaDec_TryDummy
                0x00000000e9b02724      0x500 ./elibrary/bin/liblzma.a(LzmaDec.o)
 .text.LzmaDec_Init
                0x00000000e9b02c24       0x1a ./elibrary/bin/liblzma.a(LzmaDec.o)
                0x00000000e9b02c24                LzmaDec_Init
 .text.LzmaDec_DecodeToDic
                0x00000000e9b02c3e      0x26c ./elibrary/bin/liblzma.a(LzmaDec.o)
                0x00000000e9b02c3e                LzmaDec_DecodeToDic
 .text.LzmaDec_FreeProbs
                0x00000000e9b02eaa       0x1c ./elibrary/bin/liblzma.a(LzmaDec.o)
                0x00000000e9b02eaa                LzmaDec_FreeProbs
 .text.LzmaDec_AllocateProbs2
                0x00000000e9b02ec6       0x58 ./elibrary/bin/liblzma.a(LzmaDec.o)
 .text.LzmaProps_Decode
                0x00000000e9b02f1e       0x5c ./elibrary/bin/liblzma.a(LzmaDec.o)
                0x00000000e9b02f1e                LzmaProps_Decode
 .text.LzmaDec_AllocateProbs
                0x00000000e9b02f7a       0x30 ./elibrary/bin/liblzma.a(LzmaDec.o)
                0x00000000e9b02f7a                LzmaDec_AllocateProbs
 .text.LzmaDecode
                0x00000000e9b02faa       0xaa ./elibrary/bin/liblzma.a(LzmaDec.o)
                0x00000000e9b02faa                LzmaDecode
 *(.stub)
 *(.gnu.warning)
 *(.gnu.linkonce.t*)
                0x00000000e9b03054                . = ALIGN (0x4)
 *fill*         0x00000000e9b03054        0x0 

.mod.rodata     0x00000000e9b03054      0x75c
 *(.rodata)
 *(.rodata.*)
 *fill*         0x00000000e9b03054        0x4 
 .rodata.LoadDataFromFile.str1.8
                0x00000000e9b03058       0x27 emodules/mod_mixture/mod_mixture.o
 *fill*         0x00000000e9b0307f        0x1 
 .rodata.Mod_Mixture_MIoctrl.str1.8
                0x00000000e9b03080       0x8b emodules/mod_mixture/mod_mixture.o
 *fill*         0x00000000e9b0310b        0x5 
 .rodata.Mod_Mixture_MOpen.str1.8
                0x00000000e9b03110       0x60 emodules/mod_mixture/mod_mixture.o
 .rodata.__animation_task.str1.8
                0x00000000e9b03170       0x59 emodules/mod_mixture/mod_mixture.o
 *fill*         0x00000000e9b031c9        0x7 
 .rodata.__bmp_animation.str1.8
                0x00000000e9b031d0       0xdb emodules/mod_mixture/mod_mixture.o
 *fill*         0x00000000e9b032ab        0x5 
 .rodata.__func__.7436
                0x00000000e9b032b0       0x11 emodules/mod_mixture/mod_mixture.o
 *fill*         0x00000000e9b032c1        0x7 
 .rodata.__func__.7473
                0x00000000e9b032c8        0xe emodules/mod_mixture/mod_mixture.o
 *fill*         0x00000000e9b032d6        0x2 
 .rodata.__func__.7481
                0x00000000e9b032d8        0xd emodules/mod_mixture/mod_mixture.o
 *fill*         0x00000000e9b032e5        0x3 
 .rodata.__func__.7485
                0x00000000e9b032e8        0xd emodules/mod_mixture/mod_mixture.o
 *fill*         0x00000000e9b032f5        0x3 
 .rodata.__func__.7492
                0x00000000e9b032f8       0x13 emodules/mod_mixture/mod_mixture.o
 *fill*         0x00000000e9b0330b        0x5 
 .rodata.__func__.7511
                0x00000000e9b03310       0x10 emodules/mod_mixture/mod_mixture.o
 .rodata.__func__.7519
                0x00000000e9b03320       0x11 emodules/mod_mixture/mod_mixture.o
 *fill*         0x00000000e9b03331        0x7 
 .rodata.__func__.7529
                0x00000000e9b03338        0xf emodules/mod_mixture/mod_mixture.o
 *fill*         0x00000000e9b03347        0x1 
 .rodata.__func__.7547
                0x00000000e9b03348       0x12 emodules/mod_mixture/mod_mixture.o
 *fill*         0x00000000e9b0335a        0x6 
 .rodata.__func__.7573
                0x00000000e9b03360       0x14 emodules/mod_mixture/mod_mixture.o
 *fill*         0x00000000e9b03374        0x4 
 .rodata.plogo_data_init.str1.8
                0x00000000e9b03378      0x14b emodules/mod_mixture/mod_mixture.o
 *fill*         0x00000000e9b034c3        0x5 
 .rodata.read_picture_index.str1.8
                0x00000000e9b034c8       0x7a emodules/mod_mixture/mod_mixture.o
 *fill*         0x00000000e9b03542        0x6 
 .rodata.show_bmp_logo.str1.8
                0x00000000e9b03548       0xe1 emodules/mod_mixture/mod_mixture.o
 *fill*         0x00000000e9b03629        0x7 
 .rodata.__func__.5230
                0x00000000e9b03630        0xd emodules/mod_mixture/bmp_parser/bmp.o
 *fill*         0x00000000e9b0363d        0x3 
 .rodata.open_ram_bmp.str1.8
                0x00000000e9b03640       0xa2 emodules/mod_mixture/bmp_parser/bmp.o
                                         0xd2 (size before relaxing)
 *fill*         0x00000000e9b036e2        0x6 
 .rodata.Parse_Pic_BMP_ByRam.str1.8
                0x00000000e9b036e8       0x64 emodules/mod_mixture/bmp_parser/Parse_Picture.o
                                         0xac (size before relaxing)
 *fill*         0x00000000e9b0374c        0x4 
 .rodata.__func__.5224
                0x00000000e9b03750       0x14 emodules/mod_mixture/bmp_parser/Parse_Picture.o
 *fill*         0x00000000e9b03764        0x4 
 .rodata.__func__.6254
                0x00000000e9b03768        0xe ./elibrary/bin/libminic.a(elibs_stdio.o)
 *fill*         0x00000000e9b03776        0x2 
 .rodata.eLIBs_fseek.str1.8
                0x00000000e9b03778       0x30 ./elibrary/bin/libminic.a(elibs_stdio.o)
                                         0x60 (size before relaxing)
 .rodata.AZ100_IsCompress.str1.8
                0x00000000e9b037a8        0x8 ./elibrary/bin/liblzma.a(az100.o)
                                          0x5 (size before relaxing)
 *(.gnu.linkonce.r*)
                0x00000000e9b037b0                . = ALIGN (0x4)

.mod.data       0x00000000e9b037b0       0x10
 *(.data)
 *(.data.*)
 .data.g_Alloc  0x00000000e9b037b0       0x10 ./elibrary/bin/liblzma.a(LzmaLib.o)
 *(.gnu.linkonce.d.*)
 *(.sdata)
 *(.sdata.*)
 *(.gnu.linkonce.s.*)
 *(.sdata2)
 *(.sdata2.*)
 *(.gnu.linkonce.s2.*)
                0x00000000e9b037c0                . = ALIGN (0x4)

.mod.bss        0x00000000e9b037c0      0x418
                0x00000000e9b037c0                __bss_start = ABSOLUTE (.)
 *(.bss)
 *(.bss.*)
 .bss.mod_mixture_mp
                0x00000000e9b037c0        0x2 emodules/mod_mixture/mod_mixture.o
                0x00000000e9b037c0                mod_mixture_mp
 *fill*         0x00000000e9b037c2        0x6 
 .bss.plogo_data
                0x00000000e9b037c8        0x8 emodules/mod_mixture/mod_mixture.o
                0x00000000e9b037c8                plogo_data
 .bss.g_pbmp_buf
                0x00000000e9b037d0        0x8 emodules/mod_mixture/bmp_parser/bmp.o
 .bss.buffer.6522
                0x00000000e9b037d8      0x400 ./elibrary/bin/libminic.a(elibs_stdio.o)
 *(.gnu.linkonce.b.*)
 *(.sbss)
 *(.sbss.*)
 *(.gnu.linkonce.sb.*)
 *(.sbss2)
 *(.sbss2.*)
 *(.gnu.linkonce.sb2.*)
 *(COMMON)
 *(.scommon)
                0x00000000e9b03bd8                . = ALIGN (0x4)
                0x00000000e9b03bd8                __bss_end = ABSOLUTE (.)
                0x00000000e9b03bd8                _end = ABSOLUTE (.)

MAGIC           0x00000000ffff0000       0x50
 *.o(.magic)
 .magic         0x00000000ffff0000       0x50 emodules/mod_mixture/magic.o
                0x00000000ffff0000                modinfo

.note
 *(.note)

.stab
 *(.stab)

.stabstr
 *(.stabstr)

.stab.excl
 *(.stab.excl)

.stab.exclstr
 *(.stab.exclstr)

.stab.index
 *(.stab.index)

.stab.indexstr
 *(.stab.indexstr)

.mdebug
 *(.mdebug)

.reginfo
 *(.reginfo)

.comment        0x0000000000000000       0x32
 *(.comment)
 .comment       0x0000000000000000       0x32 emodules/mod_mixture/mod_mixture.o
                                         0x33 (size before relaxing)
 .comment       0x0000000000000032       0x33 emodules/mod_mixture/magic.o
 .comment       0x0000000000000032       0x33 emodules/mod_mixture/bmp_parser/bmp.o
 .comment       0x0000000000000032       0x33 emodules/mod_mixture/bmp_parser/Parse_Picture.o
 .comment       0x0000000000000032       0x33 ./elibrary/bin/libsyscall.a(syscall.o)
 .comment       0x0000000000000032       0x33 ./elibrary/bin/libminic.a(elibs_sprintf.o)
 .comment       0x0000000000000032       0x33 ./elibrary/bin/libminic.a(elibs_stdio.o)
 .comment       0x0000000000000032       0x33 ./elibrary/bin/libminic.a(elibs_stdlib.o)
 .comment       0x0000000000000032       0x33 ./elibrary/bin/libminic.a(elibs_string.o)
 .comment       0x0000000000000032       0x33 ./elibrary/bin/liblzma.a(az100.o)
 .comment       0x0000000000000032       0x33 ./elibrary/bin/liblzma.a(compress.o)
 .comment       0x0000000000000032       0x33 ./elibrary/bin/liblzma.a(LzmaLib.o)
 .comment       0x0000000000000032       0x33 ./elibrary/bin/liblzma.a(LzmaDec.o)
 .comment       0x0000000000000032       0x33 /home/yuzuki/WorkSpace/melis-v3.0/melis-4.x-release/toolchain/riscv64-elf-x86_64-20201104/bin/../lib/gcc/riscv64-unknown-elf/8.4.0/../../../../riscv64-unknown-elf/lib/rv64imafdcxtheadc/lp64d/libc.a(lib_a-memcpy.o)

.ARM.attributes
 *(.ARM.attributes)

.riscv.attributes
                0x0000000000000000       0x48
 *(.riscv.attributes)
 .riscv.attributes
                0x0000000000000000       0x3d emodules/mod_mixture/mod_mixture.o
 .riscv.attributes
                0x000000000000003d       0x3d emodules/mod_mixture/magic.o
 .riscv.attributes
                0x000000000000007a       0x3d emodules/mod_mixture/bmp_parser/bmp.o
 .riscv.attributes
                0x00000000000000b7       0x3d emodules/mod_mixture/bmp_parser/Parse_Picture.o
 .riscv.attributes
                0x00000000000000f4       0x3d ./elibrary/bin/libsyscall.a(syscall.o)
 .riscv.attributes
                0x0000000000000131       0x3d ./elibrary/bin/libminic.a(elibs_sprintf.o)
 .riscv.attributes
                0x000000000000016e       0x3d ./elibrary/bin/libminic.a(elibs_stdio.o)
 .riscv.attributes
                0x00000000000001ab       0x3d ./elibrary/bin/libminic.a(elibs_stdlib.o)
 .riscv.attributes
                0x00000000000001e8       0x3d ./elibrary/bin/libminic.a(elibs_string.o)
 .riscv.attributes
                0x0000000000000225       0x3d ./elibrary/bin/liblzma.a(az100.o)
 .riscv.attributes
                0x0000000000000262       0x3d ./elibrary/bin/liblzma.a(compress.o)
 .riscv.attributes
                0x000000000000029f       0x3d ./elibrary/bin/liblzma.a(LzmaLib.o)
 .riscv.attributes
                0x00000000000002dc       0x3d ./elibrary/bin/liblzma.a(LzmaDec.o)
 .riscv.attributes
                0x0000000000000319       0x3e /home/yuzuki/WorkSpace/melis-v3.0/melis-4.x-release/toolchain/riscv64-elf-x86_64-20201104/bin/../lib/gcc/riscv64-unknown-elf/8.4.0/../../../../riscv64-unknown-elf/lib/rv64imafdcxtheadc/lp64d/libc.a(lib_a-memcpy.o)
 .riscv.attributes
                0x0000000000000357       0x3e /home/yuzuki/WorkSpace/melis-v3.0/melis-4.x-release/toolchain/riscv64-elf-x86_64-20201104/bin/../lib/gcc/riscv64-unknown-elf/8.4.0/../../../../riscv64-unknown-elf/lib/rv64imafdcxtheadc/lp64d/libc.a(lib_a-memset.o)

/DISCARD/
 *(.note.GNU-stack)
 *(.ARM.exidx* .gnu.linkonce.armexidx.*)
OUTPUT(emodules/mod_mixture/mixture.o elf64-littleriscv)

.debug_info     0x0000000000000000    0x2074e
 .debug_info    0x0000000000000000     0x254d emodules/mod_mixture/mod_mixture.o
 .debug_info    0x000000000000254d      0xfdb emodules/mod_mixture/magic.o
 .debug_info    0x0000000000003528     0x15b2 emodules/mod_mixture/bmp_parser/bmp.o
 .debug_info    0x0000000000004ada     0x119d emodules/mod_mixture/bmp_parser/Parse_Picture.o
 .debug_info    0x0000000000005c77    0x12385 ./elibrary/bin/libsyscall.a(syscall.o)
 .debug_info    0x0000000000017ffc      0x7d2 ./elibrary/bin/libminic.a(elibs_sprintf.o)
 .debug_info    0x00000000000187ce     0x2bb0 ./elibrary/bin/libminic.a(elibs_stdio.o)
 .debug_info    0x000000000001b37e     0x1748 ./elibrary/bin/libminic.a(elibs_stdlib.o)
 .debug_info    0x000000000001cac6      0xb29 ./elibrary/bin/libminic.a(elibs_string.o)
 .debug_info    0x000000000001d5ef      0xf37 ./elibrary/bin/liblzma.a(az100.o)
 .debug_info    0x000000000001e526      0x13f ./elibrary/bin/liblzma.a(compress.o)
 .debug_info    0x000000000001e665      0x271 ./elibrary/bin/liblzma.a(LzmaLib.o)
 .debug_info    0x000000000001e8d6     0x1e78 ./elibrary/bin/liblzma.a(LzmaDec.o)

.debug_abbrev   0x0000000000000000     0x2114
 .debug_abbrev  0x0000000000000000      0x4c1 emodules/mod_mixture/mod_mixture.o
 .debug_abbrev  0x00000000000004c1      0x1db emodules/mod_mixture/magic.o
 .debug_abbrev  0x000000000000069c      0x353 emodules/mod_mixture/bmp_parser/bmp.o
 .debug_abbrev  0x00000000000009ef      0x24e emodules/mod_mixture/bmp_parser/Parse_Picture.o
 .debug_abbrev  0x0000000000000c3d      0x3a2 ./elibrary/bin/libsyscall.a(syscall.o)
 .debug_abbrev  0x0000000000000fdf      0x13e ./elibrary/bin/libminic.a(elibs_sprintf.o)
 .debug_abbrev  0x000000000000111d      0x40b ./elibrary/bin/libminic.a(elibs_stdio.o)
 .debug_abbrev  0x0000000000001528      0x2bd ./elibrary/bin/libminic.a(elibs_stdlib.o)
 .debug_abbrev  0x00000000000017e5      0x146 ./elibrary/bin/libminic.a(elibs_string.o)
 .debug_abbrev  0x000000000000192b      0x238 ./elibrary/bin/liblzma.a(az100.o)
 .debug_abbrev  0x0000000000001b63       0x79 ./elibrary/bin/liblzma.a(compress.o)
 .debug_abbrev  0x0000000000001bdc      0x11b ./elibrary/bin/liblzma.a(LzmaLib.o)
 .debug_abbrev  0x0000000000001cf7      0x41d ./elibrary/bin/liblzma.a(LzmaDec.o)

.debug_loc      0x0000000000000000    0x15077
 .debug_loc     0x0000000000000000     0x12ad emodules/mod_mixture/mod_mixture.o
 .debug_loc     0x00000000000012ad      0x9d9 emodules/mod_mixture/bmp_parser/bmp.o
 .debug_loc     0x0000000000001c86      0x3ac emodules/mod_mixture/bmp_parser/Parse_Picture.o
 .debug_loc     0x0000000000002032     0xd5f0 ./elibrary/bin/libsyscall.a(syscall.o)
 .debug_loc     0x000000000000f622      0x3f2 ./elibrary/bin/libminic.a(elibs_sprintf.o)
 .debug_loc     0x000000000000fa14     0x2422 ./elibrary/bin/libminic.a(elibs_stdio.o)
 .debug_loc     0x0000000000011e36      0x4c6 ./elibrary/bin/libminic.a(elibs_stdlib.o)
 .debug_loc     0x00000000000122fc      0x705 ./elibrary/bin/libminic.a(elibs_string.o)
 .debug_loc     0x0000000000012a01      0x296 ./elibrary/bin/liblzma.a(az100.o)
 .debug_loc     0x0000000000012c97      0x113 ./elibrary/bin/liblzma.a(compress.o)
 .debug_loc     0x0000000000012daa      0x1aa ./elibrary/bin/liblzma.a(LzmaLib.o)
 .debug_loc     0x0000000000012f54     0x2123 ./elibrary/bin/liblzma.a(LzmaDec.o)

.debug_aranges  0x0000000000000000     0x2350
 .debug_aranges
                0x0000000000000000      0x120 emodules/mod_mixture/mod_mixture.o
 .debug_aranges
                0x0000000000000120       0x20 emodules/mod_mixture/magic.o
 .debug_aranges
                0x0000000000000140       0xb0 emodules/mod_mixture/bmp_parser/bmp.o
 .debug_aranges
                0x00000000000001f0       0x50 emodules/mod_mixture/bmp_parser/Parse_Picture.o
 .debug_aranges
                0x0000000000000240     0x17c0 ./elibrary/bin/libsyscall.a(syscall.o)
 .debug_aranges
                0x0000000000001a00       0x80 ./elibrary/bin/libminic.a(elibs_sprintf.o)
 .debug_aranges
                0x0000000000001a80      0x470 ./elibrary/bin/libminic.a(elibs_stdio.o)
 .debug_aranges
                0x0000000000001ef0      0x140 ./elibrary/bin/libminic.a(elibs_stdlib.o)
 .debug_aranges
                0x0000000000002030      0x150 ./elibrary/bin/libminic.a(elibs_string.o)
 .debug_aranges
                0x0000000000002180       0x50 ./elibrary/bin/liblzma.a(az100.o)
 .debug_aranges
                0x00000000000021d0       0x30 ./elibrary/bin/liblzma.a(compress.o)
 .debug_aranges
                0x0000000000002200       0x50 ./elibrary/bin/liblzma.a(LzmaLib.o)
 .debug_aranges
                0x0000000000002250      0x100 ./elibrary/bin/liblzma.a(LzmaDec.o)

.debug_line     0x0000000000000000    0x193c9
 .debug_line    0x0000000000000000     0x2656 emodules/mod_mixture/mod_mixture.o
 .debug_line    0x0000000000002656      0x2af emodules/mod_mixture/magic.o
 .debug_line    0x0000000000002905      0xf83 emodules/mod_mixture/bmp_parser/bmp.o
 .debug_line    0x0000000000003888      0x764 emodules/mod_mixture/bmp_parser/Parse_Picture.o
 .debug_line    0x0000000000003fec     0xe157 ./elibrary/bin/libsyscall.a(syscall.o)
 .debug_line    0x0000000000012143      0x467 ./elibrary/bin/libminic.a(elibs_sprintf.o)
 .debug_line    0x00000000000125aa     0x21a2 ./elibrary/bin/libminic.a(elibs_stdio.o)
 .debug_line    0x000000000001474c      0x766 ./elibrary/bin/libminic.a(elibs_stdlib.o)
 .debug_line    0x0000000000014eb2      0x5cc ./elibrary/bin/libminic.a(elibs_string.o)
 .debug_line    0x000000000001547e      0x4ba ./elibrary/bin/liblzma.a(az100.o)
 .debug_line    0x0000000000015938      0x280 ./elibrary/bin/liblzma.a(compress.o)
 .debug_line    0x0000000000015bb8      0x185 ./elibrary/bin/liblzma.a(LzmaLib.o)
 .debug_line    0x0000000000015d3d     0x368c ./elibrary/bin/liblzma.a(LzmaDec.o)

.debug_str      0x0000000000000000     0x692a
 .debug_str     0x0000000000000000     0x2168 emodules/mod_mixture/mod_mixture.o
                                       0x2280 (size before relaxing)
 .debug_str     0x0000000000002168       0x71 emodules/mod_mixture/magic.o
                                        0x9d6 (size before relaxing)
 .debug_str     0x00000000000021d9      0x276 emodules/mod_mixture/bmp_parser/bmp.o
                                        0xc3f (size before relaxing)
 .debug_str     0x000000000000244f       0xb0 emodules/mod_mixture/bmp_parser/Parse_Picture.o
                                        0xb74 (size before relaxing)
 .debug_str     0x00000000000024ff     0x2eb9 ./elibrary/bin/libsyscall.a(syscall.o)
                                       0x3a2a (size before relaxing)
 .debug_str     0x00000000000053b8      0x2ab ./elibrary/bin/libminic.a(elibs_sprintf.o)
                                        0x55d (size before relaxing)
 .debug_str     0x0000000000005663      0xa86 ./elibrary/bin/libminic.a(elibs_stdio.o)
                                       0x1590 (size before relaxing)
 .debug_str     0x00000000000060e9      0x102 ./elibrary/bin/libminic.a(elibs_stdlib.o)
                                        0xc96 (size before relaxing)
 .debug_str     0x00000000000061eb      0x17d ./elibrary/bin/libminic.a(elibs_string.o)
                                        0x662 (size before relaxing)
 .debug_str     0x0000000000006368       0x80 ./elibrary/bin/liblzma.a(az100.o)
                                        0x9d4 (size before relaxing)
 .debug_str     0x00000000000063e8       0x5e ./elibrary/bin/liblzma.a(compress.o)
                                        0x303 (size before relaxing)
 .debug_str     0x0000000000006446      0x134 ./elibrary/bin/liblzma.a(LzmaLib.o)
                                        0x3ce (size before relaxing)
 .debug_str     0x000000000000657a      0x3b0 ./elibrary/bin/liblzma.a(LzmaDec.o)
                                        0xb4d (size before relaxing)

.debug_frame    0x0000000000000000     0x5388
 .debug_frame   0x0000000000000000      0x380 emodules/mod_mixture/mod_mixture.o
 .debug_frame   0x0000000000000380      0x198 emodules/mod_mixture/bmp_parser/bmp.o
 .debug_frame   0x0000000000000518       0x90 emodules/mod_mixture/bmp_parser/Parse_Picture.o
 .debug_frame   0x00000000000005a8     0x3b20 ./elibrary/bin/libsyscall.a(syscall.o)
 .debug_frame   0x00000000000040c8       0xe0 ./elibrary/bin/libminic.a(elibs_sprintf.o)
 .debug_frame   0x00000000000041a8      0x9f0 ./elibrary/bin/libminic.a(elibs_stdio.o)
 .debug_frame   0x0000000000004b98      0x208 ./elibrary/bin/libminic.a(elibs_stdlib.o)
 .debug_frame   0x0000000000004da0      0x1e8 ./elibrary/bin/libminic.a(elibs_string.o)
 .debug_frame   0x0000000000004f88       0x80 ./elibrary/bin/liblzma.a(az100.o)
 .debug_frame   0x0000000000005008       0x38 ./elibrary/bin/liblzma.a(compress.o)
 .debug_frame   0x0000000000005040       0x68 ./elibrary/bin/liblzma.a(LzmaLib.o)
 .debug_frame   0x00000000000050a8      0x2e0 ./elibrary/bin/liblzma.a(LzmaDec.o)

Cross Reference Table

Symbol                                            File
AZ100_DataUncompress                              ./elibrary/bin/liblzma.a(compress.o)
                                                  ./elibrary/bin/liblzma.a(az100.o)
AZ100_GetUncompressSize                           ./elibrary/bin/liblzma.a(az100.o)
                                                  emodules/mod_mixture/bmp_parser/bmp.o
AZ100_IsCompress                                  ./elibrary/bin/liblzma.a(az100.o)
                                                  emodules/mod_mixture/bmp_parser/bmp.o
AZ100_Uncompress                                  ./elibrary/bin/liblzma.a(az100.o)
                                                  emodules/mod_mixture/bmp_parser/bmp.o
LoadDataFromFile                                  emodules/mod_mixture/mod_mixture.o
LzmaDec_Allocate                                  ./elibrary/bin/liblzma.a(LzmaDec.o)
LzmaDec_AllocateProbs                             ./elibrary/bin/liblzma.a(LzmaDec.o)
LzmaDec_DecodeToBuf                               ./elibrary/bin/liblzma.a(LzmaDec.o)
LzmaDec_DecodeToDic                               ./elibrary/bin/liblzma.a(LzmaDec.o)
LzmaDec_Free                                      ./elibrary/bin/liblzma.a(LzmaDec.o)
LzmaDec_FreeProbs                                 ./elibrary/bin/liblzma.a(LzmaDec.o)
LzmaDec_Init                                      ./elibrary/bin/liblzma.a(LzmaDec.o)
LzmaDec_InitDicAndState                           ./elibrary/bin/liblzma.a(LzmaDec.o)
LzmaDecode                                        ./elibrary/bin/liblzma.a(LzmaDec.o)
                                                  ./elibrary/bin/liblzma.a(LzmaLib.o)
LzmaProps_Decode                                  ./elibrary/bin/liblzma.a(LzmaDec.o)
LzmaUncompress                                    ./elibrary/bin/liblzma.a(LzmaLib.o)
                                                  ./elibrary/bin/liblzma.a(compress.o)
Mod_Mixture_MClose                                emodules/mod_mixture/mod_mixture.o
                                                  emodules/mod_mixture/magic.o
Mod_Mixture_MExit                                 emodules/mod_mixture/mod_mixture.o
                                                  emodules/mod_mixture/magic.o
Mod_Mixture_MInit                                 emodules/mod_mixture/mod_mixture.o
                                                  emodules/mod_mixture/magic.o
Mod_Mixture_MIoctrl                               emodules/mod_mixture/mod_mixture.o
                                                  emodules/mod_mixture/magic.o
Mod_Mixture_MOpen                                 emodules/mod_mixture/mod_mixture.o
                                                  emodules/mod_mixture/magic.o
Mod_Mixture_MRead                                 emodules/mod_mixture/mod_mixture.o
                                                  emodules/mod_mixture/magic.o
Mod_Mixture_MWrite                                emodules/mod_mixture/mod_mixture.o
                                                  emodules/mod_mixture/magic.o
Parse_Pic_BMP_ByBuffer                            emodules/mod_mixture/bmp_parser/Parse_Picture.o
Parse_Pic_BMP_ByPath                              emodules/mod_mixture/bmp_parser/Parse_Picture.o
Parse_Pic_BMP_ByRam                               emodules/mod_mixture/bmp_parser/Parse_Picture.o
                                                  emodules/mod_mixture/mod_mixture.o
ReadDataFromFile                                  emodules/mod_mixture/mod_mixture.o
__libc_init_array                                 ./elibrary/bin/libsyscall.a(syscall_fops.o)
__malloc_lock                                     ./elibrary/bin/libsyscall.a(syscall_fops.o)
__malloc_unlock                                   ./elibrary/bin/libsyscall.a(syscall_fops.o)
_calloc_r                                         ./elibrary/bin/libsyscall.a(syscall_fops.o)
_close_r                                          ./elibrary/bin/libsyscall.a(syscall_fops.o)
                                                  /home/yuzuki/WorkSpace/melis-v3.0/melis-4.x-release/toolchain/riscv64-elf-x86_64-20201104/bin/../lib/gcc/riscv64-unknown-elf/8.4.0/../../../../riscv64-unknown-elf/lib/rv64imafdcxtheadc/lp64d/libc.a(lib_a-sysclose.o)
_exit                                             ./elibrary/bin/libminic.a(elibs_stdlib.o)
_free_r                                           ./elibrary/bin/libsyscall.a(syscall_fops.o)
_fstat_r                                          ./elibrary/bin/libsyscall.a(syscall_fops.o)
_getpid                                           ./elibrary/bin/libminic.a(elibs_stdlib.o)
_gettimeofday_r                                   ./elibrary/bin/libsyscall.a(syscall_fops.o)
_global_impure_ptr                                /home/yuzuki/WorkSpace/melis-v3.0/melis-4.x-release/toolchain/riscv64-elf-x86_64-20201104/bin/../lib/gcc/riscv64-unknown-elf/8.4.0/../../../../riscv64-unknown-elf/lib/rv64imafdcxtheadc/lp64d/libc.a(lib_a-impure.o)
_impure_ptr                                       /home/yuzuki/WorkSpace/melis-v3.0/melis-4.x-release/toolchain/riscv64-elf-x86_64-20201104/bin/../lib/gcc/riscv64-unknown-elf/8.4.0/../../../../riscv64-unknown-elf/lib/rv64imafdcxtheadc/lp64d/libc.a(lib_a-impure.o)
                                                  /home/yuzuki/WorkSpace/melis-v3.0/melis-4.x-release/toolchain/riscv64-elf-x86_64-20201104/bin/../lib/gcc/riscv64-unknown-elf/8.4.0/../../../../riscv64-unknown-elf/lib/rv64imafdcxtheadc/lp64d/libc.a(lib_a-syswrite.o)
                                                  /home/yuzuki/WorkSpace/melis-v3.0/melis-4.x-release/toolchain/riscv64-elf-x86_64-20201104/bin/../lib/gcc/riscv64-unknown-elf/8.4.0/../../../../riscv64-unknown-elf/lib/rv64imafdcxtheadc/lp64d/libc.a(lib_a-sysopen.o)
                                                  /home/yuzuki/WorkSpace/melis-v3.0/melis-4.x-release/toolchain/riscv64-elf-x86_64-20201104/bin/../lib/gcc/riscv64-unknown-elf/8.4.0/../../../../riscv64-unknown-elf/lib/rv64imafdcxtheadc/lp64d/libc.a(lib_a-sysclose.o)
_isatty                                           ./elibrary/bin/libsyscall.a(syscall_fops.o)
_isatty_r                                         ./elibrary/bin/libsyscall.a(syscall_fops.o)
_kill                                             ./elibrary/bin/libminic.a(elibs_stdlib.o)
_lseek_r                                          ./elibrary/bin/libsyscall.a(syscall_fops.o)
_malloc_r                                         ./elibrary/bin/libsyscall.a(syscall_fops.o)
_mkdir_r                                          ./elibrary/bin/libsyscall.a(syscall_fops.o)
_open_r                                           ./elibrary/bin/libsyscall.a(syscall_fops.o)
                                                  /home/yuzuki/WorkSpace/melis-v3.0/melis-4.x-release/toolchain/riscv64-elf-x86_64-20201104/bin/../lib/gcc/riscv64-unknown-elf/8.4.0/../../../../riscv64-unknown-elf/lib/rv64imafdcxtheadc/lp64d/libc.a(lib_a-sysopen.o)
_read_r                                           ./elibrary/bin/libsyscall.a(syscall_fops.o)
_realloc_r                                        ./elibrary/bin/libsyscall.a(syscall_fops.o)
_rename_r                                         ./elibrary/bin/libsyscall.a(syscall_fops.o)
_sbrk                                             ./elibrary/bin/libminic.a(elibs_stdlib.o)
_stat_r                                           ./elibrary/bin/libsyscall.a(syscall_fops.o)
_system                                           ./elibrary/bin/libsyscall.a(syscall_fops.o)
_unlink_r                                         ./elibrary/bin/libsyscall.a(syscall_fops.o)
_write                                            ./elibrary/bin/libminic.a(elibs_stdlib.o)
_write_r                                          ./elibrary/bin/libsyscall.a(syscall_fops.o)
                                                  /home/yuzuki/WorkSpace/melis-v3.0/melis-4.x-release/toolchain/riscv64-elf-x86_64-20201104/bin/../lib/gcc/riscv64-unknown-elf/8.4.0/../../../../riscv64-unknown-elf/lib/rv64imafdcxtheadc/lp64d/libc.a(lib_a-syswrite.o)
backtrace                                         ./elibrary/bin/libsyscall.a(syscall.o)
check_if_lowpower                                 emodules/mod_mixture/startup_check/startup_check.o
close                                             /home/yuzuki/WorkSpace/melis-v3.0/melis-4.x-release/toolchain/riscv64-elf-x86_64-20201104/bin/../lib/gcc/riscv64-unknown-elf/8.4.0/../../../../riscv64-unknown-elf/lib/rv64imafdcxtheadc/lp64d/libc.a(lib_a-sysclose.o)
                                                  emodules/mod_mixture/startup_check/startup_check.o
close_bmp                                         emodules/mod_mixture/bmp_parser/bmp.o
                                                  emodules/mod_mixture/bmp_parser/Parse_Picture.o
close_bmp_animation                               emodules/mod_mixture/mod_mixture.o
close_bmp_logo                                    emodules/mod_mixture/mod_mixture.o
closedir                                          ./elibrary/bin/libsyscall.a(syscall_fops.o)
eLIBs_DirEnt2Attr                                 ./elibrary/bin/libminic.a(elibs_stdio.o)
eLIBs_DirEnt2Name                                 ./elibrary/bin/libminic.a(elibs_stdio.o)
eLIBs_DirEnt2Size                                 ./elibrary/bin/libminic.a(elibs_stdio.o)
eLIBs_DirEnt2Time                                 ./elibrary/bin/libminic.a(elibs_stdio.o)
eLIBs_GetDate                                     ./elibrary/bin/libminic.a(elibs_stdio.o)
eLIBs_GetDevName                                  ./elibrary/bin/libminic.a(elibs_stdio.o)
eLIBs_GetDevParts                                 ./elibrary/bin/libminic.a(elibs_stdio.o)
eLIBs_GetDirATime                                 ./elibrary/bin/libminic.a(elibs_stdio.o)
eLIBs_GetDirCTime                                 ./elibrary/bin/libminic.a(elibs_stdio.o)
eLIBs_GetDirMTime                                 ./elibrary/bin/libminic.a(elibs_stdio.o)
eLIBs_GetDirSize                                  ./elibrary/bin/libminic.a(elibs_stdio.o)
eLIBs_GetDiskArray                                ./elibrary/bin/libminic.a(elibs_stdio.o)
eLIBs_GetFSAttribute                              ./elibrary/bin/libminic.a(elibs_stdio.o)
eLIBs_GetFSCharset                                ./elibrary/bin/libminic.a(elibs_stdio.o)
eLIBs_GetFSName                                   ./elibrary/bin/libminic.a(elibs_stdio.o)
eLIBs_GetFileATime                                ./elibrary/bin/libminic.a(elibs_stdio.o)
eLIBs_GetFileAttributes                           ./elibrary/bin/libminic.a(elibs_stdio.o)
eLIBs_GetFileCTime                                ./elibrary/bin/libminic.a(elibs_stdio.o)
eLIBs_GetFileMTime                                ./elibrary/bin/libminic.a(elibs_stdio.o)
eLIBs_GetFileSize                                 ./elibrary/bin/libminic.a(elibs_stdio.o)
eLIBs_GetNumFiles                                 ./elibrary/bin/libminic.a(elibs_stdio.o)
eLIBs_GetNumSubItems                              ./elibrary/bin/libminic.a(elibs_stdio.o)
eLIBs_GetPTName                                   ./elibrary/bin/libminic.a(elibs_stdio.o)
eLIBs_GetTime                                     ./elibrary/bin/libminic.a(elibs_stdio.o)
eLIBs_GetVolClustSize                             ./elibrary/bin/libminic.a(elibs_stdio.o)
eLIBs_GetVolFSpace                                ./elibrary/bin/libminic.a(elibs_stdio.o)
eLIBs_GetVolName                                  ./elibrary/bin/libminic.a(elibs_stdio.o)
eLIBs_GetVolNameCharset                           ./elibrary/bin/libminic.a(elibs_stdio.o)
eLIBs_GetVolTSpace                                ./elibrary/bin/libminic.a(elibs_stdio.o)
eLIBs_IsPartFormated                              ./elibrary/bin/libminic.a(elibs_stdio.o)
eLIBs_SetFileAttributes                           ./elibrary/bin/libminic.a(elibs_stdio.o)
eLIBs_atof                                        ./elibrary/bin/libminic.a(elibs_stdlib.o)
eLIBs_atoi                                        ./elibrary/bin/libminic.a(elibs_stdlib.o)
                                                  emodules/mod_mixture/mod_mixture.o
eLIBs_closedir                                    ./elibrary/bin/libminic.a(elibs_stdio.o)
eLIBs_disklock                                    ./elibrary/bin/libminic.a(elibs_stdio.o)
eLIBs_diskunlock                                  ./elibrary/bin/libminic.a(elibs_stdio.o)
eLIBs_fclose                                      ./elibrary/bin/libminic.a(elibs_stdio.o)
                                                  emodules/mod_mixture/bmp_parser/bmp.o
                                                  emodules/mod_mixture/startup_check/startup_check.o
                                                  emodules/mod_mixture/mod_mixture.o
eLIBs_fd2file                                     ./elibrary/bin/libminic.a(elibs_stdio.o)
eLIBs_feof                                        ./elibrary/bin/libminic.a(elibs_stdio.o)
eLIBs_ferrclr                                     ./elibrary/bin/libminic.a(elibs_stdio.o)
eLIBs_ferror                                      ./elibrary/bin/libminic.a(elibs_stdio.o)
eLIBs_fgetc                                       ./elibrary/bin/libminic.a(elibs_stdio.o)
eLIBs_fgets                                       ./elibrary/bin/libminic.a(elibs_stdio.o)
eLIBs_file2fd                                     ./elibrary/bin/libminic.a(elibs_stdio.o)
eLIBs_fioctrl                                     ./elibrary/bin/libminic.a(elibs_stdio.o)
eLIBs_fllseek                                     ./elibrary/bin/libminic.a(elibs_stdio.o)
                                                  emodules/mod_mixture/mod_mixture.o
eLIBs_flltell                                     ./elibrary/bin/libminic.a(elibs_stdio.o)
                                                  emodules/mod_mixture/mod_mixture.o
eLIBs_fopen                                       ./elibrary/bin/libminic.a(elibs_stdio.o)
                                                  emodules/mod_mixture/bmp_parser/bmp.o
                                                  emodules/mod_mixture/startup_check/startup_check.o
                                                  emodules/mod_mixture/mod_mixture.o
eLIBs_format                                      ./elibrary/bin/libminic.a(elibs_stdio.o)
eLIBs_fputc                                       ./elibrary/bin/libminic.a(elibs_stdio.o)
eLIBs_fputs                                       ./elibrary/bin/libminic.a(elibs_stdio.o)
eLIBs_fread                                       ./elibrary/bin/libminic.a(elibs_stdio.o)
                                                  emodules/mod_mixture/bmp_parser/bmp.o
                                                  emodules/mod_mixture/startup_check/startup_check.o
                                                  emodules/mod_mixture/mod_mixture.o
eLIBs_free                                        ./elibrary/bin/libminic.a(elibs_stdlib.o)
                                                  ./elibrary/bin/liblzma.a(LzmaLib.o)
                                                  emodules/mod_mixture/bmp_parser/bmp.o
                                                  emodules/mod_mixture/startup_check/startup_check.o
                                                  emodules/mod_mixture/mod_mixture.o
eLIBs_fseek                                       ./elibrary/bin/libminic.a(elibs_stdio.o)
                                                  emodules/mod_mixture/bmp_parser/bmp.o
                                                  emodules/mod_mixture/startup_check/startup_check.o
eLIBs_fstat                                       ./elibrary/bin/libminic.a(elibs_stdio.o)
eLIBs_fsync                                       ./elibrary/bin/libminic.a(elibs_stdio.o)
eLIBs_ftell                                       ./elibrary/bin/libminic.a(elibs_stdio.o)
                                                  emodules/mod_mixture/bmp_parser/bmp.o
                                                  emodules/mod_mixture/startup_check/startup_check.o
eLIBs_ftruncate                                   ./elibrary/bin/libminic.a(elibs_stdio.o)
eLIBs_fwrite                                      ./elibrary/bin/libminic.a(elibs_stdio.o)
eLIBs_int2str_dec                                 ./elibrary/bin/libminic.a(elibs_stdlib.o)
eLIBs_int2str_hex                                 ./elibrary/bin/libminic.a(elibs_stdlib.o)
eLIBs_isspace                                     ./elibrary/bin/libminic.a(elibs_stdlib.o)
eLIBs_malloc                                      ./elibrary/bin/libminic.a(elibs_stdlib.o)
                                                  ./elibrary/bin/liblzma.a(LzmaLib.o)
                                                  emodules/mod_mixture/bmp_parser/bmp.o
                                                  emodules/mod_mixture/startup_check/startup_check.o
                                                  emodules/mod_mixture/mod_mixture.o
eLIBs_memclr                                      ./elibrary/bin/libminic.a(elibs_string.o)
eLIBs_memcmp                                      ./elibrary/bin/libminic.a(elibs_string.o)
eLIBs_memcpy                                      ./elibrary/bin/libminic.a(elibs_string.o)
                                                  ./elibrary/bin/libminic.a(elibs_stdio.o)
                                                  emodules/mod_mixture/bmp_parser/bmp.o
                                                  emodules/mod_mixture/mod_mixture.o
eLIBs_memmove                                     ./elibrary/bin/libminic.a(elibs_string.o)
eLIBs_memset                                      ./elibrary/bin/libminic.a(elibs_string.o)
                                                  emodules/mod_mixture/bmp_parser/Parse_Picture.o
                                                  emodules/mod_mixture/bmp_parser/bmp.o
                                                  emodules/mod_mixture/startup_check/startup_check.o
                                                  emodules/mod_mixture/mod_mixture.o
eLIBs_mkdir                                       ./elibrary/bin/libminic.a(elibs_stdio.o)
eLIBs_open                                        ./elibrary/bin/libminic.a(elibs_stdio.o)
eLIBs_opendir                                     ./elibrary/bin/libminic.a(elibs_stdio.o)
eLIBs_printf                                      ./elibrary/bin/libminic.a(elibs_stdio.o)
eLIBs_ramdom                                      ./elibrary/bin/libminic.a(elibs_stdlib.o)
eLIBs_readdir                                     ./elibrary/bin/libminic.a(elibs_stdio.o)
eLIBs_realloc                                     ./elibrary/bin/libminic.a(elibs_stdlib.o)
eLIBs_remove                                      ./elibrary/bin/libminic.a(elibs_stdio.o)
eLIBs_rename                                      ./elibrary/bin/libminic.a(elibs_stdio.o)
eLIBs_rewinddir                                   ./elibrary/bin/libminic.a(elibs_stdio.o)
eLIBs_rmdir                                       ./elibrary/bin/libminic.a(elibs_stdio.o)
eLIBs_scnprintf                                   ./elibrary/bin/libminic.a(elibs_sprintf.o)
eLIBs_setfs                                       ./elibrary/bin/libminic.a(elibs_stdio.o)
eLIBs_snprintf                                    ./elibrary/bin/libminic.a(elibs_sprintf.o)
eLIBs_sprintf                                     ./elibrary/bin/libminic.a(elibs_sprintf.o)
                                                  emodules/mod_mixture/mod_mixture.o
eLIBs_sscanf                                      ./elibrary/bin/libminic.a(elibs_stdlib.o)
eLIBs_statfs                                      ./elibrary/bin/libminic.a(elibs_stdio.o)
eLIBs_strcat                                      ./elibrary/bin/libminic.a(elibs_string.o)
                                                  ./elibrary/bin/libminic.a(elibs_stdio.o)
eLIBs_strchr                                      ./elibrary/bin/libminic.a(elibs_string.o)
eLIBs_strchrlast                                  ./elibrary/bin/libminic.a(elibs_string.o)
eLIBs_strcmp                                      ./elibrary/bin/libminic.a(elibs_string.o)
                                                  ./elibrary/bin/libminic.a(elibs_stdio.o)
eLIBs_strcpy                                      ./elibrary/bin/libminic.a(elibs_string.o)
                                                  ./elibrary/bin/libminic.a(elibs_stdio.o)
eLIBs_stricmp                                     ./elibrary/bin/libminic.a(elibs_string.o)
                                                  ./elibrary/bin/libminic.a(elibs_stdio.o)
eLIBs_strlen                                      ./elibrary/bin/libminic.a(elibs_string.o)
                                                  ./elibrary/bin/libminic.a(elibs_stdio.o)
eLIBs_strncat                                     ./elibrary/bin/libminic.a(elibs_string.o)
eLIBs_strnchr                                     ./elibrary/bin/libminic.a(elibs_string.o)
eLIBs_strncmp                                     ./elibrary/bin/libminic.a(elibs_string.o)
                                                  ./elibrary/bin/liblzma.a(az100.o)
eLIBs_strncpy                                     ./elibrary/bin/libminic.a(elibs_string.o)
                                                  ./elibrary/bin/libminic.a(elibs_stdio.o)
eLIBs_strnicmp                                    ./elibrary/bin/libminic.a(elibs_string.o)
eLIBs_strnlen                                     ./elibrary/bin/libminic.a(elibs_string.o)
eLIBs_strstr                                      ./elibrary/bin/libminic.a(elibs_string.o)
eLIBs_strtol                                      ./elibrary/bin/libminic.a(elibs_stdlib.o)
eLIBs_toupper                                     ./elibrary/bin/libminic.a(elibs_stdlib.o)
eLIBs_uint2str_dec                                ./elibrary/bin/libminic.a(elibs_stdlib.o)
eLIBs_vprintf                                     ./elibrary/bin/libminic.a(elibs_stdio.o)
eLIBs_vscnprintf                                  ./elibrary/bin/libminic.a(elibs_sprintf.o)
                                                  ./elibrary/bin/libminic.a(elibs_stdio.o)
eLIBs_vsnprintf                                   ./elibrary/bin/libminic.a(elibs_sprintf.o)
eLIBs_vsprintf                                    ./elibrary/bin/libminic.a(elibs_sprintf.o)
esCFG_Exit_Ex                                     ./elibrary/bin/libsyscall.a(syscall.o)
esCFG_GetGPIOSecData                              ./elibrary/bin/libsyscall.a(syscall.o)
esCFG_GetGPIOSecData_Ex                           ./elibrary/bin/libsyscall.a(syscall.o)
esCFG_GetGPIOSecKeyCount                          ./elibrary/bin/libsyscall.a(syscall.o)
esCFG_GetGPIOSecKeyCount_Ex                       ./elibrary/bin/libsyscall.a(syscall.o)
esCFG_GetKeyValue                                 ./elibrary/bin/libsyscall.a(syscall.o)
                                                  emodules/mod_mixture/startup_check/startup_check.o
                                                  emodules/mod_mixture/mod_mixture.o
esCFG_GetKeyValue_Ex                              ./elibrary/bin/libsyscall.a(syscall.o)
esCFG_GetSecCount                                 ./elibrary/bin/libsyscall.a(syscall.o)
esCFG_GetSecCount_Ex                              ./elibrary/bin/libsyscall.a(syscall.o)
esCFG_GetSecKeyCount                              ./elibrary/bin/libsyscall.a(syscall.o)
esCFG_GetSecKeyCount_Ex                           ./elibrary/bin/libsyscall.a(syscall.o)
esCFG_Init_Ex                                     ./elibrary/bin/libsyscall.a(syscall.o)
esCHS_Char2Uni                                    ./elibrary/bin/libsyscall.a(syscall.o)
esCHS_GetChLowerTbl                               ./elibrary/bin/libsyscall.a(syscall.o)
esCHS_GetChUpperTbl                               ./elibrary/bin/libsyscall.a(syscall.o)
esCHS_Uni2Char                                    ./elibrary/bin/libsyscall.a(syscall.o)
esCLK_CloseMclk                                   ./elibrary/bin/libsyscall.a(syscall.o)
esCLK_GetMclkDiv                                  ./elibrary/bin/libsyscall.a(syscall.o)
esCLK_GetMclkSrc                                  ./elibrary/bin/libsyscall.a(syscall.o)
esCLK_GetRound_Rate                               ./elibrary/bin/libsyscall.a(syscall.o)
esCLK_GetSrcFreq                                  ./elibrary/bin/libsyscall.a(syscall.o)
esCLK_MclkAssert                                  ./elibrary/bin/libsyscall.a(syscall.o)
esCLK_MclkDeassert                                ./elibrary/bin/libsyscall.a(syscall.o)
esCLK_MclkGetRstStatus                            ./elibrary/bin/libsyscall.a(syscall.o)
esCLK_MclkOnOff                                   ./elibrary/bin/libsyscall.a(syscall.o)
esCLK_MclkRegCb                                   ./elibrary/bin/libsyscall.a(syscall.o)
esCLK_MclkReset                                   ./elibrary/bin/libsyscall.a(syscall.o)
esCLK_MclkUnregCb                                 ./elibrary/bin/libsyscall.a(syscall.o)
esCLK_ModInfo                                     ./elibrary/bin/libsyscall.a(syscall.o)
esCLK_OpenMclk                                    ./elibrary/bin/libsyscall.a(syscall.o)
esCLK_SetMclkDiv                                  ./elibrary/bin/libsyscall.a(syscall.o)
esCLK_SetMclkSrc                                  ./elibrary/bin/libsyscall.a(syscall.o)
esCLK_SetSrcFreq                                  ./elibrary/bin/libsyscall.a(syscall.o)
esCLK_SysInfo                                     ./elibrary/bin/libsyscall.a(syscall.o)
esDEV_Close                                       ./elibrary/bin/libsyscall.a(syscall.o)
esDEV_DevReg                                      ./elibrary/bin/libsyscall.a(syscall.o)
esDEV_DevUnreg                                    ./elibrary/bin/libsyscall.a(syscall.o)
esDEV_Insmod                                      ./elibrary/bin/libsyscall.a(syscall.o)
esDEV_Ioctl                                       ./elibrary/bin/libsyscall.a(syscall.o)
esDEV_Lock                                        ./elibrary/bin/libsyscall.a(syscall.o)
esDEV_Open                                        ./elibrary/bin/libsyscall.a(syscall.o)
esDEV_Plugin                                      ./elibrary/bin/libsyscall.a(syscall.o)
esDEV_Plugout                                     ./elibrary/bin/libsyscall.a(syscall.o)
esDEV_Read                                        ./elibrary/bin/libsyscall.a(syscall.o)
esDEV_Unimod                                      ./elibrary/bin/libsyscall.a(syscall.o)
esDEV_Unlock                                      ./elibrary/bin/libsyscall.a(syscall.o)
esDEV_Write                                       ./elibrary/bin/libsyscall.a(syscall.o)
esDMA_ChangeMode                                  ./elibrary/bin/libsyscall.a(syscall.o)
esDMA_DisableINT                                  ./elibrary/bin/libsyscall.a(syscall.o)
esDMA_EnableINT                                   ./elibrary/bin/libsyscall.a(syscall.o)
esDMA_Information                                 ./elibrary/bin/libsyscall.a(syscall.o)
esDMA_QueryDst                                    ./elibrary/bin/libsyscall.a(syscall.o)
esDMA_QueryRestCount                              ./elibrary/bin/libsyscall.a(syscall.o)
esDMA_QuerySrc                                    ./elibrary/bin/libsyscall.a(syscall.o)
esDMA_QueryStat                                   ./elibrary/bin/libsyscall.a(syscall.o)
esDMA_RegDmaHdler                                 ./elibrary/bin/libsyscall.a(syscall.o)
esDMA_Release                                     ./elibrary/bin/libsyscall.a(syscall.o)
esDMA_Request                                     ./elibrary/bin/libsyscall.a(syscall.o)
esDMA_Restart                                     ./elibrary/bin/libsyscall.a(syscall.o)
esDMA_Setting                                     ./elibrary/bin/libsyscall.a(syscall.o)
esDMA_Start                                       ./elibrary/bin/libsyscall.a(syscall.o)
esDMA_Stop                                        ./elibrary/bin/libsyscall.a(syscall.o)
esDMA_UnregDmaHdler                               ./elibrary/bin/libsyscall.a(syscall.o)
esEXEC_PCreate                                    ./elibrary/bin/libsyscall.a(syscall.o)
esEXEC_PDel                                       ./elibrary/bin/libsyscall.a(syscall.o)
esEXEC_PDelReq                                    ./elibrary/bin/libsyscall.a(syscall.o)
esEXEC_Run                                        ./elibrary/bin/libsyscall.a(syscall.o)
esFSYS_clearpartupdateflag                        ./elibrary/bin/libsyscall.a(syscall.o)
esFSYS_closedir                                   ./elibrary/bin/libsyscall.a(syscall.o)
                                                  ./elibrary/bin/libminic.a(elibs_stdio.o)
esFSYS_fclose                                     ./elibrary/bin/libsyscall.a(syscall.o)
                                                  ./elibrary/bin/libminic.a(elibs_stdio.o)
esFSYS_fd2file                                    ./elibrary/bin/libsyscall.a(syscall.o)
                                                  ./elibrary/bin/libminic.a(elibs_stdio.o)
esFSYS_ferrclr                                    ./elibrary/bin/libsyscall.a(syscall.o)
                                                  ./elibrary/bin/libminic.a(elibs_stdio.o)
esFSYS_ferror                                     ./elibrary/bin/libsyscall.a(syscall.o)
                                                  ./elibrary/bin/libminic.a(elibs_stdio.o)
esFSYS_file2fd                                    ./elibrary/bin/libsyscall.a(syscall.o)
                                                  ./elibrary/bin/libminic.a(elibs_stdio.o)
esFSYS_fioctrl                                    ./elibrary/bin/libsyscall.a(syscall.o)
                                                  ./elibrary/bin/libminic.a(elibs_stdio.o)
esFSYS_fopen                                      ./elibrary/bin/libsyscall.a(syscall.o)
                                                  ./elibrary/bin/libminic.a(elibs_stdio.o)
esFSYS_format                                     ./elibrary/bin/libsyscall.a(syscall.o)
                                                  ./elibrary/bin/libminic.a(elibs_stdio.o)
esFSYS_fread                                      ./elibrary/bin/libsyscall.a(syscall.o)
                                                  ./elibrary/bin/libminic.a(elibs_stdio.o)
esFSYS_fsdbg                                      ./elibrary/bin/libsyscall.a(syscall.o)
esFSYS_fseek                                      ./elibrary/bin/libsyscall.a(syscall.o)
                                                  ./elibrary/bin/libminic.a(elibs_stdio.o)
esFSYS_fseekex                                    ./elibrary/bin/libsyscall.a(syscall.o)
                                                  ./elibrary/bin/libminic.a(elibs_stdio.o)
esFSYS_fsreg                                      ./elibrary/bin/libsyscall.a(syscall.o)
esFSYS_fstat                                      ./elibrary/bin/libsyscall.a(syscall.o)
                                                  ./elibrary/bin/libminic.a(elibs_stdio.o)
esFSYS_fsunreg                                    ./elibrary/bin/libsyscall.a(syscall.o)
esFSYS_fsync                                      ./elibrary/bin/libsyscall.a(syscall.o)
                                                  ./elibrary/bin/libminic.a(elibs_stdio.o)
esFSYS_ftell                                      ./elibrary/bin/libsyscall.a(syscall.o)
                                                  ./elibrary/bin/libminic.a(elibs_stdio.o)
esFSYS_ftellex                                    ./elibrary/bin/libsyscall.a(syscall.o)
                                                  ./elibrary/bin/libminic.a(elibs_stdio.o)
esFSYS_ftruncate                                  ./elibrary/bin/libsyscall.a(syscall.o)
                                                  ./elibrary/bin/libminic.a(elibs_stdio.o)
esFSYS_fwrite                                     ./elibrary/bin/libsyscall.a(syscall.o)
                                                  ./elibrary/bin/libminic.a(elibs_stdio.o)
esFSYS_getfscharset                               ./elibrary/bin/libsyscall.a(syscall.o)
                                                  ./elibrary/bin/libminic.a(elibs_stdio.o)
esFSYS_mkdir                                      ./elibrary/bin/libsyscall.a(syscall.o)
                                                  ./elibrary/bin/libminic.a(elibs_stdio.o)
esFSYS_mntfs                                      ./elibrary/bin/libsyscall.a(syscall.o)
esFSYS_mntparts                                   ./elibrary/bin/libsyscall.a(syscall.o)
esFSYS_open                                       ./elibrary/bin/libsyscall.a(syscall.o)
                                                  ./elibrary/bin/libminic.a(elibs_stdio.o)
esFSYS_opendir                                    ./elibrary/bin/libsyscall.a(syscall.o)
                                                  ./elibrary/bin/libminic.a(elibs_stdio.o)
esFSYS_partfslck                                  ./elibrary/bin/libsyscall.a(syscall.o)
                                                  ./elibrary/bin/libminic.a(elibs_stdio.o)
esFSYS_partfsunlck                                ./elibrary/bin/libsyscall.a(syscall.o)
                                                  ./elibrary/bin/libminic.a(elibs_stdio.o)
esFSYS_pclose                                     ./elibrary/bin/libsyscall.a(syscall.o)
esFSYS_pdreg                                      ./elibrary/bin/libsyscall.a(syscall.o)
esFSYS_pdunreg                                    ./elibrary/bin/libsyscall.a(syscall.o)
esFSYS_perrclr                                    ./elibrary/bin/libsyscall.a(syscall.o)
esFSYS_perror                                     ./elibrary/bin/libsyscall.a(syscall.o)
esFSYS_pioctrl                                    ./elibrary/bin/libsyscall.a(syscall.o)
esFSYS_popen                                      ./elibrary/bin/libsyscall.a(syscall.o)
esFSYS_pread                                      ./elibrary/bin/libsyscall.a(syscall.o)
esFSYS_premove                                    ./elibrary/bin/libsyscall.a(syscall.o)
esFSYS_prename                                    ./elibrary/bin/libsyscall.a(syscall.o)
esFSYS_pwrite                                     ./elibrary/bin/libsyscall.a(syscall.o)
esFSYS_querypartupdateflag                        ./elibrary/bin/libsyscall.a(syscall.o)
esFSYS_readdir                                    ./elibrary/bin/libsyscall.a(syscall.o)
                                                  ./elibrary/bin/libminic.a(elibs_stdio.o)
esFSYS_remove                                     ./elibrary/bin/libsyscall.a(syscall.o)
                                                  ./elibrary/bin/libminic.a(elibs_stdio.o)
esFSYS_rename                                     ./elibrary/bin/libsyscall.a(syscall.o)
                                                  ./elibrary/bin/libminic.a(elibs_stdio.o)
esFSYS_rewinddir                                  ./elibrary/bin/libsyscall.a(syscall.o)
                                                  ./elibrary/bin/libminic.a(elibs_stdio.o)
esFSYS_rmdir                                      ./elibrary/bin/libsyscall.a(syscall.o)
                                                  ./elibrary/bin/libminic.a(elibs_stdio.o)
esFSYS_setfs                                      ./elibrary/bin/libsyscall.a(syscall.o)
                                                  ./elibrary/bin/libminic.a(elibs_stdio.o)
esFSYS_statfs                                     ./elibrary/bin/libsyscall.a(syscall.o)
                                                  ./elibrary/bin/libminic.a(elibs_stdio.o)
esFSYS_statpt                                     ./elibrary/bin/libsyscall.a(syscall.o)
                                                  ./elibrary/bin/libminic.a(elibs_stdio.o)
esFSYS_umntfs                                     ./elibrary/bin/libsyscall.a(syscall.o)
esFSYS_umntparts                                  ./elibrary/bin/libsyscall.a(syscall.o)
esHID_SendMsg                                     ./elibrary/bin/libsyscall.a(syscall.o)
esHID_hiddevreg                                   ./elibrary/bin/libsyscall.a(syscall.o)
esHID_hiddevunreg                                 ./elibrary/bin/libsyscall.a(syscall.o)
esINPUT_GetLdevID                                 ./elibrary/bin/libsyscall.a(syscall.o)
esINPUT_LdevCtl                                   ./elibrary/bin/libsyscall.a(syscall.o)
esINPUT_LdevFeedback                              ./elibrary/bin/libsyscall.a(syscall.o)
esINPUT_LdevGrab                                  ./elibrary/bin/libsyscall.a(syscall.o)
esINPUT_LdevRelease                               ./elibrary/bin/libsyscall.a(syscall.o)
esINPUT_RegDev                                    ./elibrary/bin/libsyscall.a(syscall.o)
esINPUT_SendEvent                                 ./elibrary/bin/libsyscall.a(syscall.o)
esINPUT_UnregDev                                  ./elibrary/bin/libsyscall.a(syscall.o)
esINT_DisableINT                                  ./elibrary/bin/libsyscall.a(syscall.o)
esINT_EnableINT                                   ./elibrary/bin/libsyscall.a(syscall.o)
esINT_InsFIR                                      ./elibrary/bin/libsyscall.a(syscall.o)
esINT_InsISR                                      ./elibrary/bin/libsyscall.a(syscall.o)
esINT_SetIRQPrio                                  ./elibrary/bin/libsyscall.a(syscall.o)
esINT_UniFIR                                      ./elibrary/bin/libsyscall.a(syscall.o)
esINT_UniISR                                      ./elibrary/bin/libsyscall.a(syscall.o)
esKRNL_CallBack                                   ./elibrary/bin/libsyscall.a(syscall.o)
esKRNL_DumpStack                                  ./elibrary/bin/libsyscall.a(syscall.o)
esKRNL_FlagAccept                                 ./elibrary/bin/libsyscall.a(syscall.o)
esKRNL_FlagCreate                                 ./elibrary/bin/libsyscall.a(syscall.o)
esKRNL_FlagDel                                    ./elibrary/bin/libsyscall.a(syscall.o)
esKRNL_FlagNameGet                                ./elibrary/bin/libsyscall.a(syscall.o)
esKRNL_FlagNameSet                                ./elibrary/bin/libsyscall.a(syscall.o)
esKRNL_FlagPend                                   ./elibrary/bin/libsyscall.a(syscall.o)
esKRNL_FlagPendGetFlagsRdy                        ./elibrary/bin/libsyscall.a(syscall.o)
esKRNL_FlagPost                                   ./elibrary/bin/libsyscall.a(syscall.o)
esKRNL_FlagQuery                                  ./elibrary/bin/libsyscall.a(syscall.o)
esKRNL_GetCallBack                                ./elibrary/bin/libsyscall.a(syscall.o)
esKRNL_GetTIDCur                                  ./elibrary/bin/libsyscall.a(syscall.o)
esKRNL_InterruptDisable                           ./elibrary/bin/libsyscall.a(syscall.o)
esKRNL_InterruptEnable                            ./elibrary/bin/libsyscall.a(syscall.o)
esKRNL_MboxAccept                                 ./elibrary/bin/libsyscall.a(syscall.o)
esKRNL_MboxCreate                                 ./elibrary/bin/libsyscall.a(syscall.o)
esKRNL_MboxDel                                    ./elibrary/bin/libsyscall.a(syscall.o)
esKRNL_MboxPend                                   ./elibrary/bin/libsyscall.a(syscall.o)
esKRNL_MboxPost                                   ./elibrary/bin/libsyscall.a(syscall.o)
esKRNL_MboxPostOpt                                ./elibrary/bin/libsyscall.a(syscall.o)
esKRNL_MboxQuery                                  ./elibrary/bin/libsyscall.a(syscall.o)
esKRNL_MemLeakChk                                 ./elibrary/bin/libsyscall.a(syscall.o)
esKRNL_MutexCreate                                ./elibrary/bin/libsyscall.a(syscall.o)
esKRNL_MutexDel                                   ./elibrary/bin/libsyscall.a(syscall.o)
esKRNL_MutexPend                                  ./elibrary/bin/libsyscall.a(syscall.o)
esKRNL_MutexPost                                  ./elibrary/bin/libsyscall.a(syscall.o)
esKRNL_QAccept                                    ./elibrary/bin/libsyscall.a(syscall.o)
esKRNL_QCreate                                    ./elibrary/bin/libsyscall.a(syscall.o)
esKRNL_QDel                                       ./elibrary/bin/libsyscall.a(syscall.o)
esKRNL_QFlush                                     ./elibrary/bin/libsyscall.a(syscall.o)
esKRNL_QPend                                      ./elibrary/bin/libsyscall.a(syscall.o)
esKRNL_QPost                                      ./elibrary/bin/libsyscall.a(syscall.o)
esKRNL_QPostFront                                 ./elibrary/bin/libsyscall.a(syscall.o)
esKRNL_QPostOpt                                   ./elibrary/bin/libsyscall.a(syscall.o)
esKRNL_QQuery                                     ./elibrary/bin/libsyscall.a(syscall.o)
esKRNL_SchedLock                                  ./elibrary/bin/libsyscall.a(syscall.o)
esKRNL_SchedUnlock                                ./elibrary/bin/libsyscall.a(syscall.o)
esKRNL_SemAccept                                  ./elibrary/bin/libsyscall.a(syscall.o)
esKRNL_SemCreate                                  ./elibrary/bin/libsyscall.a(syscall.o)
                                                  emodules/mod_mixture/mod_mixture.o
esKRNL_SemDel                                     ./elibrary/bin/libsyscall.a(syscall.o)
esKRNL_SemPend                                    ./elibrary/bin/libsyscall.a(syscall.o)
                                                  emodules/mod_mixture/mod_mixture.o
esKRNL_SemPost                                    ./elibrary/bin/libsyscall.a(syscall.o)
                                                  emodules/mod_mixture/mod_mixture.o
esKRNL_SemQuery                                   ./elibrary/bin/libsyscall.a(syscall.o)
esKRNL_SemSet                                     ./elibrary/bin/libsyscall.a(syscall.o)
esKRNL_SktAccept                                  ./elibrary/bin/libsyscall.a(syscall.o)
esKRNL_SktCreate                                  ./elibrary/bin/libsyscall.a(syscall.o)
esKRNL_SktDel                                     ./elibrary/bin/libsyscall.a(syscall.o)
esKRNL_SktPend                                    ./elibrary/bin/libsyscall.a(syscall.o)
esKRNL_SktPost                                    ./elibrary/bin/libsyscall.a(syscall.o)
esKRNL_TCreate                                    ./elibrary/bin/libsyscall.a(syscall.o)
                                                  emodules/mod_mixture/mod_mixture.o
esKRNL_TDel                                       ./elibrary/bin/libsyscall.a(syscall.o)
                                                  emodules/mod_mixture/mod_mixture.o
esKRNL_TDelReq                                    ./elibrary/bin/libsyscall.a(syscall.o)
                                                  emodules/mod_mixture/mod_mixture.o
esKRNL_TaskNameSet                                ./elibrary/bin/libsyscall.a(syscall.o)
esKRNL_TaskPrefEn                                 ./elibrary/bin/libsyscall.a(syscall.o)
esKRNL_TaskQuery                                  ./elibrary/bin/libsyscall.a(syscall.o)
esKRNL_TaskResume                                 ./elibrary/bin/libsyscall.a(syscall.o)
esKRNL_TaskSuspend                                ./elibrary/bin/libsyscall.a(syscall.o)
esKRNL_Time                                       ./elibrary/bin/libsyscall.a(syscall.o)
esKRNL_TimeDly                                    ./elibrary/bin/libsyscall.a(syscall.o)
                                                  emodules/mod_mixture/startup_check/startup_check.o
                                                  emodules/mod_mixture/mod_mixture.o
esKRNL_TimeDlyResume                              ./elibrary/bin/libsyscall.a(syscall.o)
esKRNL_TimeGet                                    ./elibrary/bin/libsyscall.a(syscall.o)
esKRNL_TimeSet                                    ./elibrary/bin/libsyscall.a(syscall.o)
esKRNL_TmrCreate                                  ./elibrary/bin/libsyscall.a(syscall.o)
esKRNL_TmrDel                                     ./elibrary/bin/libsyscall.a(syscall.o)
esKRNL_TmrError                                   ./elibrary/bin/libsyscall.a(syscall.o)
esKRNL_TmrRemainGet                               ./elibrary/bin/libsyscall.a(syscall.o)
esKRNL_TmrStart                                   ./elibrary/bin/libsyscall.a(syscall.o)
esKRNL_TmrStateGet                                ./elibrary/bin/libsyscall.a(syscall.o)
esKRNL_TmrStop                                    ./elibrary/bin/libsyscall.a(syscall.o)
esKRNL_Version                                    ./elibrary/bin/libsyscall.a(syscall.o)
esKSRV_ClearWatchDog                              ./elibrary/bin/libsyscall.a(syscall.o)
esKSRV_DisableWatchDog                            ./elibrary/bin/libsyscall.a(syscall.o)
esKSRV_DisableWatchDogSrv                         ./elibrary/bin/libsyscall.a(syscall.o)
esKSRV_EnableWatchDog                             ./elibrary/bin/libsyscall.a(syscall.o)
esKSRV_EnableWatchDogSrv                          ./elibrary/bin/libsyscall.a(syscall.o)
esKSRV_GetAddPara                                 ./elibrary/bin/libsyscall.a(syscall.o)
esKSRV_GetDramCfgPara                             ./elibrary/bin/libsyscall.a(syscall.o)
esKSRV_GetHighMsg                                 ./elibrary/bin/libsyscall.a(syscall.o)
esKSRV_GetLowMsg                                  ./elibrary/bin/libsyscall.a(syscall.o)
esKSRV_GetMsg                                     ./elibrary/bin/libsyscall.a(syscall.o)
esKSRV_GetPara                                    ./elibrary/bin/libsyscall.a(syscall.o)
esKSRV_GetSocID                                   ./elibrary/bin/libsyscall.a(syscall.o)
esKSRV_GetTargetPara                              ./elibrary/bin/libsyscall.a(syscall.o)
esKSRV_GetVersion                                 ./elibrary/bin/libsyscall.a(syscall.o)
esKSRV_Get_Display_Hld                            ./elibrary/bin/libsyscall.a(syscall.o)
                                                  emodules/mod_mixture/mod_mixture.o
esKSRV_Get_Mixture_Hld                            ./elibrary/bin/libsyscall.a(syscall.o)
esKSRV_PowerOff                                   ./elibrary/bin/libsyscall.a(syscall.o)
esKSRV_Random                                     ./elibrary/bin/libsyscall.a(syscall.o)
                                                  ./elibrary/bin/libminic.a(elibs_stdlib.o)
esKSRV_Reset                                      ./elibrary/bin/libsyscall.a(syscall.o)
esKSRV_Save_Display_Hld                           ./elibrary/bin/libsyscall.a(syscall.o)
esKSRV_Save_Mixture_Hld                           ./elibrary/bin/libsyscall.a(syscall.o)
esKSRV_SendMsg                                    ./elibrary/bin/libsyscall.a(syscall.o)
esKSRV_SendMsgEx                                  ./elibrary/bin/libsyscall.a(syscall.o)
esKSRV_SysInfo                                    ./elibrary/bin/libsyscall.a(syscall.o)
esKSRV_memcpy                                     ./elibrary/bin/libsyscall.a(syscall.o)
esKSRV_memset                                     ./elibrary/bin/libsyscall.a(syscall.o)
esMEMS_Balloc                                     ./elibrary/bin/libsyscall.a(syscall.o)
                                                  emodules/mod_mixture/bmp_parser/Parse_Picture.o
esMEMS_Bfree                                      ./elibrary/bin/libsyscall.a(syscall.o)
esMEMS_Calloc                                     ./elibrary/bin/libsyscall.a(syscall.o)
esMEMS_CleanDCache                                ./elibrary/bin/libsyscall.a(syscall.o)
esMEMS_CleanDCacheRegion                          ./elibrary/bin/libsyscall.a(syscall.o)
esMEMS_CleanFlushCache                            ./elibrary/bin/libsyscall.a(syscall.o)
esMEMS_CleanFlushCacheRegion                      ./elibrary/bin/libsyscall.a(syscall.o)
esMEMS_CleanFlushDCache                           ./elibrary/bin/libsyscall.a(syscall.o)
esMEMS_CleanFlushDCacheRegion                     ./elibrary/bin/libsyscall.a(syscall.o)
                                                  emodules/mod_mixture/mod_mixture.o
esMEMS_CleanInvalidateCacheAll                    ./elibrary/bin/libsyscall.a(syscall.o)
esMEMS_FlushCache                                 ./elibrary/bin/libsyscall.a(syscall.o)
esMEMS_FlushCacheRegion                           ./elibrary/bin/libsyscall.a(syscall.o)
esMEMS_FlushDCache                                ./elibrary/bin/libsyscall.a(syscall.o)
esMEMS_FlushDCacheRegion                          ./elibrary/bin/libsyscall.a(syscall.o)
esMEMS_FlushICache                                ./elibrary/bin/libsyscall.a(syscall.o)
esMEMS_FlushICacheRegion                          ./elibrary/bin/libsyscall.a(syscall.o)
esMEMS_FreeMemSize                                ./elibrary/bin/libsyscall.a(syscall.o)
esMEMS_GetIoVAByPA                                ./elibrary/bin/libsyscall.a(syscall.o)
esMEMS_HeapCreate                                 ./elibrary/bin/libsyscall.a(syscall.o)
esMEMS_HeapDel                                    ./elibrary/bin/libsyscall.a(syscall.o)
esMEMS_Info                                       ./elibrary/bin/libsyscall.a(syscall.o)
esMEMS_Malloc                                     ./elibrary/bin/libsyscall.a(syscall.o)
                                                  ./elibrary/bin/libminic.a(elibs_stdlib.o)
                                                  ./elibrary/bin/libminic.a(elibs_stdio.o)
esMEMS_Mfree                                      ./elibrary/bin/libsyscall.a(syscall.o)
                                                  ./elibrary/bin/libminic.a(elibs_stdlib.o)
                                                  ./elibrary/bin/libminic.a(elibs_stdio.o)
esMEMS_Palloc                                     ./elibrary/bin/libsyscall.a(syscall.o)
                                                  emodules/mod_mixture/bmp_parser/Parse_Picture.o
                                                  emodules/mod_mixture/bmp_parser/bmp.o
esMEMS_Pfree                                      ./elibrary/bin/libsyscall.a(syscall.o)
                                                  emodules/mod_mixture/bmp_parser/bmp.o
                                                  emodules/mod_mixture/mod_mixture.o
esMEMS_Realloc                                    ./elibrary/bin/libsyscall.a(syscall.o)
                                                  ./elibrary/bin/libminic.a(elibs_stdlib.o)
esMEMS_TotalMemSize                               ./elibrary/bin/libsyscall.a(syscall.o)
esMEMS_VA2PA                                      ./elibrary/bin/libsyscall.a(syscall.o)
esMEMS_VMCreate                                   ./elibrary/bin/libsyscall.a(syscall.o)
esMEMS_VMDelete                                   ./elibrary/bin/libsyscall.a(syscall.o)
esMEMS_VMalloc                                    ./elibrary/bin/libsyscall.a(syscall.o)
esMEMS_VMfree                                     ./elibrary/bin/libsyscall.a(syscall.o)
esMEM_BWDisable                                   ./elibrary/bin/libsyscall.a(syscall.o)
esMEM_BWEnable                                    ./elibrary/bin/libsyscall.a(syscall.o)
esMEM_BWGet                                       ./elibrary/bin/libsyscall.a(syscall.o)
esMEM_DramSuspend                                 ./elibrary/bin/libsyscall.a(syscall.o)
esMEM_DramWakeup                                  ./elibrary/bin/libsyscall.a(syscall.o)
esMEM_MasterGet                                   ./elibrary/bin/libsyscall.a(syscall.o)
esMEM_MasterSet                                   ./elibrary/bin/libsyscall.a(syscall.o)
esMEM_RegDramAccess                               ./elibrary/bin/libsyscall.a(syscall.o)
esMEM_ReleaseDramUsrMode                          ./elibrary/bin/libsyscall.a(syscall.o)
esMEM_RequestDramUsrMode                          ./elibrary/bin/libsyscall.a(syscall.o)
esMEM_SramRelBlk                                  ./elibrary/bin/libsyscall.a(syscall.o)
esMEM_SramReqBlk                                  ./elibrary/bin/libsyscall.a(syscall.o)
esMEM_SramSwitchBlk                               ./elibrary/bin/libsyscall.a(syscall.o)
esMEM_UnRegDramAccess                             ./elibrary/bin/libsyscall.a(syscall.o)
esMODS_MClose                                     ./elibrary/bin/libsyscall.a(syscall.o)
esMODS_MInstall                                   ./elibrary/bin/libsyscall.a(syscall.o)
esMODS_MIoctrl                                    ./elibrary/bin/libsyscall.a(syscall.o)
                                                  emodules/mod_mixture/mod_mixture.o
esMODS_MOpen                                      ./elibrary/bin/libsyscall.a(syscall.o)
esMODS_MRead                                      ./elibrary/bin/libsyscall.a(syscall.o)
esMODS_MUninstall                                 ./elibrary/bin/libsyscall.a(syscall.o)
esMODS_MWrite                                     ./elibrary/bin/libsyscall.a(syscall.o)
esMSTUB_GetFuncEntry                              ./elibrary/bin/libsyscall.a(syscall.o)
esMSTUB_RegFuncTbl                                ./elibrary/bin/libsyscall.a(syscall.o)
esMSTUB_UnRegFuncTbl                              ./elibrary/bin/libsyscall.a(syscall.o)
esPINS_ClearPending                               ./elibrary/bin/libsyscall.a(syscall.o)
esPINS_DisbaleInt                                 ./elibrary/bin/libsyscall.a(syscall.o)
esPINS_EnbaleInt                                  ./elibrary/bin/libsyscall.a(syscall.o)
esPINS_GetPinGrpStat                              ./elibrary/bin/libsyscall.a(syscall.o)
esPINS_GetPinStat                                 ./elibrary/bin/libsyscall.a(syscall.o)
esPINS_PinGrpRel                                  ./elibrary/bin/libsyscall.a(syscall.o)
esPINS_PinGrpReq                                  ./elibrary/bin/libsyscall.a(syscall.o)
                                                  emodules/mod_mixture/startup_check/startup_check.o
esPINS_QueryInt                                   ./elibrary/bin/libsyscall.a(syscall.o)
esPINS_ReadPinData                                ./elibrary/bin/libsyscall.a(syscall.o)
esPINS_RegIntHdler                                ./elibrary/bin/libsyscall.a(syscall.o)
esPINS_SetIntMode                                 ./elibrary/bin/libsyscall.a(syscall.o)
esPINS_SetPinDrive                                ./elibrary/bin/libsyscall.a(syscall.o)
esPINS_SetPinIO                                   ./elibrary/bin/libsyscall.a(syscall.o)
esPINS_SetPinPull                                 ./elibrary/bin/libsyscall.a(syscall.o)
esPINS_SetPinStat                                 ./elibrary/bin/libsyscall.a(syscall.o)
esPINS_UnregIntHdler                              ./elibrary/bin/libsyscall.a(syscall.o)
esPINS_WritePinData                               ./elibrary/bin/libsyscall.a(syscall.o)
                                                  emodules/mod_mixture/startup_check/startup_check.o
esPWRMAN_EnterStandby                             ./elibrary/bin/libsyscall.a(syscall.o)
esPWRMAN_GetStandbyPara                           ./elibrary/bin/libsyscall.a(syscall.o)
esPWRMAN_LockCpuFreq                              ./elibrary/bin/libsyscall.a(syscall.o)
esPWRMAN_RegDevice                                ./elibrary/bin/libsyscall.a(syscall.o)
esPWRMAN_RelPwrmanMode                            ./elibrary/bin/libsyscall.a(syscall.o)
esPWRMAN_ReqPwrmanMode                            ./elibrary/bin/libsyscall.a(syscall.o)
esPWRMAN_SetStandbyMode                           ./elibrary/bin/libsyscall.a(syscall.o)
esPWRMAN_UnlockCpuFreq                            ./elibrary/bin/libsyscall.a(syscall.o)
esPWRMAN_UnregDevice                              ./elibrary/bin/libsyscall.a(syscall.o)
esPWRMAN_UsrEventNotify                           ./elibrary/bin/libsyscall.a(syscall.o)
esRESM_RClose                                     ./elibrary/bin/libsyscall.a(syscall.o)
esRESM_ROpen                                      ./elibrary/bin/libsyscall.a(syscall.o)
esRESM_RRead                                      ./elibrary/bin/libsyscall.a(syscall.o)
esRESM_RSeek                                      ./elibrary/bin/libsyscall.a(syscall.o)
esSIOS_getchar                                    ./elibrary/bin/libsyscall.a(syscall.o)
esSIOS_gets                                       ./elibrary/bin/libsyscall.a(syscall.o)
esSIOS_putarg                                     ./elibrary/bin/libsyscall.a(syscall.o)
esSIOS_putstr                                     ./elibrary/bin/libsyscall.a(syscall.o)
                                                  ./elibrary/bin/libminic.a(elibs_stdio.o)
esSIOS_setbaud                                    ./elibrary/bin/libsyscall.a(syscall.o)
esSVC_RegCloseNode                                ./elibrary/bin/libsyscall.a(syscall.o)
esSVC_RegClrError                                 ./elibrary/bin/libsyscall.a(syscall.o)
esSVC_RegCreateKey                                ./elibrary/bin/libsyscall.a(syscall.o)
esSVC_RegCreatePath                               ./elibrary/bin/libsyscall.a(syscall.o)
esSVC_RegCreateSet                                ./elibrary/bin/libsyscall.a(syscall.o)
esSVC_RegDeleteKey                                ./elibrary/bin/libsyscall.a(syscall.o)
esSVC_RegDeleteNode                               ./elibrary/bin/libsyscall.a(syscall.o)
esSVC_RegDeletePath                               ./elibrary/bin/libsyscall.a(syscall.o)
esSVC_RegDeleteSet                                ./elibrary/bin/libsyscall.a(syscall.o)
esSVC_RegGetError                                 ./elibrary/bin/libsyscall.a(syscall.o)
esSVC_RegGetFirstKey                              ./elibrary/bin/libsyscall.a(syscall.o)
esSVC_RegGetFirstSet                              ./elibrary/bin/libsyscall.a(syscall.o)
esSVC_RegGetKeyCount                              ./elibrary/bin/libsyscall.a(syscall.o)
esSVC_RegGetKeyValue                              ./elibrary/bin/libsyscall.a(syscall.o)
esSVC_RegGetNextKey                               ./elibrary/bin/libsyscall.a(syscall.o)
esSVC_RegGetNextSet                               ./elibrary/bin/libsyscall.a(syscall.o)
esSVC_RegGetRootPath                              ./elibrary/bin/libsyscall.a(syscall.o)
esSVC_RegGetSetCount                              ./elibrary/bin/libsyscall.a(syscall.o)
esSVC_RegIni2Reg                                  ./elibrary/bin/libsyscall.a(syscall.o)
esSVC_RegOpenNode                                 ./elibrary/bin/libsyscall.a(syscall.o)
esSVC_RegReg2Ini                                  ./elibrary/bin/libsyscall.a(syscall.o)
esSVC_RegSetKeyValue                              ./elibrary/bin/libsyscall.a(syscall.o)
esSVC_RegSetRootPath                              ./elibrary/bin/libsyscall.a(syscall.o)
esSVC_ResourceRel                                 ./elibrary/bin/libsyscall.a(syscall.o)
esSVC_ResourceReq                                 ./elibrary/bin/libsyscall.a(syscall.o)
esTIME_ContiCntr                                  ./elibrary/bin/libsyscall.a(syscall.o)
esTIME_GetDate                                    ./elibrary/bin/libsyscall.a(syscall.o)
                                                  ./elibrary/bin/libminic.a(elibs_stdio.o)
esTIME_GetTime                                    ./elibrary/bin/libsyscall.a(syscall.o)
                                                  ./elibrary/bin/libminic.a(elibs_stdio.o)
esTIME_PauseCntr                                  ./elibrary/bin/libsyscall.a(syscall.o)
esTIME_QuerryAlarm                                ./elibrary/bin/libsyscall.a(syscall.o)
esTIME_QuerryCntr                                 ./elibrary/bin/libsyscall.a(syscall.o)
esTIME_QuerryCntrStat                             ./elibrary/bin/libsyscall.a(syscall.o)
esTIME_QuerryTimer                                ./elibrary/bin/libsyscall.a(syscall.o)
esTIME_ReleaseAlarm                               ./elibrary/bin/libsyscall.a(syscall.o)
esTIME_ReleaseCntr                                ./elibrary/bin/libsyscall.a(syscall.o)
esTIME_ReleaseTimer                               ./elibrary/bin/libsyscall.a(syscall.o)
esTIME_RequestAlarm                               ./elibrary/bin/libsyscall.a(syscall.o)
esTIME_RequestCntr                                ./elibrary/bin/libsyscall.a(syscall.o)
esTIME_RequestTimer                               ./elibrary/bin/libsyscall.a(syscall.o)
esTIME_SetCntrPrescale                            ./elibrary/bin/libsyscall.a(syscall.o)
esTIME_SetCntrValue                               ./elibrary/bin/libsyscall.a(syscall.o)
esTIME_SetDate                                    ./elibrary/bin/libsyscall.a(syscall.o)
esTIME_SetTime                                    ./elibrary/bin/libsyscall.a(syscall.o)
esTIME_StartAlarm                                 ./elibrary/bin/libsyscall.a(syscall.o)
esTIME_StartCntr                                  ./elibrary/bin/libsyscall.a(syscall.o)