Archive member included to satisfy reference by file (symbol)

./elibrary/bin/libsyscall.a(syscall.o)
                              emodules/mod_orange/built-in.o (esCHS_Char2Uni)
./elibrary/bin/libsyscall.a(syscall_fops.o)
                              emodules/mod_orange/built-in.o (ioctl)
./elibrary/bin/libminic.a(elibs_stdio.o)
                              emodules/mod_orange/built-in.o (eLIBs_remove)
./elibrary/bin/libminic.a(elibs_stdlib.o)
                              emodules/mod_orange/built-in.o (eLIBs_ramdom)
./elibrary/bin/libminic.a(elibs_string.o)
                              emodules/mod_orange/built-in.o (eLIBs_strlen)
./elibrary/bin/libminic.a(elibs_sprintf.o)
                              ./elibrary/bin/libminic.a(elibs_stdio.o) (eLIBs_vscnprintf)
./elibrary/bin/liblzma.a(az100.o)
                              emodules/mod_orange/built-in.o (AZ100_GetUncompressSize)
./elibrary/bin/liblzma.a(compress.o)
                              ./elibrary/bin/liblzma.a(az100.o) (AZ100_DataUncompress)
./elibrary/bin/liblzma.a(LzmaLib.o)
                              ./elibrary/bin/liblzma.a(compress.o) (LzmaUncompress)
./elibrary/bin/liblzma.a(LzmaDec.o)
                              ./elibrary/bin/liblzma.a(LzmaLib.o) (LzmaDecode)
/home/yuzuki/WorkSpace/melis-v3.0/melis-4.x-release/toolchain/riscv64-elf-x86_64-20201104/bin/../lib/gcc/riscv64-unknown-elf/8.4.0/../../../../riscv64-unknown-elf/lib/rv64imafdcxtheadc/lp64d/libc.a(lib_a-memcmp.o)
                              emodules/mod_orange/built-in.o (memcmp)
/home/yuzuki/WorkSpace/melis-v3.0/melis-4.x-release/toolchain/riscv64-elf-x86_64-20201104/bin/../lib/gcc/riscv64-unknown-elf/8.4.0/../../../../riscv64-unknown-elf/lib/rv64imafdcxtheadc/lp64d/libc.a(lib_a-memcpy.o)
                              emodules/mod_orange/built-in.o (memcpy)
/home/yuzuki/WorkSpace/melis-v3.0/melis-4.x-release/toolchain/riscv64-elf-x86_64-20201104/bin/../lib/gcc/riscv64-unknown-elf/8.4.0/../../../../riscv64-unknown-elf/lib/rv64imafdcxtheadc/lp64d/libc.a(lib_a-memmove-stub.o)
                              emodules/mod_orange/built-in.o (memmove)
/home/yuzuki/WorkSpace/melis-v3.0/melis-4.x-release/toolchain/riscv64-elf-x86_64-20201104/bin/../lib/gcc/riscv64-unknown-elf/8.4.0/../../../../riscv64-unknown-elf/lib/rv64imafdcxtheadc/lp64d/libc.a(lib_a-memset.o)
                              emodules/mod_orange/built-in.o (memset)
/home/yuzuki/WorkSpace/melis-v3.0/melis-4.x-release/toolchain/riscv64-elf-x86_64-20201104/bin/../lib/gcc/riscv64-unknown-elf/8.4.0/../../../../riscv64-unknown-elf/lib/rv64imafdcxtheadc/lp64d/libc.a(lib_a-strcpy.o)
                              emodules/mod_orange/built-in.o (strcpy)
/home/yuzuki/WorkSpace/melis-v3.0/melis-4.x-release/toolchain/riscv64-elf-x86_64-20201104/bin/../lib/gcc/riscv64-unknown-elf/8.4.0/../../../../riscv64-unknown-elf/lib/rv64imafdcxtheadc/lp64d/libc.a(lib_a-strlen.o)
                              emodules/mod_orange/built-in.o (strlen)
/home/yuzuki/WorkSpace/melis-v3.0/melis-4.x-release/toolchain/riscv64-elf-x86_64-20201104/bin/../lib/gcc/riscv64-unknown-elf/8.4.0/../../../../riscv64-unknown-elf/lib/rv64imafdcxtheadc/lp64d/libm.a(lib_a-s_ceil.o)
                              emodules/mod_orange/built-in.o (ceil)
/home/yuzuki/WorkSpace/melis-v3.0/melis-4.x-release/toolchain/riscv64-elf-x86_64-20201104/bin/../lib/gcc/riscv64-unknown-elf/8.4.0/../../../../riscv64-unknown-elf/lib/rv64imafdcxtheadc/lp64d/libm.a(lib_a-s_cos.o)
                              emodules/mod_orange/built-in.o (cos)
/home/yuzuki/WorkSpace/melis-v3.0/melis-4.x-release/toolchain/riscv64-elf-x86_64-20201104/bin/../lib/gcc/riscv64-unknown-elf/8.4.0/../../../../riscv64-unknown-elf/lib/rv64imafdcxtheadc/lp64d/libm.a(lib_a-s_floor.o)
                              emodules/mod_orange/built-in.o (floor)
/home/yuzuki/WorkSpace/melis-v3.0/melis-4.x-release/toolchain/riscv64-elf-x86_64-20201104/bin/../lib/gcc/riscv64-unknown-elf/8.4.0/../../../../riscv64-unknown-elf/lib/rv64imafdcxtheadc/lp64d/libm.a(lib_a-s_sin.o)
                              emodules/mod_orange/built-in.o (sin)
/home/yuzuki/WorkSpace/melis-v3.0/melis-4.x-release/toolchain/riscv64-elf-x86_64-20201104/bin/../lib/gcc/riscv64-unknown-elf/8.4.0/../../../../riscv64-unknown-elf/lib/rv64imafdcxtheadc/lp64d/libm.a(lib_a-w_sqrt.o)
                              emodules/mod_orange/built-in.o (sqrt)
/home/yuzuki/WorkSpace/melis-v3.0/melis-4.x-release/toolchain/riscv64-elf-x86_64-20201104/bin/../lib/gcc/riscv64-unknown-elf/8.4.0/../../../../riscv64-unknown-elf/lib/rv64imafdcxtheadc/lp64d/libm.a(lib_a-e_rem_pio2.o)
                              /home/yuzuki/WorkSpace/melis-v3.0/melis-4.x-release/toolchain/riscv64-elf-x86_64-20201104/bin/../lib/gcc/riscv64-unknown-elf/8.4.0/../../../../riscv64-unknown-elf/lib/rv64imafdcxtheadc/lp64d/libm.a(lib_a-s_cos.o) (__ieee754_rem_pio2)
[...]
Memory Configuration

Name             Origin             Length             Attributes
dram0_0_seg      0x00000000c2000000 0x0000000004000000 xrw
dram0_1_seg      0x00000000e0000000 0x0000000010000000 xrw
dram0_2_seg      0x00000000e1800000 0x0000000000110000 xrw
magic_info_seg   0x00000000ffff0000 0x0000000000000100 r
*default*        0x0000000000000000 0xffffffffffffffff

Linker script and memory map

LOAD emodules/mod_orange/mod_orange.o
LOAD emodules/mod_orange/orange_mod_api.o
LOAD emodules/mod_orange/magic.o
LOAD emodules/mod_orange/built-in.o
START GROUP
START GROUP
LOAD ./elibrary/bin/libsyscall.a
LOAD ./elibrary/bin/libminic.a
LOAD ./elibrary/bin/liblzma.a
LOAD ./elibrary/bin/libpub0.a
END GROUP
LOAD /home/yuzuki/WorkSpace/melis-v3.0/melis-4.x-release/toolchain/riscv64-elf-x86_64-20201104/bin/../lib/gcc/riscv64-unknown-elf/8.4.0/../../../../riscv64-unknown-elf/lib/rv64imafdcxtheadc/lp64d/libstdc++.a
LOAD /home/yuzuki/WorkSpace/melis-v3.0/melis-4.x-release/toolchain/riscv64-elf-x86_64-20201104/bin/../lib/gcc/riscv64-unknown-elf/8.4.0/../../../../riscv64-unknown-elf/lib/rv64imafdcxtheadc/lp64d/libc.a
LOAD /home/yuzuki/WorkSpace/melis-v3.0/melis-4.x-release/toolchain/riscv64-elf-x86_64-20201104/bin/../lib/gcc/riscv64-unknown-elf/8.4.0/rv64imafdcxtheadc/lp64d/libgcc.a
LOAD /home/yuzuki/WorkSpace/melis-v3.0/melis-4.x-release/toolchain/riscv64-elf-x86_64-20201104/bin/../lib/gcc/riscv64-unknown-elf/8.4.0/../../../../riscv64-unknown-elf/lib/rv64imafdcxtheadc/lp64d/libm.a
END GROUP
                0x00000000e1801058                __DRAM0_MOD_BASE = ORIGIN (dram0_2_seg)
                0x00000000ffff0000                __DRAM0_INF_BASE = ORIGIN (magic_info_seg)

ORANGE_API_TBL  0x00000000e1800000     0x1058
 *orange_mod_api.o(ORANGE_API_TBL)
 ORANGE_API_TBL
                0x00000000e1800000     0x1058 emodules/mod_orange/orange_mod_api.o
                0x00000000e1800000                orangemod_api
                0x00000000e1801058                __DRAM0_MOD_BASE = ABSOLUTE (.)

.mod.text       0x00000000e1801058    0x25f38
 *(.text)
 .text          0x00000000e1801058       0xd0 /home/yuzuki/WorkSpace/melis-v3.0/melis-4.x-release/toolchain/riscv64-elf-x86_64-20201104/bin/../lib/gcc/riscv64-unknown-elf/8.4.0/../../../../riscv64-unknown-elf/lib/rv64imafdcxtheadc/lp64d/libc.a(lib_a-memcpy.o)
                0x00000000e1801058                memcpy
 .text          0x00000000e1801128       0xd2 /home/yuzuki/WorkSpace/melis-v3.0/melis-4.x-release/toolchain/riscv64-elf-x86_64-20201104/bin/../lib/gcc/riscv64-unknown-elf/8.4.0/../../../../riscv64-unknown-elf/lib/rv64imafdcxtheadc/lp64d/libc.a(lib_a-memmove-stub.o)
                0x00000000e1801128                memmove
 *fill*         0x00000000e18011fa        0x2 
 .text          0x00000000e18011fc       0xaa /home/yuzuki/WorkSpace/melis-v3.0/melis-4.x-release/toolchain/riscv64-elf-x86_64-20201104/bin/../lib/gcc/riscv64-unknown-elf/8.4.0/../../../../riscv64-unknown-elf/lib/rv64imafdcxtheadc/lp64d/libc.a(lib_a-memset.o)
                0x00000000e18011fc                memset
 *fill*         0x00000000e18012a6        0x2 
 .text          0x00000000e18012a8       0xa0 /home/yuzuki/WorkSpace/melis-v3.0/melis-4.x-release/toolchain/riscv64-elf-x86_64-20201104/bin/../lib/gcc/riscv64-unknown-elf/8.4.0/../../../../riscv64-unknown-elf/lib/rv64imafdcxtheadc/lp64d/libc.a(lib_a-strlen.o)
                0x00000000e18012a8                strlen
 *fill*         0x00000000e1801348        0x8 
 .text          0x00000000e1801350      0x138 /home/yuzuki/WorkSpace/melis-v3.0/melis-4.x-release/toolchain/riscv64-elf-x86_64-20201104/bin/../lib/gcc/riscv64-unknown-elf/8.4.0/../../../../riscv64-unknown-elf/lib/rv64imafdcxtheadc/lp64d/libm.a(lib_a-s_ceil.o)
                0x00000000e1801350                ceil
 *fill*         0x00000000e1801488        0x8 
 .text          0x00000000e1801490       0x88 /home/yuzuki/WorkSpace/melis-v3.0/melis-4.x-release/toolchain/riscv64-elf-x86_64-20201104/bin/../lib/gcc/riscv64-unknown-elf/8.4.0/../../../../riscv64-unknown-elf/lib/rv64imafdcxtheadc/lp64d/libm.a(lib_a-s_cos.o)
                0x00000000e1801490                cos
 *fill*         0x00000000e1801518        0x8 
 .text          0x00000000e1801520      0x13c /home/yuzuki/WorkSpace/melis-v3.0/melis-4.x-release/toolchain/riscv64-elf-x86_64-20201104/bin/../lib/gcc/riscv64-unknown-elf/8.4.0/../../../../riscv64-unknown-elf/lib/rv64imafdcxtheadc/lp64d/libm.a(lib_a-s_floor.o)
                0x00000000e1801520                floor
 *fill*         0x00000000e180165c        0x4 
 .text          0x00000000e1801660       0x84 /home/yuzuki/WorkSpace/melis-v3.0/melis-4.x-release/toolchain/riscv64-elf-x86_64-20201104/bin/../lib/gcc/riscv64-unknown-elf/8.4.0/../../../../riscv64-unknown-elf/lib/rv64imafdcxtheadc/lp64d/libm.a(lib_a-s_sin.o)
                0x00000000e1801660                sin
 *fill*         0x00000000e18016e4        0xc 
 .text          0x00000000e18016f0      0x2c2 /home/yuzuki/WorkSpace/melis-v3.0/melis-4.x-release/toolchain/riscv64-elf-x86_64-20201104/bin/../lib/gcc/riscv64-unknown-elf/8.4.0/../../../../riscv64-unknown-elf/lib/rv64imafdcxtheadc/lp64d/libm.a(lib_a-e_rem_pio2.o)
                0x00000000e18016f0                __ieee754_rem_pio2
 *fill*         0x00000000e18019b2        0xe 
 .text          0x00000000e18019c0      0x150 /home/yuzuki/WorkSpace/melis-v3.0/melis-4.x-release/toolchain/riscv64-elf-x86_64-20201104/bin/../lib/gcc/riscv64-unknown-elf/8.4.0/../../../../riscv64-unknown-elf/lib/rv64imafdcxtheadc/lp64d/libm.a(lib_a-k_cos.o)
                0x00000000e18019c0                __kernel_cos
 .text          0x00000000e1801b10      0x714 /home/yuzuki/WorkSpace/melis-v3.0/melis-4.x-release/toolchain/riscv64-elf-x86_64-20201104/bin/../lib/gcc/riscv64-unknown-elf/8.4.0/../../../../riscv64-unknown-elf/lib/rv64imafdcxtheadc/lp64d/libm.a(lib_a-k_rem_pio2.o)
                0x00000000e1801b10                __kernel_rem_pio2
 *fill*         0x00000000e1802224        0xc 
 .text          0x00000000e1802230       0xb0 /home/yuzuki/WorkSpace/melis-v3.0/melis-4.x-release/toolchain/riscv64-elf-x86_64-20201104/bin/../lib/gcc/riscv64-unknown-elf/8.4.0/../../../../riscv64-unknown-elf/lib/rv64imafdcxtheadc/lp64d/libm.a(lib_a-k_sin.o)
                0x00000000e1802230                __kernel_sin
 .text          0x00000000e18022e0       0x22 /home/yuzuki/WorkSpace/melis-v3.0/melis-4.x-release/toolchain/riscv64-elf-x86_64-20201104/bin/../lib/gcc/riscv64-unknown-elf/8.4.0/../../../../riscv64-unknown-elf/lib/rv64imafdcxtheadc/lp64d/libm.a(lib_a-s_fabs.o)
                0x00000000e18022e0                fabs
 *fill*         0x00000000e1802302        0xe 
 .text          0x00000000e1802310      0x13a /home/yuzuki/WorkSpace/melis-v3.0/melis-4.x-release/toolchain/riscv64-elf-x86_64-20201104/bin/../lib/gcc/riscv64-unknown-elf/8.4.0/../../../../riscv64-unknown-elf/lib/rv64imafdcxtheadc/lp64d/libm.a(lib_a-s_scalbn.o)
                0x00000000e1802310                scalbn
 *fill*         0x00000000e180244a        0x6 
 .text          0x00000000e1802450       0x32 /home/yuzuki/WorkSpace/melis-v3.0/melis-4.x-release/toolchain/riscv64-elf-x86_64-20201104/bin/../lib/gcc/riscv64-unknown-elf/8.4.0/../../../../riscv64-unknown-elf/lib/rv64imafdcxtheadc/lp64d/libm.a(lib_a-s_copysign.o)
                0x00000000e1802450                copysign
 *(.text.*)
 .text.ORANGE_MInit
                0x00000000e1802482        0x4 emodules/mod_orange/mod_orange.o
                0x00000000e1802482                ORANGE_MInit
 .text.ORANGE_MExit
                0x00000000e1802486        0x4 emodules/mod_orange/mod_orange.o
                0x00000000e1802486                ORANGE_MExit
 .text.ORANGE_MOpen
                0x00000000e180248a       0x26 emodules/mod_orange/mod_orange.o
                0x00000000e180248a                ORANGE_MOpen
 .text.ORANGE_MClose
                0x00000000e18024b0       0x20 emodules/mod_orange/mod_orange.o
                0x00000000e18024b0                ORANGE_MClose
 .text.ORANGE_MRead
                0x00000000e18024d0        0x6 emodules/mod_orange/mod_orange.o
                0x00000000e18024d0                ORANGE_MRead
 .text.ORANGE_MWrite
                0x00000000e18024d6        0x6 emodules/mod_orange/mod_orange.o
                0x00000000e18024d6                ORANGE_MWrite
 .text.ORANGE_MIoctrl
                0x00000000e18024dc       0x12 emodules/mod_orange/mod_orange.o
                0x00000000e18024dc                ORANGE_MIoctrl
 .text.GUI_Init
                0x00000000e18024ee       0x9a emodules/mod_orange/built-in.o
                0x00000000e18024ee                GUI_Init
 .text.GUI_Exit
                0x00000000e1802588        0x4 emodules/mod_orange/built-in.o
                0x00000000e1802588                GUI_Exit
 .text.GUI_GetScnDir
                0x00000000e180258c        0xa emodules/mod_orange/built-in.o
                0x00000000e180258c                GUI_GetScnDir
 .text.GUI_SetScnDir
                0x00000000e1802596        0xc emodules/mod_orange/built-in.o
                0x00000000e1802596                GUI_SetScnDir
 .text.GUI_SetZoomWin
                0x00000000e18025a2       0x14 emodules/mod_orange/built-in.o
                0x00000000e18025a2                GUI_SetZoomWin
 .text.GUI_CharSetToEncode
                0x00000000e18025b6       0xea emodules/mod_orange/built-in.o
                0x00000000e18025b6                GUI_CharSetToEncode
 .text.GUI_ScnPhyPt2LogPt
                0x00000000e18026a0       0x92 emodules/mod_orange/built-in.o
                0x00000000e18026a0                GUI_ScnPhyPt2LogPt
 .text.GUI_TouchPhyDirToLogDir
                0x00000000e1802732       0x60 emodules/mod_orange/built-in.o
                0x00000000e1802732                GUI_TouchPhyDirToLogDir
 .text.GUI_GetScreenSize
                0x00000000e1802792       0xa0 emodules/mod_orange/built-in.o
                0x00000000e1802792                GUI_GetScreenSize
 .text.GUI_X_InitOS
                0x00000000e1802832       0x26 emodules/mod_orange/built-in.o
                0x00000000e1802832                GUI_X_InitOS
 .text.GUI_X_GetTaskId
                0x00000000e1802858       0x12 emodules/mod_orange/built-in.o
                0x00000000e1802858                GUI_X_GetTaskId
 .text.GUI_X_Lock
                0x00000000e180286a       0x1e emodules/mod_orange/built-in.o
                0x00000000e180286a                GUI_X_Lock
 .text.GUI_X_Unlock
                0x00000000e1802888        0xe emodules/mod_orange/built-in.o
                0x00000000e1802888                GUI_X_Unlock
 .text.GUI_X_LockAccept
                0x00000000e1802896        0xe emodules/mod_orange/built-in.o
                0x00000000e1802896                GUI_X_LockAccept
 .text.GUI_X_Init
                0x00000000e18028a4       0x18 emodules/mod_orange/built-in.o
                0x00000000e18028a4                GUI_X_Init
 .text.GUI_TOUCH_X_ActivateX
                0x00000000e18028bc        0x2 emodules/mod_orange/built-in.o
                0x00000000e18028bc                GUI_TOUCH_X_ActivateX
 .text.GUI_TOUCH_X_ActivateY
                0x00000000e18028be        0x2 emodules/mod_orange/built-in.o
                0x00000000e18028be                GUI_TOUCH_X_ActivateY
 .text.GUI_TOUCH_X_MeasureX
                0x00000000e18028c0        0x4 emodules/mod_orange/built-in.o
                0x00000000e18028c0                GUI_TOUCH_X_MeasureX
 .text.GUI_TOUCH_X_MeasureY
                0x00000000e18028c4        0x4 emodules/mod_orange/built-in.o
                0x00000000e18028c4                GUI_TOUCH_X_MeasureY
 .text.GUI_X_Log
                0x00000000e18028c8        0x2 emodules/mod_orange/built-in.o
                0x00000000e18028c8                GUI_X_Log
 .text.GUI_X_Warn
                0x00000000e18028ca        0x2 emodules/mod_orange/built-in.o
                0x00000000e18028ca                GUI_X_Warn
 .text.GUI_X_ErrorOut
                0x00000000e18028cc        0x2 emodules/mod_orange/built-in.o
                0x00000000e18028cc                GUI_X_ErrorOut
 .text.InitMemBlockLink
                0x00000000e18028ce       0x2c emodules/mod_orange/built-in.o
                0x00000000e18028ce                InitMemBlockLink
 .text.MemBlockAlloc
                0x00000000e18028fa       0x82 emodules/mod_orange/built-in.o
                0x00000000e18028fa                MemBlockAlloc
 .text.MemBlockFree
                0x00000000e180297c       0x5e emodules/mod_orange/built-in.o
                0x00000000e180297c                MemBlockFree
 .text.DestroyMemBlockLink
                0x00000000e18029da       0x2e emodules/mod_orange/built-in.o
                0x00000000e18029da                DestroyMemBlockLink
 .text.PtInRect
                0x00000000e1802a08       0x22 emodules/mod_orange/built-in.o
                0x00000000e1802a08                PtInRect
 .text.SysRectToGuiRect
                0x00000000e1802a2a       0x2a emodules/mod_orange/built-in.o
                0x00000000e1802a2a                SysRectToGuiRect
 .text.GUI_Core_Init
                0x00000000e1802a54       0x16 emodules/mod_orange/built-in.o
                0x00000000e1802a54                GUI_Core_Init
 .text.pthread_mutex_lock
                0x00000000e1802a6a       0x3c emodules/mod_orange/built-in.o
 .text.get_string_piexl_rect
                0x00000000e1802aa6       0x74 emodules/mod_orange/built-in.o
                0x00000000e1802aa6                get_string_piexl_rect
 .text.get_string_encode_group
                0x00000000e1802b1a       0x70 emodules/mod_orange/built-in.o
                0x00000000e1802b1a                get_string_encode_group
 .text.local_get_string_piexl_rect
                0x00000000e1802b8a       0x72 emodules/mod_orange/built-in.o
                0x00000000e1802b8a                local_get_string_piexl_rect
 .text.GUI_LongStringMove
                0x00000000e1802bfc      0x166 emodules/mod_orange/built-in.o
                0x00000000e1802bfc                GUI_LongStringMove
 .text.GUI_LongString_Task
                0x00000000e1802d62       0xe8 emodules/mod_orange/built-in.o
                0x00000000e1802d62                GUI_LongString_Task
 .text.GUI_LongStringStart
                0x00000000e1802e4a       0x94 emodules/mod_orange/built-in.o
                0x00000000e1802e4a                GUI_LongStringStart
 .text.GUI_LongStringReset
                0x00000000e1802ede       0xa8 emodules/mod_orange/built-in.o
                0x00000000e1802ede                GUI_LongStringReset
 .text.GUI_LongStringStop
                0x00000000e1802f86       0x70 emodules/mod_orange/built-in.o
                0x00000000e1802f86                GUI_LongStringStop
 .text.GUI_LongStringInit
                0x00000000e1802ff6        0x2 emodules/mod_orange/built-in.o
                0x00000000e1802ff6                GUI_LongStringInit
 .text.GUI_LongStringCreate
                0x00000000e1802ff8      0x1a6 emodules/mod_orange/built-in.o
                0x00000000e1802ff8                GUI_LongStringCreate
 .text.GUI_LongStringDelete
                0x00000000e180319e       0x5e emodules/mod_orange/built-in.o
                0x00000000e180319e                GUI_LongStringDelete
 .text.LCD_GetIndexMask_M233
                0x00000000e18031fc        0x6 emodules/mod_orange/built-in.o
                0x00000000e18031fc                LCD_GetIndexMask_M233
 .text.LCD_Color2Index_M565
                0x00000000e1803202       0x22 emodules/mod_orange/built-in.o
                0x00000000e1803202                LCD_Color2Index_M565
 .text.LCD_GetIndexMask_M565
                0x00000000e1803224        0x6 emodules/mod_orange/built-in.o
                0x00000000e1803224                LCD_GetIndexMask_M565
 .text.LCD_Color2Index_M8888
                0x00000000e180322a       0x26 emodules/mod_orange/built-in.o
                0x00000000e180322a                LCD_Color2Index_M8888
 .text.LCD_Index2Color_M8888
                0x00000000e1803250       0x4c emodules/mod_orange/built-in.o
                0x00000000e1803250                LCD_Index2Color_M8888
 .text.LCD_GetIndexMask_M8888
                0x00000000e180329c        0x4 emodules/mod_orange/built-in.o
                0x00000000e180329c                LCD_GetIndexMask_M8888
 .text.LCD_GetIndexMask_2
                0x00000000e18032a0        0x4 emodules/mod_orange/built-in.o
                0x00000000e18032a0                LCD_GetIndexMask_2
 .text.GUI_SetFrameColor8bpp32
                0x00000000e18032a4       0x14 emodules/mod_orange/built-in.o
                0x00000000e18032a4                GUI_SetFrameColor8bpp32
 .text.shadow_Dilation
                0x00000000e18032b8      0x14c emodules/mod_orange/built-in.o
                0x00000000e18032b8                shadow_Dilation
 .text.shadow_smooth
                0x00000000e1803404       0xa8 emodules/mod_orange/built-in.o
 .text.shadow   0x00000000e18034ac      0x1bc emodules/mod_orange/built-in.o
                0x00000000e18034ac                shadow
 .text.GUI_GetDefaultFont
                0x00000000e1803668        0xa emodules/mod_orange/built-in.o
                0x00000000e1803668                GUI_GetDefaultFont
 .text._GetFontInfo
                0x00000000e1803672       0x20 emodules/mod_orange/built-in.o
 .text._IsInFont
                0x00000000e1803692        0x4 emodules/mod_orange/built-in.o
 .text._DispLine
                0x00000000e1803696       0xaa emodules/mod_orange/built-in.o
 .text._GetCharDistX
                0x00000000e1803740       0x34 emodules/mod_orange/built-in.o
 .text._RequestGlyph.constprop.3
                0x00000000e1803774      0x748 emodules/mod_orange/built-in.o
 .text._DispChar
                0x00000000e1803ebc       0x50 emodules/mod_orange/built-in.o
 .text.GUI_SFT_CreateFont
                0x00000000e1803f0c      0x15a emodules/mod_orange/built-in.o
                0x00000000e1803f0c                GUI_SFT_CreateFont
 .text.GUI_SFT_ReleaseFont
                0x00000000e1804066       0x3a emodules/mod_orange/built-in.o
                0x00000000e1804066                GUI_SFT_ReleaseFont
 .text.__sft_get_block_part
                0x00000000e18040a0      0x204 emodules/mod_orange/built-in.o
 .text.sft_fopen
                0x00000000e18042a4       0xea emodules/mod_orange/built-in.o
                0x00000000e18042a4                sft_fopen
 .text.sft_fclose
                0x00000000e180438e       0x50 emodules/mod_orange/built-in.o
                0x00000000e180438e                sft_fclose
 .text.sft_fread
                0x00000000e18043de      0x2a0 emodules/mod_orange/built-in.o
                0x00000000e18043de                sft_fread
 .text.sft_fseek
                0x00000000e180467e       0x4e emodules/mod_orange/built-in.o
                0x00000000e180467e                sft_fseek
 .text.is_valid_face
                0x00000000e18046cc       0x1a emodules/mod_orange/built-in.o
 .text.release_hdl_res
                0x00000000e18046e6       0x84 emodules/mod_orange/built-in.o
 .text.SFTE_New_Face
                0x00000000e180476a      0x212 emodules/mod_orange/built-in.o
                0x00000000e180476a                SFTE_New_Face
 .text.SFTE_Done_Face
                0x00000000e180497c       0x2a emodules/mod_orange/built-in.o
                0x00000000e180497c                SFTE_Done_Face
 .text.SFTE_Set_Pixel_Sizes
                0x00000000e18049a6      0x172 emodules/mod_orange/built-in.o
                0x00000000e18049a6                SFTE_Set_Pixel_Sizes
 .text.SFTE_Get_Index_Table
                0x00000000e1804b18       0xee emodules/mod_orange/built-in.o
                0x00000000e1804b18                SFTE_Get_Index_Table
 .text.SFTE_Get_Glyph
                0x00000000e1804c06      0x1c8 emodules/mod_orange/built-in.o
                0x00000000e1804c06                SFTE_Get_Glyph
 .text.SFTE_Get_XAdvance
                0x00000000e1804dce       0x62 emodules/mod_orange/built-in.o
                0x00000000e1804dce                SFTE_Get_XAdvance
 .text.GUI_sin  0x00000000e1804e30       0x82 emodules/mod_orange/built-in.o
                0x00000000e1804e30                GUI_sin
 .text.GUI_cos  0x00000000e1804eb2        0x8 emodules/mod_orange/built-in.o
                0x00000000e1804eb2                GUI_cos
 .text.GUI_MoveRel
                0x00000000e1804eba       0x48 emodules/mod_orange/built-in.o
                0x00000000e1804eba                GUI_MoveRel
 .text.GUI_MoveTo
                0x00000000e1804f02       0x30 emodules/mod_orange/built-in.o
                0x00000000e1804f02                GUI_MoveTo
 .text.GUI_DrawRect
                0x00000000e1804f32       0x54 emodules/mod_orange/built-in.o
                0x00000000e1804f32                GUI_DrawRect
 .text.GL_DrawPoint
                0x00000000e1804f86       0x1e emodules/mod_orange/built-in.o
                0x00000000e1804f86                GL_DrawPoint
 .text.GL_DrawLine1
                0x00000000e1804fa4      0x1b4 emodules/mod_orange/built-in.o
                0x00000000e1804fa4                GL_DrawLine1
 .text.GL_DrawLine
                0x00000000e1805158      0x210 emodules/mod_orange/built-in.o
                0x00000000e1805158                GL_DrawLine
 .text.GUI_DrawLine
                0x00000000e1805368       0x24 emodules/mod_orange/built-in.o
                0x00000000e1805368                GUI_DrawLine
 .text.GUI_DrawLineRel
                0x00000000e180538c       0x48 emodules/mod_orange/built-in.o
                0x00000000e180538c                GUI_DrawLineRel
 .text.GL_DrawLineTo
                0x00000000e18053d4       0x4a emodules/mod_orange/built-in.o
                0x00000000e18053d4                GL_DrawLineTo
 .text.GL_DrawPolygon
                0x00000000e180541e       0xaa emodules/mod_orange/built-in.o
                0x00000000e180541e                GL_DrawPolygon
 .text.GUI_DrawPolygon
                0x00000000e18054c8       0x24 emodules/mod_orange/built-in.o
                0x00000000e18054c8                GUI_DrawPolygon
 .text.GUI_DrawLineTo
                0x00000000e18054ec       0x50 emodules/mod_orange/built-in.o
                0x00000000e18054ec                GUI_DrawLineTo
 .text.GUI_DrawPoint
                0x00000000e180553c       0x1c emodules/mod_orange/built-in.o
                0x00000000e180553c                GUI_DrawPoint
 .text.GUI_OpenAlphaBlend
                0x00000000e1805558       0x1a emodules/mod_orange/built-in.o
                0x00000000e1805558                GUI_OpenAlphaBlend
 .text.GUI_CloseAlphaBlend
                0x00000000e1805572       0x18 emodules/mod_orange/built-in.o
                0x00000000e1805572                GUI_CloseAlphaBlend
 .text.GUI__AddSpaceHex
                0x00000000e180558a       0x10 emodules/mod_orange/built-in.o
                0x00000000e180558a                GUI__AddSpaceHex
 .text.GUI__DivideRound32
                0x00000000e180559a       0x18 emodules/mod_orange/built-in.o
                0x00000000e180559a                GUI__DivideRound32
 .text.GUI__GetFontSizeY
                0x00000000e18055b2       0x1a emodules/mod_orange/built-in.o
                0x00000000e18055b2                GUI__GetFontSizeY
 .text.GUI__HandleEOLine
                0x00000000e18055cc       0x22 emodules/mod_orange/built-in.o
                0x00000000e18055cc                GUI__HandleEOLine
 .text.GUI__IntersectRect
                0x00000000e18055ee       0x42 emodules/mod_orange/built-in.o
                0x00000000e18055ee                GUI__IntersectRect
 .text.GUI__IntersectRects
                0x00000000e1805630       0x8a emodules/mod_orange/built-in.o
                0x00000000e1805630                GUI__IntersectRects
 .text.GUI__memset
                0x00000000e18056ba       0x6c emodules/mod_orange/built-in.o
                0x00000000e18056ba                GUI__memset
 .text.GUI__memset16
                0x00000000e1805726       0x74 emodules/mod_orange/built-in.o
                0x00000000e1805726                GUI__memset16
 .text.GUI__memset32
                0x00000000e180579a       0x14 emodules/mod_orange/built-in.o
                0x00000000e180579a                GUI__memset32
 .text.GUI__Read16
                0x00000000e18057ae        0xc emodules/mod_orange/built-in.o
                0x00000000e18057ae                GUI__Read16
 .text.GUI__Read32
                0x00000000e18057ba        0xc emodules/mod_orange/built-in.o
                0x00000000e18057ba                GUI__Read32
 .text.GUI__strlen
                0x00000000e18057c6       0x1a emodules/mod_orange/built-in.o
                0x00000000e18057c6                GUI__strlen
 .text.GUI__WrapGetNumCharsDisp
                0x00000000e18057e0       0xda emodules/mod_orange/built-in.o
                0x00000000e18057e0                GUI__WrapGetNumCharsDisp
 .text.GUI__WrapGetNumCharsToNextLine
                0x00000000e18058ba       0x72 emodules/mod_orange/built-in.o
                0x00000000e18058ba                GUI__WrapGetNumCharsToNextLine
 .text.GUI__WrapGetNumBytesToNextLine
                0x00000000e180592c       0x1a emodules/mod_orange/built-in.o
                0x00000000e180592c                GUI__WrapGetNumBytesToNextLine
 .text.GUI_AddBin
                0x00000000e1805946       0x5e emodules/mod_orange/built-in.o
                0x00000000e1805946                GUI_AddBin
 .text.GUI_AddHex
                0x00000000e18059a4       0x3c emodules/mod_orange/built-in.o
                0x00000000e18059a4                GUI_AddHex
 .text.GUI_ALLOC_AllocInit
                0x00000000e18059e0       0x4a emodules/mod_orange/built-in.o
                0x00000000e18059e0                GUI_ALLOC_AllocInit
 .text.GUI_ALLOC_AllocZero
                0x00000000e1805a2a       0x48 emodules/mod_orange/built-in.o
                0x00000000e1805a2a                GUI_ALLOC_AllocZero
 .text.GUI_ARGB_Draw
                0x00000000e1805a72      0x1e0 emodules/mod_orange/built-in.o
                0x00000000e1805a72                GUI_ARGB_Draw
 .text._Draw_FB_ARGB
                0x00000000e1805c52       0x72 emodules/mod_orange/built-in.o
 .text._DrawBitmap_32bpp_Alpha
                0x00000000e1805cc4       0xa0 emodules/mod_orange/built-in.o
 .text.GUI_BitString_Draw
                0x00000000e1805d64       0x42 emodules/mod_orange/built-in.o
                0x00000000e1805d64                GUI_BitString_Draw
 .text.GUI_BitString_DrawEx
                0x00000000e1805da6       0x6e emodules/mod_orange/built-in.o
                0x00000000e1805da6                GUI_BitString_DrawEx
 .text._GetStep
                0x00000000e1805e14       0x20 emodules/mod_orange/built-in.o
 .text._DrawBitmap_32bpp
                0x00000000e1805e34       0x84 emodules/mod_orange/built-in.o
 .text._DrawBitmap_24bpp
                0x00000000e1805eb8      0x110 emodules/mod_orange/built-in.o
 .text._DrawBitmap_Pal
                0x00000000e1805fc8      0x106 emodules/mod_orange/built-in.o
 .text._DrawBitmap_16bpp
                0x00000000e18060ce       0xd4 emodules/mod_orange/built-in.o
 .text.GUI_BMP_GetXSize
                0x00000000e18061a2       0x1c emodules/mod_orange/built-in.o
                0x00000000e18061a2                GUI_BMP_GetXSize
 .text.GUI_BMP_GetYSize
                0x00000000e18061be       0x24 emodules/mod_orange/built-in.o
                0x00000000e18061be                GUI_BMP_GetYSize
 .text.GUI_BMP_Draw_Rotate
                0x00000000e18061e2        0xa emodules/mod_orange/built-in.o
                0x00000000e18061e2                GUI_BMP_Draw_Rotate
 .text.GUI_BMP_Draw
                0x00000000e18061ec      0x22c emodules/mod_orange/built-in.o
                0x00000000e18061ec                GUI_BMP_Draw
 .text.GUI_BMP_DrawEx
                0x00000000e1806418      0x2ce emodules/mod_orange/built-in.o
                0x00000000e1806418                GUI_BMP_DrawEx
 .text.GUI_BMP_Draw_Trans
                0x00000000e18066e6      0x2c4 emodules/mod_orange/built-in.o
                0x00000000e18066e6                GUI_BMP_Draw_Trans
 .text.GUI_ClearRectEx
                0x00000000e18069aa       0x14 emodules/mod_orange/built-in.o
                0x00000000e18069aa                GUI_ClearRectEx
 .text.GUI_MemCopyEx
                0x00000000e18069be      0x1dc emodules/mod_orange/built-in.o
 .text.GUI_SetRectMem
                0x00000000e1806b9a      0x23e emodules/mod_orange/built-in.o
                0x00000000e1806b9a                GUI_SetRectMem
 .text.GUI_GetRectMem
                0x00000000e1806dd8      0x246 emodules/mod_orange/built-in.o
                0x00000000e1806dd8                GUI_GetRectMem
 .text.GUI_GetRectMemEx
                0x00000000e180701e      0x128 emodules/mod_orange/built-in.o
                0x00000000e180701e                GUI_GetRectMemEx
 .text.GUI_DispBin
                0x00000000e1807146       0x1e emodules/mod_orange/built-in.o
                0x00000000e1807146                GUI_DispBin
 .text.GUI_DispBinAt
                0x00000000e1807164       0x30 emodules/mod_orange/built-in.o
                0x00000000e1807164                GUI_DispBinAt
 .text.GUI_DispCEOL
                0x00000000e1807194       0x4e emodules/mod_orange/built-in.o
                0x00000000e1807194                GUI_DispCEOL
 .text.GUI_DispChar
                0x00000000e18071e2       0x18 emodules/mod_orange/built-in.o
                0x00000000e18071e2                GUI_DispChar
 .text.GUI_DispCharAt
                0x00000000e18071fa       0x38 emodules/mod_orange/built-in.o
                0x00000000e18071fa                GUI_DispCharAt
 .text.GUI_DispChars
                0x00000000e1807232       0x22 emodules/mod_orange/built-in.o
                0x00000000e1807232                GUI_DispChars
 .text.GUI_DispHex
                0x00000000e1807254       0x1e emodules/mod_orange/built-in.o
                0x00000000e1807254                GUI_DispHex
 .text.GUI_DispHexAt
                0x00000000e1807272       0x30 emodules/mod_orange/built-in.o
                0x00000000e1807272                GUI_DispHexAt
 .text.GUI_DispString
                0x00000000e18072a2      0x1c6 emodules/mod_orange/built-in.o
                0x00000000e18072a2                GUI_DispString
 .text.GUI_DispStringAt
                0x00000000e1807468       0x38 emodules/mod_orange/built-in.o
                0x00000000e1807468                GUI_DispStringAt
 .text.GUI_DispStringAtCEOL
                0x00000000e18074a0       0x10 emodules/mod_orange/built-in.o
                0x00000000e18074a0                GUI_DispStringAtCEOL
 .text.GUI_DispStringHCenterAt
                0x00000000e18074b0       0x40 emodules/mod_orange/built-in.o
                0x00000000e18074b0                GUI_DispStringHCenterAt
 .text.GUI__DispStringInRect
                0x00000000e18074f0      0x182 emodules/mod_orange/built-in.o
                0x00000000e18074f0                GUI__DispStringInRect
 .text.GUI_DispStringInRectMax
                0x00000000e1807672       0x62 emodules/mod_orange/built-in.o
                0x00000000e1807672                GUI_DispStringInRectMax
 .text.GUI_DispStringInRect
                0x00000000e18076d4        0x8 emodules/mod_orange/built-in.o
                0x00000000e18076d4                GUI_DispStringInRect
 .text.GUI_DispStringInRectWrap
                0x00000000e18076dc      0x172 emodules/mod_orange/built-in.o
                0x00000000e18076dc                GUI_DispStringInRectWrap
 .text.GUI_DispStringLen
                0x00000000e180784e       0x46 emodules/mod_orange/built-in.o
                0x00000000e180784e                GUI_DispStringLen
 .text.GUI_DrawGraph
                0x00000000e1807894       0xf4 emodules/mod_orange/built-in.o
                0x00000000e1807894                GUI_DrawGraph
 .text.GUI_DrawHLine
                0x00000000e1807988       0x26 emodules/mod_orange/built-in.o
                0x00000000e1807988                GUI_DrawHLine
 .text.GUI_DrawPie
                0x00000000e18079ae       0x50 emodules/mod_orange/built-in.o
                0x00000000e18079ae                GUI_DrawPie
 .text.GUI_DrawPixel
                0x00000000e18079fe       0x1c emodules/mod_orange/built-in.o
                0x00000000e18079fe                GUI_DrawPixel
 .text.GUI_DrawRectEx
                0x00000000e1807a1a       0x14 emodules/mod_orange/built-in.o
                0x00000000e1807a1a                GUI_DrawRectEx
 .text.GUI_DrawVLine
                0x00000000e1807a2e       0x20 emodules/mod_orange/built-in.o
                0x00000000e1807a2e                GUI_DrawVLine
 .text._CopyString.constprop.0
                0x00000000e1807a4e       0x54 emodules/mod_orange/built-in.o
 .text.GUI_ErrorOut
                0x00000000e1807aa2        0x4 emodules/mod_orange/built-in.o
                0x00000000e1807aa2                GUI_ErrorOut
 .text.GUI_ErrorOut1
                0x00000000e1807aa6       0x4e emodules/mod_orange/built-in.o
                0x00000000e1807aa6                GUI_ErrorOut1
 .text.GUI_ErrorOut2
                0x00000000e1807af4       0x5e emodules/mod_orange/built-in.o
                0x00000000e1807af4                GUI_ErrorOut2
 .text.GUI_ErrorOut3
                0x00000000e1807b52       0x6c emodules/mod_orange/built-in.o
                0x00000000e1807b52                GUI_ErrorOut3
 .text.GUI_ErrorOut4
                0x00000000e1807bbe       0x86 emodules/mod_orange/built-in.o
                0x00000000e1807bbe                GUI_ErrorOut4
 .text._Add     0x00000000e1807c44       0x3e emodules/mod_orange/built-in.o
 .text.GL_FillPolygon
                0x00000000e1807c82      0x220 emodules/mod_orange/built-in.o
                0x00000000e1807c82                GL_FillPolygon
 .text.GUI_FillPolygon
                0x00000000e1807ea2       0x24 emodules/mod_orange/built-in.o
                0x00000000e1807ea2                GUI_FillPolygon
 .text.GUI_FillRect
                0x00000000e1807ec6       0x24 emodules/mod_orange/built-in.o
                0x00000000e1807ec6                GUI_FillRect
 .text.GUI_FillRectEx
                0x00000000e1807eea       0x14 emodules/mod_orange/built-in.o
                0x00000000e1807eea                GUI_FillRectEx
 .text.GUI_GetClientRect
                0x00000000e1807efe       0x28 emodules/mod_orange/built-in.o
                0x00000000e1807efe                GUI_GetClientRect
 .text.GUI_GetFont
                0x00000000e1807f26       0x22 emodules/mod_orange/built-in.o
                0x00000000e1807f26                GUI_GetFont
 .text.GUI_GetFontInfo
                0x00000000e1807f48       0x42 emodules/mod_orange/built-in.o
                0x00000000e1807f48                GUI_GetFontInfo
 .text.GUI_GetFontSizeY
                0x00000000e1807f8a       0x1a emodules/mod_orange/built-in.o
                0x00000000e1807f8a                GUI_GetFontSizeY
 .text.GUI_GetLineStyle
                0x00000000e1807fa4       0x1e emodules/mod_orange/built-in.o
                0x00000000e1807fa4                GUI_GetLineStyle
 .text.GUI_GetStringDistX
                0x00000000e1807fc2       0x1a emodules/mod_orange/built-in.o
                0x00000000e1807fc2                GUI_GetStringDistX
 .text.GUI_GetTextAlign
                0x00000000e1807fdc       0x22 emodules/mod_orange/built-in.o
                0x00000000e1807fdc                GUI_GetTextAlign
 .text.GUI_GetTextExtend
                0x00000000e1807ffe       0xbe emodules/mod_orange/built-in.o
                0x00000000e1807ffe                GUI_GetTextExtend
 .text.GUI_GetTextMode
                0x00000000e18080bc       0x22 emodules/mod_orange/built-in.o
                0x00000000e18080bc                GUI_GetTextMode
 .text.GUI_GetYSizeOfFont
                0x00000000e18080de        0xe emodules/mod_orange/built-in.o
                0x00000000e18080de                GUI_GetYSizeOfFont
 .text.GUI_GetYDistOfFont
                0x00000000e18080ec        0xe emodules/mod_orange/built-in.o
                0x00000000e18080ec                GUI_GetYDistOfFont
 .text.GUI_GotoY
                0x00000000e18080fa       0x2c emodules/mod_orange/built-in.o
                0x00000000e18080fa                GUI_GotoY
 .text.GUI_GotoX
                0x00000000e1808126       0x2c emodules/mod_orange/built-in.o
                0x00000000e1808126                GUI_GotoX
 .text.GUI_GotoXY
                0x00000000e1808152       0x34 emodules/mod_orange/built-in.o
                0x00000000e1808152                GUI_GotoXY
 .text.GUI_InvertRect
                0x00000000e1808186       0x3a emodules/mod_orange/built-in.o
                0x00000000e1808186                GUI_InvertRect
 .text.GUI_IsInFont
                0x00000000e18081c0       0x14 emodules/mod_orange/built-in.o
                0x00000000e18081c0                GUI_IsInFont
 .text.GUI_Log  0x00000000e18081d4        0x4 emodules/mod_orange/built-in.o
                0x00000000e18081d4                GUI_Log
 .text.GUI_Log1
                0x00000000e18081d8       0x40 emodules/mod_orange/built-in.o
                0x00000000e18081d8                GUI_Log1
 .text.GUI_Log2
                0x00000000e1808218       0x50 emodules/mod_orange/built-in.o
                0x00000000e1808218                GUI_Log2
 .text.GUI_Log3
                0x00000000e1808268       0x5e emodules/mod_orange/built-in.o
                0x00000000e1808268                GUI_Log3
 .text.GUI_Log4
                0x00000000e18082c6       0x6c emodules/mod_orange/built-in.o
                0x00000000e18082c6                GUI_Log4
 .text.GUI_MergeRect
                0x00000000e1808332       0x78 emodules/mod_orange/built-in.o
                0x00000000e1808332                GUI_MergeRect
 .text.GUI_MoveRect
                0x00000000e18083aa       0x34 emodules/mod_orange/built-in.o
                0x00000000e18083aa                GUI_MoveRect
 .text.GUI_GetPenSize
                0x00000000e18083de       0x1e emodules/mod_orange/built-in.o
                0x00000000e18083de                GUI_GetPenSize
 .text.GUI_GetPenShape
                0x00000000e18083fc       0x1e emodules/mod_orange/built-in.o
                0x00000000e18083fc                GUI_GetPenShape
 .text.GUI_SetPenSize
                0x00000000e180841a       0x2c emodules/mod_orange/built-in.o
                0x00000000e180841a                GUI_SetPenSize
 .text.GUI_SetPenShape
                0x00000000e1808446       0x2c emodules/mod_orange/built-in.o
                0x00000000e1808446                GUI_SetPenShape
 .text.GUI_RectsIntersect
                0x00000000e1808472       0x40 emodules/mod_orange/built-in.o
                0x00000000e1808472                GUI_RectsIntersect
 .text.GUI_SaveContext
                0x00000000e18084b2       0x1a emodules/mod_orange/built-in.o
                0x00000000e18084b2                GUI_SaveContext
 .text.GUI_RestoreContext
                0x00000000e18084cc       0x1c emodules/mod_orange/built-in.o
                0x00000000e18084cc                GUI_RestoreContext
 .text.GUI_ReleaseLayer
                0x00000000e18084e8       0x10 emodules/mod_orange/built-in.o
                0x00000000e18084e8                GUI_ReleaseLayer
 .text.GUI_SelectLayer
                0x00000000e18084f8       0x3e emodules/mod_orange/built-in.o
                0x00000000e18084f8                GUI_SelectLayer
 .text.GUI_CreateLayer
                0x00000000e1808536       0xd4 emodules/mod_orange/built-in.o
                0x00000000e1808536                GUI_CreateLayer
 .text.GUI_SelectLCD
                0x00000000e180860a       0x18 emodules/mod_orange/built-in.o
                0x00000000e180860a                GUI_SelectLCD
 .text.GUI_SetClipRect
                0x00000000e1808622       0x2c emodules/mod_orange/built-in.o
                0x00000000e1808622                GUI_SetClipRect
 .text.GUI_SetBkColor
                0x00000000e180864e       0x18 emodules/mod_orange/built-in.o
                0x00000000e180864e                GUI_SetBkColor
 .text.GUI_SetColor
                0x00000000e1808666       0x18 emodules/mod_orange/built-in.o
                0x00000000e1808666                GUI_SetColor
 .text.GL_SetDefault
                0x00000000e180867e       0x40 emodules/mod_orange/built-in.o
                0x00000000e180867e                GL_SetDefault
 .text.GUI_SetDefault
                0x00000000e18086be       0x14 emodules/mod_orange/built-in.o
                0x00000000e18086be                GUI_SetDefault
 .text.GUI_SetDrawMode
                0x00000000e18086d2       0x1e emodules/mod_orange/built-in.o
                0x00000000e18086d2                GUI_SetDrawMode
 .text.GUI_SetFont
                0x00000000e18086f0       0x34 emodules/mod_orange/built-in.o
                0x00000000e18086f0                GUI_SetFont
 .text.GUI_SetLineStyle
                0x00000000e1808724       0x2c emodules/mod_orange/built-in.o
                0x00000000e1808724                GUI_SetLineStyle
 .text.LCD_SetPixelIndex
                0x00000000e1808750       0x3c emodules/mod_orange/built-in.o
                0x00000000e1808750                LCD_SetPixelIndex
 .text.GUI_SetLCDDirection
                0x00000000e180878c       0x36 emodules/mod_orange/built-in.o
                0x00000000e180878c                GUI_SetLCDDirection
 .text.GUI_SetLCDSize
                0x00000000e18087c2       0x38 emodules/mod_orange/built-in.o
                0x00000000e18087c2                GUI_SetLCDSize
 .text.GUI_SetTextAlign
                0x00000000e18087fa       0x2c emodules/mod_orange/built-in.o
                0x00000000e18087fa                GUI_SetTextAlign
 .text.GUI_SetTextMode
                0x00000000e1808826       0x2c emodules/mod_orange/built-in.o
                0x00000000e1808826                GUI_SetTextMode
 .text.GUI_UC_GetCharSize
                0x00000000e1808852       0x2a emodules/mod_orange/built-in.o
                0x00000000e1808852                GUI_UC_GetCharSize
 .text.GUI_UC_GetCharCode
                0x00000000e180887c       0x2a emodules/mod_orange/built-in.o
                0x00000000e180887c                GUI_UC_GetCharCode
 .text.GUI_UC__GetCharCodeInc
                0x00000000e18088a6       0x42 emodules/mod_orange/built-in.o
                0x00000000e18088a6                GUI_UC__GetCharCodeInc
 .text.GUI_UC__NumChars2NumBytes
                0x00000000e18088e8       0x44 emodules/mod_orange/built-in.o
                0x00000000e18088e8                GUI_UC__NumChars2NumBytes
 .text.Big5_to_Unicode
                0x00000000e180892c       0x4e emodules/mod_orange/built-in.o
                0x00000000e180892c                Big5_to_Unicode
 .text._GetCharCode
                0x00000000e180897a      0x512 emodules/mod_orange/built-in.o
 .text._GetCharSize
                0x00000000e1808e8c      0x142 emodules/mod_orange/built-in.o
 .text._CalcSizeOfChar
                0x00000000e1808fce      0x166 emodules/mod_orange/built-in.o
 .text._Encode  0x00000000e1809134      0x476 emodules/mod_orange/built-in.o
 .text.GUI_UC_SetEncodeNone
                0x00000000e18095aa       0x20 emodules/mod_orange/built-in.o
                0x00000000e18095aa                GUI_UC_SetEncodeNone
 .text.GUI_UC_SetEncodeUTF8
                0x00000000e18095ca       0x2a emodules/mod_orange/built-in.o
                0x00000000e18095ca                GUI_UC_SetEncodeUTF8
 .text.GUI_Warn
                0x00000000e18095f4        0x4 emodules/mod_orange/built-in.o
                0x00000000e18095f4                GUI_Warn
 .text.GUI_Warn1
                0x00000000e18095f8       0x40 emodules/mod_orange/built-in.o
                0x00000000e18095f8                GUI_Warn1
 .text.GUI_Warn2
                0x00000000e1809638       0x50 emodules/mod_orange/built-in.o
                0x00000000e1809638                GUI_Warn2
 .text.GUI_Warn3
                0x00000000e1809688       0x5e emodules/mod_orange/built-in.o
                0x00000000e1809688                GUI_Warn3
 .text.GUI_Warn4
                0x00000000e18096e6       0x6c emodules/mod_orange/built-in.o
                0x00000000e18096e6                GUI_Warn4
 .text.GUI_ALLOC_Init
                0x00000000e1809752       0xcc emodules/mod_orange/built-in.o
                0x00000000e1809752                GUI_ALLOC_Init
 .text._CheckInit
                0x00000000e180981e       0x12 emodules/mod_orange/built-in.o
 .text.GUI_Memdev_FrameBuffer_Release
                0x00000000e1809830       0x82 emodules/mod_orange/built-in.o
                0x00000000e1809830                GUI_Memdev_FrameBuffer_Release
 .text.GUI_ALLOC_AllocNoInit
                0x00000000e18098b2      0x234 emodules/mod_orange/built-in.o
                0x00000000e18098b2                GUI_ALLOC_AllocNoInit
 .text.GUI_ALLOC_h2p
                0x00000000e1809ae6       0x5a emodules/mod_orange/built-in.o
                0x00000000e1809ae6                GUI_ALLOC_h2p
 .text.GUI_ALLOC_GetNumFreeBytes
                0x00000000e1809b40       0x20 emodules/mod_orange/built-in.o
                0x00000000e1809b40                GUI_ALLOC_GetNumFreeBytes
 .text.GUI_ALLOC_GetMaxSize
                0x00000000e1809b60       0x8a emodules/mod_orange/built-in.o
                0x00000000e1809b60                GUI_ALLOC_GetMaxSize
 .text.GUI_ALLOC_GetSize
                0x00000000e1809bea       0x2e emodules/mod_orange/built-in.o
                0x00000000e1809bea                GUI_ALLOC_GetSize
 .text.GUI_ALLOC_Free
                0x00000000e1809c18       0xa2 emodules/mod_orange/built-in.o
                0x00000000e1809c18                GUI_ALLOC_Free
 .text.GUI_ALLOC_FreePtr
                0x00000000e1809cba       0x22 emodules/mod_orange/built-in.o
                0x00000000e1809cba                GUI_ALLOC_FreePtr
 .text._DrawArc.isra.0
                0x00000000e1809cdc      0x2a4 emodules/mod_orange/built-in.o
 .text.GL_DrawArc
                0x00000000e1809f80      0x142 emodules/mod_orange/built-in.o
                0x00000000e1809f80                GL_DrawArc
 .text.GUI_DrawArc
                0x00000000e180a0c2       0x2c emodules/mod_orange/built-in.o
                0x00000000e180a0c2                GUI_DrawArc
 .text.GUI_GetYAdjust
                0x00000000e180a0ee       0x4e emodules/mod_orange/built-in.o
                0x00000000e180a0ee                GUI_GetYAdjust
 .text.GUI_GetFontDistY
                0x00000000e180a13c       0x42 emodules/mod_orange/built-in.o
                0x00000000e180a13c                GUI_GetFontDistY
 .text.GUI_DispNextLine
                0x00000000e180a17e       0x3e emodules/mod_orange/built-in.o
                0x00000000e180a17e                GUI_DispNextLine
 .text.GL_DispChar
                0x00000000e180a1bc       0x3a emodules/mod_orange/built-in.o
                0x00000000e180a1bc                GL_DispChar
 .text.GUI_GetCharDistX
                0x00000000e180a1f6       0x2a emodules/mod_orange/built-in.o
                0x00000000e180a1f6                GUI_GetCharDistX
 .text.GUI__GetLineNumChars
                0x00000000e180a220       0x68 emodules/mod_orange/built-in.o
                0x00000000e180a220                GUI__GetLineNumChars
 .text.GUI__GetLineDistX
                0x00000000e180a288       0x4c emodules/mod_orange/built-in.o
                0x00000000e180a288                GUI__GetLineDistX
 .text.GUI__DispLine
                0x00000000e180a2d4       0x3e emodules/mod_orange/built-in.o
                0x00000000e180a2d4                GUI__DispLine
 .text.GUIMONO_DispChar
                0x00000000e180a312      0x1b0 emodules/mod_orange/built-in.o
                0x00000000e180a312                GUIMONO_DispChar
 .text.GUIMONO_GetCharDistX
                0x00000000e180a4c2       0x1c emodules/mod_orange/built-in.o
                0x00000000e180a4c2                GUIMONO_GetCharDistX
 .text.GUIMONO_GetFontInfo
                0x00000000e180a4de        0x8 emodules/mod_orange/built-in.o
                0x00000000e180a4de                GUIMONO_GetFontInfo
 .text.GUIMONO_IsInFont
                0x00000000e180a4e6       0x34 emodules/mod_orange/built-in.o
                0x00000000e180a4e6                GUIMONO_IsInFont
 .text.Draw8Point
                0x00000000e180a51a       0xaa emodules/mod_orange/built-in.o
 .text.GL_DrawCircle
                0x00000000e180a5c4       0x7a emodules/mod_orange/built-in.o
                0x00000000e180a5c4                GL_DrawCircle
 .text.GUI_DrawCircle
                0x00000000e180a63e       0x20 emodules/mod_orange/built-in.o
                0x00000000e180a63e                GUI_DrawCircle
 .text.GL_FillCircle
                0x00000000e180a65e       0xd2 emodules/mod_orange/built-in.o
                0x00000000e180a65e                GL_FillCircle
 .text.GUI_FillCircle
                0x00000000e180a730       0x20 emodules/mod_orange/built-in.o
                0x00000000e180a730                GUI_FillCircle
 .text.GL_FillEllipse
                0x00000000e180a750       0xb2 emodules/mod_orange/built-in.o
                0x00000000e180a750                GL_FillEllipse
 .text.GUI_FillEllipse
                0x00000000e180a802       0x24 emodules/mod_orange/built-in.o
                0x00000000e180a802                GUI_FillEllipse
 .text.GL_DrawEllipse
                0x00000000e180a826      0x10e emodules/mod_orange/built-in.o
                0x00000000e180a826                GL_DrawEllipse
 .text.GUI_DrawEllipse
                0x00000000e180a934       0x24 emodules/mod_orange/built-in.o
                0x00000000e180a934                GUI_DrawEllipse
 .text.GUI_ClearRect
                0x00000000e180a958       0x3a emodules/mod_orange/built-in.o
                0x00000000e180a958                GUI_ClearRect
 .text.GUI_Clear
                0x00000000e180a992       0x20 emodules/mod_orange/built-in.o
                0x00000000e180a992                GUI_Clear
 .text.GUI_Kernel_Init
                0x00000000e180a9b2       0xf0 emodules/mod_orange/built-in.o
                0x00000000e180a9b2                GUI_Kernel_Init
 .text.GUI_Init_layer
                0x00000000e180aaa2       0x24 emodules/mod_orange/built-in.o
                0x00000000e180aaa2                GUI_Init_layer
 .text._GetTaskNo
                0x00000000e180aac6       0xc0 emodules/mod_orange/built-in.o
 .text.GUI_Unlock
                0x00000000e180ab86       0x68 emodules/mod_orange/built-in.o
                0x00000000e180ab86                GUI_Unlock
 .text.GUI_Lock
                0x00000000e180abee      0x112 emodules/mod_orange/built-in.o
                0x00000000e180abee                GUI_Lock
 .text.GUI_LockAccept
                0x00000000e180ad00      0x130 emodules/mod_orange/built-in.o
                0x00000000e180ad00                GUI_LockAccept
 .text.GUITASK_Init
                0x00000000e180ae30        0xe emodules/mod_orange/built-in.o
                0x00000000e180ae30                GUITASK_Init
 .text.GUITASK_CopyContext
                0x00000000e180ae3e       0x48 emodules/mod_orange/built-in.o
                0x00000000e180ae3e                GUITASK_CopyContext
 .text.LCD_SetColorIndex
                0x00000000e180ae86       0x1a emodules/mod_orange/built-in.o
                0x00000000e180ae86                LCD_SetColorIndex
 .text.LCD_SetBkColorIndex
                0x00000000e180aea0       0x1a emodules/mod_orange/built-in.o
                0x00000000e180aea0                LCD_SetBkColorIndex
 .text.LCD_SetDrawMode
                0x00000000e180aeba       0x24 emodules/mod_orange/built-in.o
                0x00000000e180aeba                LCD_SetDrawMode
 .text.LCD_SetFontMode
                0x00000000e180aede       0x14 emodules/mod_orange/built-in.o
                0x00000000e180aede                LCD_SetFontMode
 .text.LCD_DrawPixel
                0x00000000e180aef2       0x4c emodules/mod_orange/built-in.o
                0x00000000e180aef2                LCD_DrawPixel
 .text.LCD_DrawHLine
                0x00000000e180af3e       0x54 emodules/mod_orange/built-in.o
                0x00000000e180af3e                LCD_DrawHLine
 .text.LCD_FillRect
                0x00000000e180af92       0x6c emodules/mod_orange/built-in.o
                0x00000000e180af92                LCD_FillRect
 .text.LCD_DrawBitmap
                0x00000000e180affe      0x28c emodules/mod_orange/built-in.o
                0x00000000e180affe                LCD_DrawBitmap
 .text.LCD_DrawBitmap_Trans
                0x00000000e180b28a      0x112 emodules/mod_orange/built-in.o
                0x00000000e180b28a                LCD_DrawBitmap_Trans
 .text.LCD_SetClipRectMax
                0x00000000e180b39c       0x1c emodules/mod_orange/built-in.o
                0x00000000e180b39c                LCD_SetClipRectMax
 .text.LCD_Init
                0x00000000e180b3b8       0x26 emodules/mod_orange/built-in.o
                0x00000000e180b3b8                LCD_Init
 .text.LCD_Init_layer
                0x00000000e180b3de       0x30 emodules/mod_orange/built-in.o
                0x00000000e180b3de                LCD_Init_layer
 .text.LCD_Color2Index
                0x00000000e180b40e       0x12 emodules/mod_orange/built-in.o
                0x00000000e180b40e                LCD_Color2Index
 .text.LCD_Index2Color
                0x00000000e180b420       0x12 emodules/mod_orange/built-in.o
                0x00000000e180b420                LCD_Index2Color
 .text.LCD_SetBkColor
                0x00000000e180b432       0x26 emodules/mod_orange/built-in.o
                0x00000000e180b432                LCD_SetBkColor
 .text.LCD_SetColor
                0x00000000e180b458       0x26 emodules/mod_orange/built-in.o
                0x00000000e180b458                LCD_SetColor
 .text.LCD_DrawVLine
                0x00000000e180b47e       0x54 emodules/mod_orange/built-in.o
                0x00000000e180b47e                LCD_DrawVLine
 .text.LCD_GetXSizeEx
                0x00000000e180b4d2        0xe emodules/mod_orange/built-in.o
                0x00000000e180b4d2                LCD_GetXSizeEx
 .text.LCD_GetYSizeEx
                0x00000000e180b4e0       0x12 emodules/mod_orange/built-in.o
                0x00000000e180b4e0                LCD_GetYSizeEx
 .text.LCD_GetBitsPerPixelEx
                0x00000000e180b4f2        0x6 emodules/mod_orange/built-in.o
                0x00000000e180b4f2                LCD_GetBitsPerPixelEx
 .text.LCD_GetNumColorsEx
                0x00000000e180b4f8       0x1e emodules/mod_orange/built-in.o
                0x00000000e180b4f8                LCD_GetNumColorsEx
 .text.LCD_GetXMagEx
                0x00000000e180b516        0x6 emodules/mod_orange/built-in.o
                0x00000000e180b516                LCD_GetXMagEx
 .text.LCD_GetFixedPaletteEx
                0x00000000e180b51c       0x24 emodules/mod_orange/built-in.o
                0x00000000e180b51c                LCD_GetFixedPaletteEx
 .text.LCD_GetSwapRBEx
                0x00000000e180b540        0x4 emodules/mod_orange/built-in.o
                0x00000000e180b540                LCD_GetSwapRBEx
 .text.LCD_GetPixelColor
                0x00000000e180b544       0x12 emodules/mod_orange/built-in.o
                0x00000000e180b544                LCD_GetPixelColor
 .text.LCD_L0_Color2Index
                0x00000000e180b556        0x4 emodules/mod_orange/built-in.o
                0x00000000e180b556                LCD_L0_Color2Index
 .text.LCD_L0_1_Color2Index
                0x00000000e180b55a        0x4 emodules/mod_orange/built-in.o
                0x00000000e180b55a                LCD_L0_1_Color2Index
 .text.LCD_L0_2_Color2Index
                0x00000000e180b55e        0x2 emodules/mod_orange/built-in.o
                0x00000000e180b55e                LCD_L0_2_Color2Index
 .text.LCD_L0_3_Color2Index
                0x00000000e180b560        0x2 emodules/mod_orange/built-in.o
                0x00000000e180b560                LCD_L0_3_Color2Index
 .text.LCD_L0_Index2Color
                0x00000000e180b562        0x4 emodules/mod_orange/built-in.o
                0x00000000e180b562                LCD_L0_Index2Color
 .text.LCD_L0_1_Index2Color
                0x00000000e180b566        0x4 emodules/mod_orange/built-in.o
                0x00000000e180b566                LCD_L0_1_Index2Color
 .text.LCD_L0_2_Index2Color
                0x00000000e180b56a        0x2 emodules/mod_orange/built-in.o
                0x00000000e180b56a                LCD_L0_2_Index2Color
 .text.LCD_L0_3_Index2Color
                0x00000000e180b56c        0x2 emodules/mod_orange/built-in.o
                0x00000000e180b56c                LCD_L0_3_Index2Color
 .text.LCD_L0_GetIndexMask
                0x00000000e180b56e        0x4 emodules/mod_orange/built-in.o
                0x00000000e180b56e                LCD_L0_GetIndexMask
 .text.LCD_L0_1_GetIndexMask
                0x00000000e180b572        0x4 emodules/mod_orange/built-in.o
                0x00000000e180b572                LCD_L0_1_GetIndexMask
 .text.LCD_L0_2_GetIndexMask
                0x00000000e180b576        0x4 emodules/mod_orange/built-in.o
                0x00000000e180b576                LCD_L0_2_GetIndexMask
 .text.LCD_L0_3_GetIndexMask
                0x00000000e180b57a        0x4 emodules/mod_orange/built-in.o
                0x00000000e180b57a                LCD_L0_3_GetIndexMask
 .text.LCD_L0_GetRect
                0x00000000e180b57e       0x36 emodules/mod_orange/built-in.o
                0x00000000e180b57e                LCD_L0_GetRect
 .text.LCD_L0_1_GetRect
                0x00000000e180b5b4        0x4 emodules/mod_orange/built-in.o
                0x00000000e180b5b4                LCD_L0_1_GetRect
 .text.LCD_L0_2_GetRect
                0x00000000e180b5b8        0x4 emodules/mod_orange/built-in.o
                0x00000000e180b5b8                LCD_L0_2_GetRect
 .text.LCD_MixColors256
                0x00000000e180b5bc       0x5a emodules/mod_orange/built-in.o
                0x00000000e180b5bc                LCD_MixColors256
 .text.LCD_SelectLCD
                0x00000000e180b616       0x86 emodules/mod_orange/built-in.o
                0x00000000e180b616                LCD_SelectLCD
 .text.LCD_SetClipRectEx
                0x00000000e180b69c       0x34 emodules/mod_orange/built-in.o
                0x00000000e180b69c                LCD_SetClipRectEx
 .text.LCD_UpdateColorIndices
                0x00000000e180b6d0       0x2c emodules/mod_orange/built-in.o
                0x00000000e180b6d0                LCD_UpdateColorIndices
 .text.LCD_GetpPalConvTableUncached
                0x00000000e180b6fc       0x5c emodules/mod_orange/built-in.o
                0x00000000e180b6fc                LCD_GetpPalConvTableUncached
 .text.LCD_GetpPalConvTable
                0x00000000e180b758        0x4 emodules/mod_orange/built-in.o
                0x00000000e180b758                LCD_GetpPalConvTable
 .text.LCD_InitLUT
                0x00000000e180b75c        0x2 emodules/mod_orange/built-in.o
                0x00000000e180b75c                LCD_InitLUT
 .text.LCD_GetPixelIndex
                0x00000000e180b75e       0x5a emodules/mod_orange/built-in.o
                0x00000000e180b75e                LCD_GetPixelIndex
 .text.LCD_GetXSize
                0x00000000e180b7b8       0x16 emodules/mod_orange/built-in.o
                0x00000000e180b7b8                LCD_GetXSize
 .text.LCD_GetYSize
                0x00000000e180b7ce       0x1a emodules/mod_orange/built-in.o
                0x00000000e180b7ce                LCD_GetYSize
 .text.LCD_GetYMag
                0x00000000e180b7e8        0x4 emodules/mod_orange/built-in.o
                0x00000000e180b7e8                LCD_GetYMag
 .text.LCD_GetXMag
                0x00000000e180b7ec        0x4 emodules/mod_orange/built-in.o
                0x00000000e180b7ec                LCD_GetXMag
 .text.LCD_Index2Color_M565
                0x00000000e180b7f0       0x3e emodules/mod_orange/built-in.o
                0x00000000e180b7f0                LCD_Index2Color_M565
 .text.GUI_SetFontMode
                0x00000000e180b82e       0x1e emodules/mod_orange/built-in.o
                0x00000000e180b82e                GUI_SetFontMode
 .text.GUI_UC_SetEncodeGBK
                0x00000000e180b84c       0x2a emodules/mod_orange/built-in.o
                0x00000000e180b84c                GUI_UC_SetEncodeGBK
 .text.GUI_UC_SetEncodeBig5
                0x00000000e180b876       0x2a emodules/mod_orange/built-in.o
                0x00000000e180b876                GUI_UC_SetEncodeBig5
 .text.GUI_UC_SetEncodeSJIS
                0x00000000e180b8a0       0x2a emodules/mod_orange/built-in.o
                0x00000000e180b8a0                GUI_UC_SetEncodeSJIS
 .text.GUI_UC_SetEncodeKIO8R
                0x00000000e180b8ca       0x2a emodules/mod_orange/built-in.o
                0x00000000e180b8ca                GUI_UC_SetEncodeKIO8R
 .text.GUI_UC_SetEncodeISO885916
                0x00000000e180b8f4       0x2a emodules/mod_orange/built-in.o
                0x00000000e180b8f4                GUI_UC_SetEncodeISO885916
 .text.GUI_UC_SetEncodeISO885915
                0x00000000e180b91e       0x2a emodules/mod_orange/built-in.o
                0x00000000e180b91e                GUI_UC_SetEncodeISO885915
 .text.GUI_UC_SetEncodeISO885914
                0x00000000e180b948       0x2a emodules/mod_orange/built-in.o
                0x00000000e180b948                GUI_UC_SetEncodeISO885914
 .text.GUI_UC_SetEncodeISO885913
                0x00000000e180b972       0x2a emodules/mod_orange/built-in.o
                0x00000000e180b972                GUI_UC_SetEncodeISO885913
 .text.GUI_UC_SetEncodeISO885912
                0x00000000e180b99c       0x2a emodules/mod_orange/built-in.o
                0x00000000e180b99c                GUI_UC_SetEncodeISO885912
 .text.GUI_UC_SetEncodeISO885911
                0x00000000e180b9c6       0x2a emodules/mod_orange/built-in.o
                0x00000000e180b9c6                GUI_UC_SetEncodeISO885911
 .text.GUI_UC_SetEncodeISO885910
                0x00000000e180b9f0       0x2a emodules/mod_orange/built-in.o
                0x00000000e180b9f0                GUI_UC_SetEncodeISO885910
 .text.GUI_UC_SetEncodeISO88599
                0x00000000e180ba1a       0x2a emodules/mod_orange/built-in.o
                0x00000000e180ba1a                GUI_UC_SetEncodeISO88599
 .text.GUI_UC_SetEncodeISO88598
                0x00000000e180ba44       0x2a emodules/mod_orange/built-in.o
                0x00000000e180ba44                GUI_UC_SetEncodeISO88598
 .text.GUI_UC_SetEncodeISO88597
                0x00000000e180ba6e       0x2a emodules/mod_orange/built-in.o
                0x00000000e180ba6e                GUI_UC_SetEncodeISO88597
 .text.GUI_UC_SetEncodeISO88596
                0x00000000e180ba98       0x2a emodules/mod_orange/built-in.o
                0x00000000e180ba98                GUI_UC_SetEncodeISO88596
 .text.GUI_UC_SetEncodeISO88595
                0x00000000e180bac2       0x2a emodules/mod_orange/built-in.o
                0x00000000e180bac2                GUI_UC_SetEncodeISO88595
 .text.GUI_UC_SetEncodeISO88594
                0x00000000e180baec       0x2a emodules/mod_orange/built-in.o
                0x00000000e180baec                GUI_UC_SetEncodeISO88594
 .text.GUI_UC_SetEncodeISO88593
                0x00000000e180bb16       0x2a emodules/mod_orange/built-in.o
                0x00000000e180bb16                GUI_UC_SetEncodeISO88593
 .text.GUI_UC_SetEncodeISO88592
                0x00000000e180bb40       0x2a emodules/mod_orange/built-in.o
                0x00000000e180bb40                GUI_UC_SetEncodeISO88592
 .text.GUI_UC_SetEncodeISO88591
                0x00000000e180bb6a       0x2a emodules/mod_orange/built-in.o
                0x00000000e180bb6a                GUI_UC_SetEncodeISO88591
 .text.GUI_UC_SetEncodeGB2312
                0x00000000e180bb94       0x28 emodules/mod_orange/built-in.o
                0x00000000e180bb94                GUI_UC_SetEncodeGB2312
 .text.GUI_UC_SetEncodeEUCKR
                0x00000000e180bbbc       0x2a emodules/mod_orange/built-in.o
                0x00000000e180bbbc                GUI_UC_SetEncodeEUCKR
 .text.GUI_UC_SetEncodeEUCJP
                0x00000000e180bbe6       0x2a emodules/mod_orange/built-in.o
                0x00000000e180bbe6                GUI_UC_SetEncodeEUCJP
 .text.GUI_UC_SetEncodeCP1258
                0x00000000e180bc10       0x2c emodules/mod_orange/built-in.o
                0x00000000e180bc10                GUI_UC_SetEncodeCP1258
 .text.GUI_UC_SetEncodeCP1257
                0x00000000e180bc3c       0x2c emodules/mod_orange/built-in.o
                0x00000000e180bc3c                GUI_UC_SetEncodeCP1257
 .text.GUI_UC_SetEncodeCP1256
                0x00000000e180bc68       0x2a emodules/mod_orange/built-in.o
                0x00000000e180bc68                GUI_UC_SetEncodeCP1256
 .text.GUI_UC_SetEncodeCP1255
                0x00000000e180bc92       0x2a emodules/mod_orange/built-in.o
                0x00000000e180bc92                GUI_UC_SetEncodeCP1255
 .text.GUI_UC_SetEncodeCP1253
                0x00000000e180bcbc       0x2a emodules/mod_orange/built-in.o
                0x00000000e180bcbc                GUI_UC_SetEncodeCP1253
 .text.GUI_UC_SetEncodeCP1251
                0x00000000e180bce6       0x2a emodules/mod_orange/built-in.o
                0x00000000e180bce6                GUI_UC_SetEncodeCP1251
 .text.GUI_UC_SetEncodeCP1250
                0x00000000e180bd10       0x2a emodules/mod_orange/built-in.o
                0x00000000e180bd10                GUI_UC_SetEncodeCP1250
 .text.GUI_UC_SetEncodeCP874
                0x00000000e180bd3a       0x2a emodules/mod_orange/built-in.o
                0x00000000e180bd3a                GUI_UC_SetEncodeCP874
 .text.GUI_Fb2Dispfb
                0x00000000e180bd64      0x26e emodules/mod_orange/built-in.o
                0x00000000e180bd64                GUI_Fb2Dispfb
 .text.GUI_Dispfb2Fb
                0x00000000e180bfd2      0x1d0 emodules/mod_orange/built-in.o
                0x00000000e180bfd2                GUI_Dispfb2Fb
 .text.GUI_LogicLyr2DispLyr
                0x00000000e180c1a2       0x82 emodules/mod_orange/built-in.o
                0x00000000e180c1a2                GUI_LogicLyr2DispLyr
 .text.GUI_DispLyr2LogicLyr
                0x00000000e180c224       0x7c emodules/mod_orange/built-in.o
                0x00000000e180c224                GUI_DispLyr2LogicLyr
 .text._XorPixel
                0x00000000e180c2a0      0x3c0 emodules/mod_orange/built-in.o
 .text.LCD2440_GetPixel
                0x00000000e180c660      0x1a6 emodules/mod_orange/built-in.o
 .text.LCD2440_SetPixel
                0x00000000e180c806      0x424 emodules/mod_orange/built-in.o
 .text.LCD_L0_DrawHLine
                0x00000000e180cc2a      0x104 emodules/mod_orange/built-in.o
                0x00000000e180cc2a                LCD_L0_DrawHLine
 .text.LCD_L0_DrawVLine
                0x00000000e180cd2e       0x54 emodules/mod_orange/built-in.o
                0x00000000e180cd2e                LCD_L0_DrawVLine
 .text.LCD_L0_FillRect
                0x00000000e180cd82       0x32 emodules/mod_orange/built-in.o
                0x00000000e180cd82                LCD_L0_FillRect
 .text.LCD_L0_DrawBitmap8bpp
                0x00000000e180cdb4       0x9a emodules/mod_orange/built-in.o
                0x00000000e180cdb4                LCD_L0_DrawBitmap8bpp
 .text.LCD_L0_DrawBitmap
                0x00000000e180ce4e      0x5e0 emodules/mod_orange/built-in.o
                0x00000000e180ce4e                LCD_L0_DrawBitmap
 .text.LCD_L0_SetLUTEntry
                0x00000000e180d42e        0x2 emodules/mod_orange/built-in.o
                0x00000000e180d42e                LCD_L0_SetLUTEntry
 .text.LCD_L0_Init
                0x00000000e180d430        0x4 emodules/mod_orange/built-in.o
                0x00000000e180d430                LCD_L0_Init
 .text.LCD_L0_CheckInit
                0x00000000e180d434        0x4 emodules/mod_orange/built-in.o
                0x00000000e180d434                LCD_L0_CheckInit
 .text.LCD_L0_GetPixelIndex
                0x00000000e180d438        0x4 emodules/mod_orange/built-in.o
                0x00000000e180d438                LCD_L0_GetPixelIndex
 .text.LCD_L0_XorPixel
                0x00000000e180d43c        0x4 emodules/mod_orange/built-in.o
                0x00000000e180d43c                LCD_L0_XorPixel
 .text.LCD_L0_SetPixelIndex
                0x00000000e180d440        0x4 emodules/mod_orange/built-in.o
                0x00000000e180d440                LCD_L0_SetPixelIndex
 .text.LCD_Normal_FillRect
                0x00000000e180d444       0x94 emodules/mod_orange/built-in.o
 .text._DrawBitLine8BPP
                0x00000000e180d4d8       0xcc emodules/mod_orange/built-in.o
 .text.LCD_L0_1_DrawHLine
                0x00000000e180d5a4       0x54 emodules/mod_orange/built-in.o
                0x00000000e180d5a4                LCD_L0_1_DrawHLine
 .text.LCD_L0_1_DrawVLine
                0x00000000e180d5f8       0x54 emodules/mod_orange/built-in.o
                0x00000000e180d5f8                LCD_L0_1_DrawVLine
 .text.LCD_L0_1_FillRect
                0x00000000e180d64c       0x7c emodules/mod_orange/built-in.o
                0x00000000e180d64c                LCD_L0_1_FillRect
 .text.LCD_L0_1_DrawBitmap
                0x00000000e180d6c8      0x778 emodules/mod_orange/built-in.o
                0x00000000e180d6c8                LCD_L0_1_DrawBitmap
 .text.LCD_L0_1_SetLUTEntry
                0x00000000e180de40        0x2 emodules/mod_orange/built-in.o
                0x00000000e180de40                LCD_L0_1_SetLUTEntry
 .text.LCD_L0_1_GetPixelIndex
                0x00000000e180de42        0x4 emodules/mod_orange/built-in.o
                0x00000000e180de42                LCD_L0_1_GetPixelIndex
 .text.LCD_L0_1_XorPixel
                0x00000000e180de46        0x4 emodules/mod_orange/built-in.o
                0x00000000e180de46                LCD_L0_1_XorPixel
 .text.LCD_L0_1_SetPixelIndex
                0x00000000e180de4a        0x4 emodules/mod_orange/built-in.o
                0x00000000e180de4a                LCD_L0_1_SetPixelIndex
 .text.LCD_L0_2_DrawHLine
                0x00000000e180de4e       0x54 emodules/mod_orange/built-in.o
                0x00000000e180de4e                LCD_L0_2_DrawHLine
 .text.LCD_L0_2_DrawVLine
                0x00000000e180dea2       0x54 emodules/mod_orange/built-in.o
                0x00000000e180dea2                LCD_L0_2_DrawVLine
 .text.LCD_L0_2_FillRect
                0x00000000e180def6       0x32 emodules/mod_orange/built-in.o
                0x00000000e180def6                LCD_L0_2_FillRect
 .text.LCD_L0_2_DrawBitmap
                0x00000000e180df28      0x5ba emodules/mod_orange/built-in.o
                0x00000000e180df28                LCD_L0_2_DrawBitmap
 .text.LCD_L0_2_SetLUTEntry
                0x00000000e180e4e2        0x2 emodules/mod_orange/built-in.o
                0x00000000e180e4e2                LCD_L0_2_SetLUTEntry
 .text.LCD_L0_2_GetPixelIndex
                0x00000000e180e4e4        0x4 emodules/mod_orange/built-in.o
                0x00000000e180e4e4                LCD_L0_2_GetPixelIndex
 .text.LCD_L0_2_XorPixel
                0x00000000e180e4e8        0x4 emodules/mod_orange/built-in.o
                0x00000000e180e4e8                LCD_L0_2_XorPixel
 .text.LCD_L0_2_SetPixelIndex
                0x00000000e180e4ec        0x4 emodules/mod_orange/built-in.o
                0x00000000e180e4ec                LCD_L0_2_SetPixelIndex
 .text.GUI_MEMDEV__GetRect
                0x00000000e180e4f0       0x50 emodules/mod_orange/built-in.o
                0x00000000e180e4f0                GUI_MEMDEV__GetRect
 .text.GUI_MEMDEV__Color2Index
                0x00000000e180e540       0x26 emodules/mod_orange/built-in.o
                0x00000000e180e540                GUI_MEMDEV__Color2Index
 .text.GUI_MEMDEV__Index2Color
                0x00000000e180e566       0x26 emodules/mod_orange/built-in.o
                0x00000000e180e566                GUI_MEMDEV__Index2Color
 .text.GUI_MEMDEV__GetIndexMask
                0x00000000e180e58c       0x1e emodules/mod_orange/built-in.o
                0x00000000e180e58c                GUI_MEMDEV__GetIndexMask
 .text.GUI_MEMDEV_Delete
                0x00000000e180e5aa       0x42 emodules/mod_orange/built-in.o
                0x00000000e180e5aa                GUI_MEMDEV_Delete
 .text.GUI_MEMDEV__CreateFixed
                0x00000000e180e5ec      0x302 emodules/mod_orange/built-in.o
                0x00000000e180e5ec                GUI_MEMDEV__CreateFixed
 .text.GUI_MEMDEV_CreateEx
                0x00000000e180e8ee       0xb6 emodules/mod_orange/built-in.o
                0x00000000e180e8ee                GUI_MEMDEV_CreateEx
 .text.GUI_MEMDEV_Create
                0x00000000e180e9a4        0x6 emodules/mod_orange/built-in.o
                0x00000000e180e9a4                GUI_MEMDEV_Create
 .text.GUI_MEMDEV_Select
                0x00000000e180e9aa       0x5e emodules/mod_orange/built-in.o
                0x00000000e180e9aa                GUI_MEMDEV_Select
 .text.GUI_MEMDEV__WriteToActiveAt
                0x00000000e180ea08      0x150 emodules/mod_orange/built-in.o
                0x00000000e180ea08                GUI_MEMDEV__WriteToActiveAt
 .text.GUI_MEMDEV_CopyToLCDAt
                0x00000000e180eb58       0x6e emodules/mod_orange/built-in.o
                0x00000000e180eb58                GUI_MEMDEV_CopyToLCDAt
 .text.GUI_MEMDEV_CopyToLCD
                0x00000000e180ebc6        0xa emodules/mod_orange/built-in.o
                0x00000000e180ebc6                GUI_MEMDEV_CopyToLCD
 .text._XY2PTR_BITOFFSET
                0x00000000e180ebd0       0xac emodules/mod_orange/built-in.o
 .text._SetPixelIndex
                0x00000000e180ec7c      0x342 emodules/mod_orange/built-in.o
 .text._GetPixelIndex
                0x00000000e180efbe       0x50 emodules/mod_orange/built-in.o
 .text._DrawVLine
                0x00000000e180f00e      0x35a emodules/mod_orange/built-in.o
 .text._FillRect
                0x00000000e180f368      0x3d2 emodules/mod_orange/built-in.o
 .text._DrawHLine
                0x00000000e180f73a       0x18 emodules/mod_orange/built-in.o
 .text._DrawBitmap
                0x00000000e180f752     0x1bd6 emodules/mod_orange/built-in.o
 .text._XY2PTR  0x00000000e1811328      0x1cc emodules/mod_orange/built-in.o
 .text.GUI_MEMDEV_Clear
                0x00000000e18114f4       0x3a emodules/mod_orange/built-in.o
                0x00000000e18114f4                GUI_MEMDEV_Clear
 .text.GUI_MEMDEV_CompareWithLCD
                0x00000000e181152e      0x168 emodules/mod_orange/built-in.o
                0x00000000e181152e                GUI_MEMDEV_CompareWithLCD
 .text.GUI_MEMDEV_CopyFromLCD
                0x00000000e1811696      0x128 emodules/mod_orange/built-in.o
                0x00000000e1811696                GUI_MEMDEV_CopyFromLCD
 .text.GUI_MEMDEV_CreateFixed
                0x00000000e18117be       0x4a emodules/mod_orange/built-in.o
                0x00000000e18117be                GUI_MEMDEV_CreateFixed
 .text.GUI_MEMDEV_GetDataPtr
                0x00000000e1811808       0x22 emodules/mod_orange/built-in.o
                0x00000000e1811808                GUI_MEMDEV_GetDataPtr
 .text.GUI_MEMDEV_GetXSize
                0x00000000e181182a       0x36 emodules/mod_orange/built-in.o
                0x00000000e181182a                GUI_MEMDEV_GetXSize
 .text.GUI_MEMDEV_GetYSize
                0x00000000e1811860       0x36 emodules/mod_orange/built-in.o
                0x00000000e1811860                GUI_MEMDEV_GetYSize
 .text.GUI_MEMDEV_ReduceYSize
                0x00000000e1811896       0x3a emodules/mod_orange/built-in.o
                0x00000000e1811896                GUI_MEMDEV_ReduceYSize
 .text.GUI_MEMDEV_SetOrg
                0x00000000e18118d0       0x80 emodules/mod_orange/built-in.o
                0x00000000e18118d0                GUI_MEMDEV_SetOrg
 .text.GUI_USAGE_DecUseCnt
                0x00000000e1811950       0x32 emodules/mod_orange/built-in.o
                0x00000000e1811950                GUI_USAGE_DecUseCnt
 .text.GUI_USAGE_AddRect
                0x00000000e1811982       0x3e emodules/mod_orange/built-in.o
                0x00000000e1811982                GUI_USAGE_AddRect
 .text.GUI_USAGE_BM_GetNextDirty
                0x00000000e18119c0       0xe4 emodules/mod_orange/built-in.o
 .text._GUI_USAGE_BM_Delete
                0x00000000e1811aa4        0x4 emodules/mod_orange/built-in.o
 .text.GUI_USAGE_BM_Clear
                0x00000000e1811aa8       0x14 emodules/mod_orange/built-in.o
 .text.GUI_USAGE_BM_AddHLine
                0x00000000e1811abc       0xde emodules/mod_orange/built-in.o
 .text.GUI_USAGE_BM_AddPixel
                0x00000000e1811b9a       0x9c emodules/mod_orange/built-in.o
 .text.GUI_USAGE_BM_Create
                0x00000000e1811c36       0x86 emodules/mod_orange/built-in.o
                0x00000000e1811c36                GUI_USAGE_BM_Create
 .text.GUI_MEMDEV_WriteAt
                0x00000000e1811cbc       0x3e emodules/mod_orange/built-in.o
                0x00000000e1811cbc                GUI_MEMDEV_WriteAt
 .text.GUI_MEMDEV_Write
                0x00000000e1811cfa        0xa emodules/mod_orange/built-in.o
                0x00000000e1811cfa                GUI_MEMDEV_Write
 .text._DrawHLineAlpha
                0x00000000e1811d04       0xe6 emodules/mod_orange/built-in.o
 .text._DrawBitmapEx
                0x00000000e1811dea      0x2ae emodules/mod_orange/built-in.o
 .text.GUI_MEMDEV_WriteExAt
                0x00000000e1812098      0x1d4 emodules/mod_orange/built-in.o
                0x00000000e1812098                GUI_MEMDEV_WriteExAt
 .text.GUI_MEMDEV_WriteEx
                0x00000000e181226c       0x10 emodules/mod_orange/built-in.o
                0x00000000e181226c                GUI_MEMDEV_WriteEx
 .text.GUI_MEMDEV__XY2PTR
                0x00000000e181227c       0xa8 emodules/mod_orange/built-in.o
                0x00000000e181227c                GUI_MEMDEV__XY2PTR
 .text.GUI_DispatchTimerMessage
                0x00000000e1812324       0xa0 emodules/mod_orange/built-in.o
                0x00000000e1812324                GUI_DispatchTimerMessage
 .text._os_timer_loop
                0x00000000e18123c4       0x3e emodules/mod_orange/built-in.o
 .text.InitTimer
                0x00000000e1812402       0x22 emodules/mod_orange/built-in.o
                0x00000000e1812402                InitTimer
 .text.gui_timer_init
                0x00000000e1812424       0x70 emodules/mod_orange/built-in.o
                0x00000000e1812424                gui_timer_init
 .text.gui_get_timer
                0x00000000e1812494       0x44 emodules/mod_orange/built-in.o
                0x00000000e1812494                gui_get_timer
 .text.gui_remove_timer
                0x00000000e18124d8       0x5c emodules/mod_orange/built-in.o
                0x00000000e18124d8                gui_remove_timer
 .text.GUI_SetTimer
                0x00000000e1812534      0x100 emodules/mod_orange/built-in.o
                0x00000000e1812534                GUI_SetTimer
 .text.GUI_KillTimer
                0x00000000e1812634       0xb6 emodules/mod_orange/built-in.o
                0x00000000e1812634                GUI_KillTimer
 .text.GUI_ResetTimer
                0x00000000e18126ea       0xd0 emodules/mod_orange/built-in.o
                0x00000000e18126ea                GUI_ResetTimer
 .text.GUI_IsTimerInstalled
                0x00000000e18127ba       0x62 emodules/mod_orange/built-in.o
                0x00000000e18127ba                GUI_IsTimerInstalled
 .text.GUI_HaveFreeTimer
                0x00000000e181281c       0x48 emodules/mod_orange/built-in.o
                0x00000000e181281c                GUI_HaveFreeTimer
 .text.GUI_GetTickCount
                0x00000000e1812864        0xc emodules/mod_orange/built-in.o
                0x00000000e1812864                GUI_GetTickCount
 .text.GUI_GetTimerExpired
                0x00000000e1812870       0x72 emodules/mod_orange/built-in.o
                0x00000000e1812870                GUI_GetTimerExpired
 .text.GUI_IsLastThisMsg
                0x00000000e18128e2       0x54 emodules/mod_orange/built-in.o
 .text.GUI_GetLastPostMsg
                0x00000000e1812936       0x6c emodules/mod_orange/built-in.o
 .text.GUI_GetLastBeforePostMsg
                0x00000000e18129a2       0xa4 emodules/mod_orange/built-in.o
 .text.be_this_thread
                0x00000000e1812a46       0x28 emodules/mod_orange/built-in.o
 .text.GUI_GetLastPostChildMsg.constprop.7
                0x00000000e1812a6e       0x7a emodules/mod_orange/built-in.o
 .text.GUI_GetFirstPostMsg.constprop.9
                0x00000000e1812ae8       0x64 emodules/mod_orange/built-in.o
 .text.GUI_ProcMsgRise.constprop.11
                0x00000000e1812b4c       0xd2 emodules/mod_orange/built-in.o
 .text.InitFreeQMSGList
                0x00000000e1812c1e       0x20 emodules/mod_orange/built-in.o
                0x00000000e1812c1e                InitFreeQMSGList
 .text.DestroyFreeQMSGList
                0x00000000e1812c3e       0x18 emodules/mod_orange/built-in.o
                0x00000000e1812c3e                DestroyFreeQMSGList
 .text.GUI_NotifyMSGQ
                0x00000000e1812c56       0x28 emodules/mod_orange/built-in.o
                0x00000000e1812c56                GUI_NotifyMSGQ
 .text.GUI_ClearPostMsg
                0x00000000e1812c7e       0x16 emodules/mod_orange/built-in.o
                0x00000000e1812c7e                GUI_ClearPostMsg
 .text.GUI_PostMsgHandle
                0x00000000e1812c94      0x748 emodules/mod_orange/built-in.o
                0x00000000e1812c94                GUI_PostMsgHandle
 .text.InitMsgQueue
                0x00000000e18133dc       0xb0 emodules/mod_orange/built-in.o
                0x00000000e18133dc                InitMsgQueue
 .text.DestroyMsgQueue
                0x00000000e181348c       0x70 emodules/mod_orange/built-in.o
                0x00000000e181348c                DestroyMsgQueue
 .text.GUI_HavePendingMessage
                0x00000000e18134fc       0x72 emodules/mod_orange/built-in.o
                0x00000000e18134fc                GUI_HavePendingMessage
 .text.GUI_PostSyncMessage
                0x00000000e181356e       0x9a emodules/mod_orange/built-in.o
                0x00000000e181356e                GUI_PostSyncMessage
 .text.GUI_SendMessage
                0x00000000e1813608       0x6c emodules/mod_orange/built-in.o
                0x00000000e1813608                GUI_SendMessage
 .text.GUI_BroadcastMessage
                0x00000000e1813674       0x40 emodules/mod_orange/built-in.o
                0x00000000e1813674                GUI_BroadcastMessage
 .text.GUI_SendMessageTimeout
                0x00000000e18136b4       0x6c emodules/mod_orange/built-in.o
                0x00000000e18136b4                GUI_SendMessageTimeout
 .text.GUI_PostMessage
                0x00000000e1813720      0x142 emodules/mod_orange/built-in.o
                0x00000000e1813720                GUI_PostMessage
 .text.GUI_SendNotifyMessage
                0x00000000e1813862       0xac emodules/mod_orange/built-in.o
                0x00000000e1813862                GUI_SendNotifyMessage
 .text.GUI_GetMessage
                0x00000000e181390e      0x444 emodules/mod_orange/built-in.o
                0x00000000e181390e                GUI_GetMessage
 .text.GUI_GetMessageEx
                0x00000000e1813d52      0x418 emodules/mod_orange/built-in.o
                0x00000000e1813d52                GUI_GetMessageEx
 .text.GUI_QueryMessage
                0x00000000e181416a       0x40 emodules/mod_orange/built-in.o
                0x00000000e181416a                GUI_QueryMessage
 .text.GUI_MsgSetRepeatTimes
                0x00000000e18141aa       0x32 emodules/mod_orange/built-in.o
                0x00000000e18141aa                GUI_MsgSetRepeatTimes
 .text.GUI_PeekMessage
                0x00000000e18141dc       0xca emodules/mod_orange/built-in.o
                0x00000000e18141dc                GUI_PeekMessage
 .text.GUI_DispatchMessage
                0x00000000e18142a6       0x68 emodules/mod_orange/built-in.o
                0x00000000e18142a6                GUI_DispatchMessage
 .text.GUI_PostQuitMessage
                0x00000000e181430e       0x66 emodules/mod_orange/built-in.o
                0x00000000e181430e                GUI_PostQuitMessage
 .text.GUI_SendAsyncMessage
                0x00000000e1814374       0x22 emodules/mod_orange/built-in.o
                0x00000000e1814374                GUI_SendAsyncMessage
 .text.GUI_ThrowAwayMessages
                0x00000000e1814396      0x10a emodules/mod_orange/built-in.o
                0x00000000e1814396                GUI_ThrowAwayMessages
 .text.GUI_SetSyncMsgRetVal
                0x00000000e18144a0        0xa emodules/mod_orange/built-in.o
                0x00000000e18144a0                GUI_SetSyncMsgRetVal
 .text.GUI_PostSyncSem
                0x00000000e18144aa       0x1a emodules/mod_orange/built-in.o
                0x00000000e18144aa                GUI_PostSyncSem
 .text.GUI_Setfocus_helper
                0x00000000e18144c4       0x88 emodules/mod_orange/built-in.o
 .text.GUI_InvalidateRect
                0x00000000e181454c       0x26 emodules/mod_orange/built-in.o
                0x00000000e181454c                GUI_InvalidateRect
 .text.GUI_WinUpdate
                0x00000000e1814572        0x8 emodules/mod_orange/built-in.o
                0x00000000e1814572                GUI_WinUpdate
 .text.GUI_WinShow
                0x00000000e181457a       0x3c emodules/mod_orange/built-in.o
                0x00000000e181457a                GUI_WinShow
 .text.GUI_WinThreadCleanup
                0x00000000e18145b6       0x76 emodules/mod_orange/built-in.o
                0x00000000e18145b6                GUI_WinThreadCleanup
 .text.GUI_WinGetStyle
                0x00000000e181462c        0xa emodules/mod_orange/built-in.o
                0x00000000e181462c                GUI_WinGetStyle
 .text.GUI_WinSetStyle
                0x00000000e1814636        0xc emodules/mod_orange/built-in.o
                0x00000000e1814636                GUI_WinSetStyle
 .text.GUI_WinGetExStyle
                0x00000000e1814642        0xa emodules/mod_orange/built-in.o
                0x00000000e1814642                GUI_WinGetExStyle
 .text.GUI_WinSetExStyle
                0x00000000e181464c        0xc emodules/mod_orange/built-in.o
                0x00000000e181464c                GUI_WinSetExStyle
 .text.GUI_WinIsAncestor
                0x00000000e1814658       0x1e emodules/mod_orange/built-in.o
                0x00000000e1814658                GUI_WinIsAncestor
 .text.GUI_WinIsChild
                0x00000000e1814676       0x10 emodules/mod_orange/built-in.o
                0x00000000e1814676                GUI_WinIsChild
 .text.GUI_WinSetCallback
                0x00000000e1814686       0x32 emodules/mod_orange/built-in.o
                0x00000000e1814686                GUI_WinSetCallback
 .text.GUI_WinGetCallback
                0x00000000e18146b8       0x24 emodules/mod_orange/built-in.o
                0x00000000e18146b8                GUI_WinGetCallback
 .text.GUI_WinSetCaptureWin
                0x00000000e18146dc       0x2c emodules/mod_orange/built-in.o
                0x00000000e18146dc                GUI_WinSetCaptureWin
 .text.GUI_WinGetCaptureWin
                0x00000000e1814708        0xc emodules/mod_orange/built-in.o
                0x00000000e1814708                GUI_WinGetCaptureWin
 .text.GUI_WinReleaseCapture
                0x00000000e1814714       0x18 emodules/mod_orange/built-in.o
                0x00000000e1814714                GUI_WinReleaseCapture
 .text.GUI_WinSetTouchFocus
                0x00000000e181472c       0x2c emodules/mod_orange/built-in.o
                0x00000000e181472c                GUI_WinSetTouchFocus
 .text.GUI_WinGetTouchFocus
                0x00000000e1814758        0xc emodules/mod_orange/built-in.o
                0x00000000e1814758                GUI_WinGetTouchFocus
 .text.GUI_WinReleaseTouchFocus
                0x00000000e1814764       0x18 emodules/mod_orange/built-in.o
                0x00000000e1814764                GUI_WinReleaseTouchFocus
 .text.GUI_WinGetRootWin
                0x00000000e181477c        0xc emodules/mod_orange/built-in.o
                0x00000000e181477c                GUI_WinGetRootWin
 .text.GUI_WinGetMainManWin
                0x00000000e1814788       0x54 emodules/mod_orange/built-in.o
                0x00000000e1814788                GUI_WinGetMainManWin
 .text.GUI_WinGetManWin
                0x00000000e18147dc       0x46 emodules/mod_orange/built-in.o
                0x00000000e18147dc                GUI_WinGetManWin
 .text.GUI_WinGetLyrWin
                0x00000000e1814822       0x2c emodules/mod_orange/built-in.o
                0x00000000e1814822                GUI_WinGetLyrWin
 .text.GUI_WinGetFrmWin
                0x00000000e181484e       0x3a emodules/mod_orange/built-in.o
                0x00000000e181484e                GUI_WinGetFrmWin
 .text.GUI_WinGetParent
                0x00000000e1814888        0x6 emodules/mod_orange/built-in.o
                0x00000000e1814888                GUI_WinGetParent
 .text.GUI_WinGetFirstChild
                0x00000000e181488e       0x20 emodules/mod_orange/built-in.o
                0x00000000e181488e                GUI_WinGetFirstChild
 .text.GUI_WinGetWinRECT
                0x00000000e18148ae       0x28 emodules/mod_orange/built-in.o
                0x00000000e18148ae                GUI_WinGetWinRECT
 .text.GUI_WinSetWinRECT
                0x00000000e18148d6       0x28 emodules/mod_orange/built-in.o
                0x00000000e18148d6                GUI_WinSetWinRECT
 .text.GUI_WinGetClientRECT
                0x00000000e18148fe       0x2a emodules/mod_orange/built-in.o
                0x00000000e18148fe                GUI_WinGetClientRECT
 .text.GUI_WinSetClientRECT
                0x00000000e1814928       0x2a emodules/mod_orange/built-in.o
                0x00000000e1814928                GUI_WinSetClientRECT
 .text.GUI_WinGetFocusChild
                0x00000000e1814952        0x6 emodules/mod_orange/built-in.o
                0x00000000e1814952                GUI_WinGetFocusChild
 .text.GUI_WinSetFocusChild
                0x00000000e1814958       0x56 emodules/mod_orange/built-in.o
                0x00000000e1814958                GUI_WinSetFocusChild
 .text.GUI_WinSetActiveChild
                0x00000000e18149ae        0x4 emodules/mod_orange/built-in.o
                0x00000000e18149ae                GUI_WinSetActiveChild
 .text.GUI_WinGetNextBro
                0x00000000e18149b2        0x6 emodules/mod_orange/built-in.o
                0x00000000e18149b2                GUI_WinGetNextBro
 .text.GUI_WinGetOwnerWin
                0x00000000e18149b8       0x22 emodules/mod_orange/built-in.o
                0x00000000e18149b8                GUI_WinGetOwnerWin
 .text.GUI_RootWinProc.part.3
                0x00000000e18149da       0x34 emodules/mod_orange/built-in.o
 .text.GUI_RootWinProc
                0x00000000e1814a0e       0x52 emodules/mod_orange/built-in.o
 .text.GUI_WinGetFirstHostedWin
                0x00000000e1814a60       0x22 emodules/mod_orange/built-in.o
                0x00000000e1814a60                GUI_WinGetFirstHostedWin
 .text.GUI_WinGetNextHostedWin
                0x00000000e1814a82       0x22 emodules/mod_orange/built-in.o
                0x00000000e1814a82                GUI_WinGetNextHostedWin
 .text.GUI_WinGetType
                0x00000000e1814aa4       0x18 emodules/mod_orange/built-in.o
                0x00000000e1814aa4                GUI_WinGetType
 .text.GUI_WinIsVisible
                0x00000000e1814abc       0x38 emodules/mod_orange/built-in.o
                0x00000000e1814abc                GUI_WinIsVisible
 .text.GUI_WinGetName
                0x00000000e1814af4       0x20 emodules/mod_orange/built-in.o
                0x00000000e1814af4                GUI_WinGetName
 .text.GUI_WinGetChildFromName
                0x00000000e1814b14       0x3e emodules/mod_orange/built-in.o
                0x00000000e1814b14                GUI_WinGetChildFromName
 .text.GUI_WinGetHandFromName
                0x00000000e1814b52       0x16 emodules/mod_orange/built-in.o
                0x00000000e1814b52                GUI_WinGetHandFromName
 .text.GUI_WinGetPrimitiveWin
                0x00000000e1814b68       0x1a emodules/mod_orange/built-in.o
                0x00000000e1814b68                GUI_WinGetPrimitiveWin
 .text.GUI_WinGetAttr
                0x00000000e1814b82       0x22 emodules/mod_orange/built-in.o
                0x00000000e1814b82                GUI_WinGetAttr
 .text.GUI_WinSetAttr
                0x00000000e1814ba4       0x2a emodules/mod_orange/built-in.o
                0x00000000e1814ba4                GUI_WinSetAttr
 .text.GUI_WinGetAddData
                0x00000000e1814bce       0x18 emodules/mod_orange/built-in.o
                0x00000000e1814bce                GUI_WinGetAddData
 .text.GUI_WinSetAddData
                0x00000000e1814be6       0x14 emodules/mod_orange/built-in.o
                0x00000000e1814be6                GUI_WinSetAddData
 .text.GUI_WinGetClient
                0x00000000e1814bfa       0x2e emodules/mod_orange/built-in.o
                0x00000000e1814bfa                GUI_WinGetClient
 .text.GUI_WinGetDlgItem
                0x00000000e1814c28       0x14 emodules/mod_orange/built-in.o
                0x00000000e1814c28                GUI_WinGetDlgItem
 .text.GUI_WinGetHandFromId
                0x00000000e1814c3c       0x14 emodules/mod_orange/built-in.o
                0x00000000e1814c3c                GUI_WinGetHandFromId
 .text.GUI_WinGetItemId
                0x00000000e1814c50        0x4 emodules/mod_orange/built-in.o
                0x00000000e1814c50                GUI_WinGetItemId
 .text.GUI_WinGetMsgQueue