Archive member included to satisfy reference by file (symbol)

./elibrary/bin//libsyscall.a(syscall.o)
                              livedesk/beetles/mod_desktop/mod_desktop.o (esCFG_GetKeyValue)
./elibrary/bin//libsyscall.a(syscall_fops.o)
                              livedesk/beetles/mod_desktop/engine/built-in.o (ioctl)
./elibrary/bin//libminic.a(elibs_stdio.o)
                              livedesk/beetles/mod_desktop/engine/built-in.o (eLIBs_fopen)
./elibrary/bin//libminic.a(elibs_stdlib.o)
                              livedesk/beetles/mod_desktop/engine/built-in.o (eLIBs_uint2str_dec)
./elibrary/bin//libminic.a(elibs_string.o)
                              livedesk/beetles/mod_desktop/functions/built-in.o (eLIBs_strlen)
./elibrary/bin//libminic.a(elibs_sprintf.o)
                              ./elibrary/bin//libminic.a(elibs_stdio.o) (eLIBs_vscnprintf)
./elibrary/bin//liblzma.a(az100.o)
                              livedesk/beetles/mod_desktop/functions/built-in.o (AZ100_IsCompress)
./elibrary/bin//liblzma.a(compress.o)
                              ./elibrary/bin//liblzma.a(az100.o) (AZ100_DataUncompress)
./elibrary/bin//liblzma.a(LzmaLib.o)
                              ./elibrary/bin//liblzma.a(compress.o) (LzmaUncompress)
./elibrary/bin//liblzma.a(LzmaDec.o)
                              ./elibrary/bin//liblzma.a(LzmaLib.o) (LzmaDecode)
./elibrary/bin//libcharset.a(elibs_charset.o)
                              livedesk/beetles/mod_desktop/engine/built-in.o (eLIBs_charset_convert)
./elibrary/bin//libmediainfo.a(elibs_mediainf.o)
                              livedesk/beetles/mod_desktop/engine/built-in.o (eLIBs_GetAudioFormat)
./elibrary/bin//libmediainfo.a(GetAudio_format.o)
                              ./elibrary/bin//libmediainfo.a(elibs_mediainf.o) (GetAudioFormat)
./elibrary/bin//libmediainfo.a(AudioInfo_WMA.o)
                              ./elibrary/bin//libmediainfo.a(GetAudio_format.o) (GetInfo_WMA)
./elibrary/bin//libmediainfo.a(AudioInfo_WAV.o)
                              ./elibrary/bin//libmediainfo.a(GetAudio_format.o) (GetInfo_WAV)
./elibrary/bin//libmediainfo.a(AudioInfo_RA.o)
                              ./elibrary/bin//libmediainfo.a(GetAudio_format.o) (GetInfo_RA)
./elibrary/bin//libmediainfo.a(AudioInfo_OGG.o)
                              ./elibrary/bin//libmediainfo.a(GetAudio_format.o) (GetInfo_OGG)
./elibrary/bin//libmediainfo.a(AudioInfo_MP3.o)
                              ./elibrary/bin//libmediainfo.a(GetAudio_format.o) (GetInfo_MP3)
./elibrary/bin//libmediainfo.a(AudioInfo_MID_timidity.o)
                              ./elibrary/bin//libmediainfo.a(GetAudio_format.o) (GetInfo_MID)
./elibrary/bin//libmediainfo.a(AudioInfo_FLAC.o)
                              ./elibrary/bin//libmediainfo.a(GetAudio_format.o) (GetInfo_FLAC)
./elibrary/bin//libmediainfo.a(AudioInfo_DTS.o)
                              ./elibrary/bin//libmediainfo.a(GetAudio_format.o) (GetInfo_DTS)
./elibrary/bin//libmediainfo.a(AudioInfo_DRA.o)
                              ./elibrary/bin//libmediainfo.a(GetAudio_format.o) (GetInfo_DRA)
./elibrary/bin//libmediainfo.a(AudioInfo_CAF.o)
                              ./elibrary/bin//libmediainfo.a(GetAudio_format.o) (GetInfo_CAF)
./elibrary/bin//libmediainfo.a(AudioInfo_ATRAC.o)
                              ./elibrary/bin//libmediainfo.a(GetAudio_format.o) (GetInfo_ATRAC)
./elibrary/bin//libmediainfo.a(AudioInfo_APE.o)
                              ./elibrary/bin//libmediainfo.a(GetAudio_format.o) (GetInfo_APE)
./elibrary/bin//libmediainfo.a(AudioInfo_AMR.o)
                              ./elibrary/bin//libmediainfo.a(GetAudio_format.o) (GetInfo_AMR)
./elibrary/bin//libmediainfo.a(AudioInfo_AC3.o)
                              ./elibrary/bin//libmediainfo.a(GetAudio_format.o) (GetInfo_AC3)
./elibrary/bin//libmediainfo.a(AudioInfo_AAC.o)
                              ./elibrary/bin//libmediainfo.a(GetAudio_format.o) (GetInfo_AAC)
./elibrary/bin//libmediainfo.a(bitstream.o)
                              ./elibrary/bin//libmediainfo.a(AudioInfo_WMA.o) (GetInfo_BsInit)
./elibrary/bin//libmediainfo.a(audio_fs_direct.o)
                              ./elibrary/bin//libmediainfo.a(GetAudio_format.o) (set_encrytp_mod)
./elibrary/bin//libmediainfo.a(Tag_XING.o)
                              ./elibrary/bin//libmediainfo.a(AudioInfo_MP3.o) (GetInfo_GETTAG_XING)
./elibrary/bin//libmediainfo.a(Tag_VBRI.o)
                              ./elibrary/bin//libmediainfo.a(AudioInfo_MP3.o) (GetInfo_GETTAG_VBRI)
./elibrary/bin//libmediainfo.a(Tag_OGG.o)
                              ./elibrary/bin//libmediainfo.a(AudioInfo_OGG.o) (GetInfo_oggStandardTag)
./elibrary/bin//libmediainfo.a(Tag_ID3.o)
                              ./elibrary/bin//libmediainfo.a(GetAudio_format.o) (GetInfo_GETID3_Len)
./elibrary/bin//libmediainfo.a(Tag_Enoding.o)
                              ./elibrary/bin//libmediainfo.a(Tag_ID3.o) (GetInfo_Language_encoding)
[...]
Memory Configuration

Name             Origin             Length             Attributes
dram0_0_seg      0x0000000040000000 0x0000000004000000 xrw
dram0_1_seg      0x00000000e0000000 0x0000000010000000 xrw
dram0_2_seg      0x00000000e1f00000 0x0000000000100000 xrw
magic_info_seg   0x00000000ffff0000 0x0000000000000100 r
*default*        0x0000000000000000 0xffffffffffffffff

Linker script and memory map

LOAD livedesk/beetles/mod_desktop/desktop_api.o
LOAD livedesk/beetles/mod_desktop/mod_desktop.o
LOAD livedesk/beetles/mod_desktop/magic.o
LOAD livedesk/beetles/mod_desktop/built-in.o
LOAD livedesk/beetles/mod_desktop/engine/built-in.o
LOAD livedesk/beetles/mod_desktop/framework/built-in.o
LOAD livedesk/beetles/mod_desktop/functions/built-in.o
LOAD livedesk/beetles/mod_desktop/msg_srv/built-in.o
LOAD livedesk/beetles/mod_desktop/util/built-in.o
START GROUP
START GROUP
LOAD ./elibrary/bin//libsyscall.a
LOAD ./elibrary/bin//libminic.a
LOAD ./elibrary/bin//liblzma.a
LOAD ./elibrary/bin//libcharset.a
LOAD ./elibrary/bin//libmediainfo.a
END GROUP
LOAD /home/yuzuki/WorkSpace/melis-v3.0/melis-4.x-release/toolchain/riscv64-elf-x86_64-20201104/bin/../lib/gcc/riscv64-unknown-elf/8.4.0/../../../../riscv64-unknown-elf/lib/rv64imafdcxtheadc/lp64d/libstdc++.a
LOAD /home/yuzuki/WorkSpace/melis-v3.0/melis-4.x-release/toolchain/riscv64-elf-x86_64-20201104/bin/../lib/gcc/riscv64-unknown-elf/8.4.0/../../../../riscv64-unknown-elf/lib/rv64imafdcxtheadc/lp64d/libc.a
LOAD /home/yuzuki/WorkSpace/melis-v3.0/melis-4.x-release/toolchain/riscv64-elf-x86_64-20201104/bin/../lib/gcc/riscv64-unknown-elf/8.4.0/rv64imafdcxtheadc/lp64d/libgcc.a
LOAD /home/yuzuki/WorkSpace/melis-v3.0/melis-4.x-release/toolchain/riscv64-elf-x86_64-20201104/bin/../lib/gcc/riscv64-unknown-elf/8.4.0/../../../../riscv64-unknown-elf/lib/rv64imafdcxtheadc/lp64d/libm.a
END GROUP
                0x00000000e1f00000                __DRAM0_MOD_BASE = ORIGIN (dram0_2_seg)
                0x00000000ffff0000                __DRAM0_INF_BASE = ORIGIN (magic_info_seg)
                0x00000000e1f00000                __DRAM0_MOD_BASE = ORIGIN (dram0_2_seg)
                0x00000000ffff0000                __DRAM0_INF_BASE = ORIGIN (magic_info_seg)
                0x00000000e1f00000                . = __DRAM0_MOD_BASE

DESKTOP_API_TBL
                0x00000000e1f00000      0xc28
 *desktop_api.o(DESKTOP_API_TBL)
 DESKTOP_API_TBL
                0x00000000e1f00000      0xc28 livedesk/beetles/mod_desktop/desktop_api.o
                0x00000000e1f00000                desktop_api

.mod.text       0x00000000e1f00c28    0x1596c
 *(.text)
 *fill*         0x00000000e1f00c28        0x8 
 .text          0x00000000e1f00c30       0xc0 /home/yuzuki/WorkSpace/melis-v3.0/melis-4.x-release/toolchain/riscv64-elf-x86_64-20201104/bin/../lib/gcc/riscv64-unknown-elf/8.4.0/../../../../riscv64-unknown-elf/lib/rv64imafdcxtheadc/lp64d/libc.a(lib_a-fclose.o)
                0x00000000e1f00c30                _fclose_r
                0x00000000e1f00ce0                fclose
 .text          0x00000000e1f00cf0      0x218 /home/yuzuki/WorkSpace/melis-v3.0/melis-4.x-release/toolchain/riscv64-elf-x86_64-20201104/bin/../lib/gcc/riscv64-unknown-elf/8.4.0/../../../../riscv64-unknown-elf/lib/rv64imafdcxtheadc/lp64d/libc.a(lib_a-fflush.o)
                0x00000000e1f00cf0                __sflush_r
                0x00000000e1f00e90                _fflush_r
                0x00000000e1f00ed0                fflush
 *fill*         0x00000000e1f00f08        0x8 
 .text          0x00000000e1f00f10      0x334 /home/yuzuki/WorkSpace/melis-v3.0/melis-4.x-release/toolchain/riscv64-elf-x86_64-20201104/bin/../lib/gcc/riscv64-unknown-elf/8.4.0/../../../../riscv64-unknown-elf/lib/rv64imafdcxtheadc/lp64d/libc.a(lib_a-findfp.o)
                0x00000000e1f00f20                _cleanup_r
                0x00000000e1f01070                __sfmoreglue
                0x00000000e1f010c0                __sfp
                0x00000000e1f01190                _cleanup
                0x00000000e1f011b0                __sinit
                0x00000000e1f011c0                __sfp_lock_acquire
                0x00000000e1f011d0                __sfp_lock_release
                0x00000000e1f011e0                __sinit_lock_acquire
                0x00000000e1f011f0                __sinit_lock_release
                0x00000000e1f01200                __fp_lock_all
                0x00000000e1f01220                __fp_unlock_all
 *fill*         0x00000000e1f01244        0xc 
 .text          0x00000000e1f01250       0xd8 /home/yuzuki/WorkSpace/melis-v3.0/melis-4.x-release/toolchain/riscv64-elf-x86_64-20201104/bin/../lib/gcc/riscv64-unknown-elf/8.4.0/../../../../riscv64-unknown-elf/lib/rv64imafdcxtheadc/lp64d/libc.a(lib_a-fopen.o)
                0x00000000e1f01250                _fopen_r
                0x00000000e1f01310                fopen
 *fill*         0x00000000e1f01328        0x8 
 .text          0x00000000e1f01330       0x28 /home/yuzuki/WorkSpace/melis-v3.0/melis-4.x-release/toolchain/riscv64-elf-x86_64-20201104/bin/../lib/gcc/riscv64-unknown-elf/8.4.0/../../../../riscv64-unknown-elf/lib/rv64imafdcxtheadc/lp64d/libc.a(lib_a-fseek.o)
                0x00000000e1f01330                _fseek_r
                0x00000000e1f01340                fseek
 *fill*         0x00000000e1f01358        0x8 
 .text          0x00000000e1f01360      0x358 /home/yuzuki/WorkSpace/melis-v3.0/melis-4.x-release/toolchain/riscv64-elf-x86_64-20201104/bin/../lib/gcc/riscv64-unknown-elf/8.4.0/../../../../riscv64-unknown-elf/lib/rv64imafdcxtheadc/lp64d/libc.a(lib_a-fseeko.o)
                0x00000000e1f01360                _fseeko_r
                0x00000000e1f016a0                fseeko
 *fill*         0x00000000e1f016b8        0x8 
 .text          0x00000000e1f016c0      0x130 /home/yuzuki/WorkSpace/melis-v3.0/melis-4.x-release/toolchain/riscv64-elf-x86_64-20201104/bin/../lib/gcc/riscv64-unknown-elf/8.4.0/../../../../riscv64-unknown-elf/lib/rv64imafdcxtheadc/lp64d/libc.a(lib_a-fwalk.o)
                0x00000000e1f016c0                _fwalk
                0x00000000e1f01750                _fwalk_reent
 .text          0x00000000e1f017f0       0x9a /home/yuzuki/WorkSpace/melis-v3.0/melis-4.x-release/toolchain/riscv64-elf-x86_64-20201104/bin/../lib/gcc/riscv64-unknown-elf/8.4.0/../../../../riscv64-unknown-elf/lib/rv64imafdcxtheadc/lp64d/libc.a(lib_a-fwrite.o)
                0x00000000e1f017f0                _fwrite_r
                0x00000000e1f01870                fwrite
 *fill*         0x00000000e1f0188a        0x6 
 .text          0x00000000e1f01890      0x15a /home/yuzuki/WorkSpace/melis-v3.0/melis-4.x-release/toolchain/riscv64-elf-x86_64-20201104/bin/../lib/gcc/riscv64-unknown-elf/8.4.0/../../../../riscv64-unknown-elf/lib/rv64imafdcxtheadc/lp64d/libc.a(lib_a-makebuf.o)
                0x00000000e1f01890                __swhatbuf_r
                0x00000000e1f01920                __smakebuf_r
 *fill*         0x00000000e1f019ea        0x6 
 .text          0x00000000e1f019f0       0xd0 /home/yuzuki/WorkSpace/melis-v3.0/melis-4.x-release/toolchain/riscv64-elf-x86_64-20201104/bin/../lib/gcc/riscv64-unknown-elf/8.4.0/../../../../riscv64-unknown-elf/lib/rv64imafdcxtheadc/lp64d/libc.a(lib_a-memcpy.o)
                0x00000000e1f019f0                memcpy
 .text          0x00000000e1f01ac0       0xaa /home/yuzuki/WorkSpace/melis-v3.0/melis-4.x-release/toolchain/riscv64-elf-x86_64-20201104/bin/../lib/gcc/riscv64-unknown-elf/8.4.0/../../../../riscv64-unknown-elf/lib/rv64imafdcxtheadc/lp64d/libc.a(lib_a-memset.o)
                0x00000000e1f01ac0                memset
 *fill*         0x00000000e1f01b6a        0x6 
 .text          0x00000000e1f01b70      0x18c /home/yuzuki/WorkSpace/melis-v3.0/melis-4.x-release/toolchain/riscv64-elf-x86_64-20201104/bin/../lib/gcc/riscv64-unknown-elf/8.4.0/../../../../riscv64-unknown-elf/lib/rv64imafdcxtheadc/lp64d/libc.a(lib_a-refill.o)
                0x00000000e1f01b90                __srefill_r
 *fill*         0x00000000e1f01cfc        0x4 
 .text          0x00000000e1f01d00      0x10e /home/yuzuki/WorkSpace/melis-v3.0/melis-4.x-release/toolchain/riscv64-elf-x86_64-20201104/bin/../lib/gcc/riscv64-unknown-elf/8.4.0/../../../../riscv64-unknown-elf/lib/rv64imafdcxtheadc/lp64d/libc.a(lib_a-stdio.o)
                0x00000000e1f01d00                __sread
                0x00000000e1f01d40                __seofread
                0x00000000e1f01d50                __swrite
                0x00000000e1f01db0                __sseek
                0x00000000e1f01e00                __sclose
 *fill*         0x00000000e1f01e0e        0x2 
 .text          0x00000000e1f01e10       0x58 /home/yuzuki/WorkSpace/melis-v3.0/melis-4.x-release/toolchain/riscv64-elf-x86_64-20201104/bin/../lib/gcc/riscv64-unknown-elf/8.4.0/../../../../riscv64-unknown-elf/lib/rv64imafdcxtheadc/lp64d/libc.a(lib_a-strcat.o)
                0x00000000e1f01e10                strcat
 .text          0x00000000e1f01e68       0x86 /home/yuzuki/WorkSpace/melis-v3.0/melis-4.x-release/toolchain/riscv64-elf-x86_64-20201104/bin/../lib/gcc/riscv64-unknown-elf/8.4.0/../../../../riscv64-unknown-elf/lib/rv64imafdcxtheadc/lp64d/libc.a(lib_a-strcmp.o)
                0x00000000e1f01e68                strcmp
 *fill*         0x00000000e1f01eee        0x2 
 .text          0x00000000e1f01ef0       0xb0 /home/yuzuki/WorkSpace/melis-v3.0/melis-4.x-release/toolchain/riscv64-elf-x86_64-20201104/bin/../lib/gcc/riscv64-unknown-elf/8.4.0/../../../../riscv64-unknown-elf/lib/rv64imafdcxtheadc/lp64d/libc.a(lib_a-strcpy.o)
                0x00000000e1f01ef0                strcpy
 .text          0x00000000e1f01fa0       0xa0 /home/yuzuki/WorkSpace/melis-v3.0/melis-4.x-release/toolchain/riscv64-elf-x86_64-20201104/bin/../lib/gcc/riscv64-unknown-elf/8.4.0/../../../../riscv64-unknown-elf/lib/rv64imafdcxtheadc/lp64d/libc.a(lib_a-strlen.o)
                0x00000000e1f01fa0                strlen
 *fill*         0x00000000e1f02040        0x0 
 .text          0x00000000e1f02040       0xbc /home/yuzuki/WorkSpace/melis-v3.0/melis-4.x-release/toolchain/riscv64-elf-x86_64-20201104/bin/../lib/gcc/riscv64-unknown-elf/8.4.0/../../../../riscv64-unknown-elf/lib/rv64imafdcxtheadc/lp64d/libc.a(lib_a-strncmp.o)
                0x00000000e1f02040                strncmp
 *fill*         0x00000000e1f020fc        0x4 
 .text          0x00000000e1f02100       0xa8 /home/yuzuki/WorkSpace/melis-v3.0/melis-4.x-release/toolchain/riscv64-elf-x86_64-20201104/bin/../lib/gcc/riscv64-unknown-elf/8.4.0/../../../../riscv64-unknown-elf/lib/rv64imafdcxtheadc/lp64d/libc.a(lib_a-strncpy.o)
                0x00000000e1f02100                strncpy
 *fill*         0x00000000e1f021a8        0x8 
 .text          0x00000000e1f021b0      0x564 /home/yuzuki/WorkSpace/melis-v3.0/melis-4.x-release/toolchain/riscv64-elf-x86_64-20201104/bin/../lib/gcc/riscv64-unknown-elf/8.4.0/../../../../riscv64-unknown-elf/lib/rv64imafdcxtheadc/lp64d/libc.a(lib_a-strstr.o)
                0x00000000e1f024e0                strstr
 *fill*         0x00000000e1f02714        0xc 
 .text          0x00000000e1f02720       0x1e /home/yuzuki/WorkSpace/melis-v3.0/melis-4.x-release/toolchain/riscv64-elf-x86_64-20201104/bin/../lib/gcc/riscv64-unknown-elf/8.4.0/../../../../riscv64-unknown-elf/lib/rv64imafdcxtheadc/lp64d/libc.a(lib_a-sysclose.o)
                0x00000000e1f02720                close
 *fill*         0x00000000e1f0273e        0x2 
 .text          0x00000000e1f02740       0x3e /home/yuzuki/WorkSpace/melis-v3.0/melis-4.x-release/toolchain/riscv64-elf-x86_64-20201104/bin/../lib/gcc/riscv64-unknown-elf/8.4.0/../../../../riscv64-unknown-elf/lib/rv64imafdcxtheadc/lp64d/libc.a(lib_a-sysopen.o)
                0x00000000e1f02740                open
 *fill*         0x00000000e1f0277e        0x2 
 .text          0x00000000e1f02780       0x9c /home/yuzuki/WorkSpace/melis-v3.0/melis-4.x-release/toolchain/riscv64-elf-x86_64-20201104/bin/../lib/gcc/riscv64-unknown-elf/8.4.0/../../../../riscv64-unknown-elf/lib/rv64imafdcxtheadc/lp64d/libc.a(lib_a-flags.o)
                0x00000000e1f02780                __sflags
 *fill*         0x00000000e1f0281c        0x4 
 .text          0x00000000e1f02820      0x360 /home/yuzuki/WorkSpace/melis-v3.0/melis-4.x-release/toolchain/riscv64-elf-x86_64-20201104/bin/../lib/gcc/riscv64-unknown-elf/8.4.0/../../../../riscv64-unknown-elf/lib/rv64imafdcxtheadc/lp64d/libc.a(lib_a-fvwrite.o)
                0x00000000e1f02820                __sfvwrite_r
 *fill*         0x00000000e1f02b80        0x0 
 .text          0x00000000e1f02b80       0xba /home/yuzuki/WorkSpace/melis-v3.0/melis-4.x-release/toolchain/riscv64-elf-x86_64-20201104/bin/../lib/gcc/riscv64-unknown-elf/8.4.0/../../../../riscv64-unknown-elf/lib/rv64imafdcxtheadc/lp64d/libc.a(lib_a-memchr.o)
                0x00000000e1f02b80                memchr
 *fill*         0x00000000e1f02c3a        0x6 
 .text          0x00000000e1f02c40       0x66 /home/yuzuki/WorkSpace/melis-v3.0/melis-4.x-release/toolchain/riscv64-elf-x86_64-20201104/bin/../lib/gcc/riscv64-unknown-elf/8.4.0/../../../../riscv64-unknown-elf/lib/rv64imafdcxtheadc/lp64d/libc.a(lib_a-memcmp.o)
                0x00000000e1f02c40                memcmp
 .text          0x00000000e1f02ca6       0xd2 /home/yuzuki/WorkSpace/melis-v3.0/melis-4.x-release/toolchain/riscv64-elf-x86_64-20201104/bin/../lib/gcc/riscv64-unknown-elf/8.4.0/../../../../riscv64-unknown-elf/lib/rv64imafdcxtheadc/lp64d/libc.a(lib_a-memmove-stub.o)
                0x00000000e1f02ca6                memmove
 *fill*         0x00000000e1f02d78        0x8 
 .text          0x00000000e1f02d80      0x112 /home/yuzuki/WorkSpace/melis-v3.0/melis-4.x-release/toolchain/riscv64-elf-x86_64-20201104/bin/../lib/gcc/riscv64-unknown-elf/8.4.0/../../../../riscv64-unknown-elf/lib/rv64imafdcxtheadc/lp64d/libc.a(lib_a-strchr.o)
                0x00000000e1f02d80                strchr
 *fill*         0x00000000e1f02e92        0xe 
 .text          0x00000000e1f02ea0      0x104 /home/yuzuki/WorkSpace/melis-v3.0/melis-4.x-release/toolchain/riscv64-elf-x86_64-20201104/bin/../lib/gcc/riscv64-unknown-elf/8.4.0/../../../../riscv64-unknown-elf/lib/rv64imafdcxtheadc/lp64d/libc.a(lib_a-wsetup.o)
                0x00000000e1f02ea0                __swsetup_r
 *(.text.*)
 .text.DESKTOP_MInit
                0x00000000e1f02fa4        0x4 livedesk/beetles/mod_desktop/mod_desktop.o
                0x00000000e1f02fa4                DESKTOP_MInit
 .text.DESKTOP_MExit
                0x00000000e1f02fa8        0x4 livedesk/beetles/mod_desktop/mod_desktop.o
                0x00000000e1f02fa8                DESKTOP_MExit
 .text.DESKTOP_MOpen
                0x00000000e1f02fac       0xaa livedesk/beetles/mod_desktop/mod_desktop.o
                0x00000000e1f02fac                DESKTOP_MOpen
 .text.DESKTOP_MClose
                0x00000000e1f03056       0x2e livedesk/beetles/mod_desktop/mod_desktop.o
                0x00000000e1f03056                DESKTOP_MClose
 .text.DESKTOP_MRead
                0x00000000e1f03084        0x6 livedesk/beetles/mod_desktop/mod_desktop.o
                0x00000000e1f03084                DESKTOP_MRead
 .text.DESKTOP_MWrite
                0x00000000e1f0308a        0x6 livedesk/beetles/mod_desktop/mod_desktop.o
                0x00000000e1f0308a                DESKTOP_MWrite
 .text.DESKTOP_MIoctrl
                0x00000000e1f03090        0x4 livedesk/beetles/mod_desktop/mod_desktop.o
                0x00000000e1f03090                DESKTOP_MIoctrl
 .text.dsk_radio_open
                0x00000000e1f03094       0x78 livedesk/beetles/mod_desktop/engine/built-in.o
                0x00000000e1f03094                dsk_radio_open
 .text.dsk_radio_is_open
                0x00000000e1f0310c       0x10 livedesk/beetles/mod_desktop/engine/built-in.o
                0x00000000e1f0310c                dsk_radio_is_open
 .text.dsk_radio_set_cb
                0x00000000e1f0311c       0x54 livedesk/beetles/mod_desktop/engine/built-in.o
                0x00000000e1f0311c                dsk_radio_set_cb
 .text.dsk_radio_get_cb
                0x00000000e1f03170       0x12 livedesk/beetles/mod_desktop/engine/built-in.o
                0x00000000e1f03170                dsk_radio_get_cb
 .text.dsk_radio_get_vol
                0x00000000e1f03182       0x6e livedesk/beetles/mod_desktop/engine/built-in.o
                0x00000000e1f03182                dsk_radio_get_vol
 .text.dsk_radio_set_vol
                0x00000000e1f031f0       0x6a livedesk/beetles/mod_desktop/engine/built-in.o
                0x00000000e1f031f0                dsk_radio_set_vol
 .text.dsk_radio_mute
                0x00000000e1f0325a       0x70 livedesk/beetles/mod_desktop/engine/built-in.o
                0x00000000e1f0325a                dsk_radio_mute
 .text.dsk_radio_unmute
                0x00000000e1f032ca       0x70 livedesk/beetles/mod_desktop/engine/built-in.o
                0x00000000e1f032ca                dsk_radio_unmute
 .text.dsk_radio_set_band
                0x00000000e1f0333a       0xc8 livedesk/beetles/mod_desktop/engine/built-in.o
                0x00000000e1f0333a                dsk_radio_set_band
 .text.dsk_radio_set_threshold
                0x00000000e1f03402       0x80 livedesk/beetles/mod_desktop/engine/built-in.o
                0x00000000e1f03402                dsk_radio_set_threshold
 .text.dsk_radio_set_audio_mode
                0x00000000e1f03482       0x9c livedesk/beetles/mod_desktop/engine/built-in.o
                0x00000000e1f03482                dsk_radio_set_audio_mode
 .text.dsk_radio_get_band
                0x00000000e1f0351e       0x5c livedesk/beetles/mod_desktop/engine/built-in.o
                0x00000000e1f0351e                dsk_radio_get_band
 .text.dsk_radio_get_audio_mode
                0x00000000e1f0357a       0x5e livedesk/beetles/mod_desktop/engine/built-in.o
                0x00000000e1f0357a                dsk_radio_get_audio_mode
 .text.dsk_radio_get_min_freq
                0x00000000e1f035d8       0x5c livedesk/beetles/mod_desktop/engine/built-in.o
                0x00000000e1f035d8                dsk_radio_get_min_freq
 .text.dsk_radio_get_max_freq
                0x00000000e1f03634       0x5c livedesk/beetles/mod_desktop/engine/built-in.o
                0x00000000e1f03634                dsk_radio_get_max_freq
 .text.dsk_radio_close
                0x00000000e1f03690       0x66 livedesk/beetles/mod_desktop/engine/built-in.o
                0x00000000e1f03690                dsk_radio_close
 .text.__autosearch_thread
                0x00000000e1f036f6      0x25a livedesk/beetles/mod_desktop/engine/built-in.o
                0x00000000e1f036f6                __autosearch_thread
 .text.dsk_radio_rcv_open
                0x00000000e1f03950       0x8e livedesk/beetles/mod_desktop/engine/built-in.o
                0x00000000e1f03950                dsk_radio_rcv_open
 .text.dsk_radio_rcv_is_open
                0x00000000e1f039de       0x10 livedesk/beetles/mod_desktop/engine/built-in.o
                0x00000000e1f039de                dsk_radio_rcv_is_open
 .text.dsk_radio_rcv_set_freq_play
                0x00000000e1f039ee       0xa4 livedesk/beetles/mod_desktop/engine/built-in.o
                0x00000000e1f039ee                dsk_radio_rcv_set_freq_play
 .text.dsk_radio_rcv_set_search_cb
                0x00000000e1f03a92       0x76 livedesk/beetles/mod_desktop/engine/built-in.o
                0x00000000e1f03a92                dsk_radio_rcv_set_search_cb
 .text.dsk_radio_rcv_auto_search
                0x00000000e1f03b08       0xb2 livedesk/beetles/mod_desktop/engine/built-in.o
                0x00000000e1f03b08                dsk_radio_rcv_auto_search
 .text.dsk_radio_rcv_get_cur_freq
                0x00000000e1f03bba       0x6e livedesk/beetles/mod_desktop/engine/built-in.o
                0x00000000e1f03bba                dsk_radio_rcv_get_cur_freq
 .text.dsk_radio_rcv_set_search_mode
                0x00000000e1f03c28       0x6a livedesk/beetles/mod_desktop/engine/built-in.o
                0x00000000e1f03c28                dsk_radio_rcv_set_search_mode
 .text.dsk_radio_get_search_flag
                0x00000000e1f03c92       0x5c livedesk/beetles/mod_desktop/engine/built-in.o
                0x00000000e1f03c92                dsk_radio_get_search_flag
 .text.dsk_radio_set_search_flag
                0x00000000e1f03cee       0x5a livedesk/beetles/mod_desktop/engine/built-in.o
                0x00000000e1f03cee                dsk_radio_set_search_flag
 .text.dsk_radio_set_manual_way
                0x00000000e1f03d48       0x5a livedesk/beetles/mod_desktop/engine/built-in.o
                0x00000000e1f03d48                dsk_radio_set_manual_way
 .text.dsk_radio_set_automanual_mode
                0x00000000e1f03da2       0x5a livedesk/beetles/mod_desktop/engine/built-in.o
                0x00000000e1f03da2                dsk_radio_set_automanual_mode
 .text.dsk_radio_rcv_search_all
                0x00000000e1f03dfc       0xa8 livedesk/beetles/mod_desktop/engine/built-in.o
                0x00000000e1f03dfc                dsk_radio_rcv_search_all
 .text.dsk_radio_rcv_next_freq_play
                0x00000000e1f03ea4       0xa0 livedesk/beetles/mod_desktop/engine/built-in.o
                0x00000000e1f03ea4                dsk_radio_rcv_next_freq_play
 .text.dsk_radio_rcv_pre_freq_play
                0x00000000e1f03f44       0xa0 livedesk/beetles/mod_desktop/engine/built-in.o
                0x00000000e1f03f44                dsk_radio_rcv_pre_freq_play
 .text.dsk_radio_rcv_set_play_list_type
                0x00000000e1f03fe4       0x5c livedesk/beetles/mod_desktop/engine/built-in.o
                0x00000000e1f03fe4                dsk_radio_rcv_set_play_list_type
 .text.dsk_radio_rcv_get_play_list_type
                0x00000000e1f04040       0x5e livedesk/beetles/mod_desktop/engine/built-in.o
                0x00000000e1f04040                dsk_radio_rcv_get_play_list_type
 .text.dsk_radio_rcv_get_search_result_vn
                0x00000000e1f0409e       0x58 livedesk/beetles/mod_desktop/engine/built-in.o
                0x00000000e1f0409e                dsk_radio_rcv_get_search_result_vn
 .text.dsk_radio_rcv_get_favorite_vn
                0x00000000e1f040f6       0x62 livedesk/beetles/mod_desktop/engine/built-in.o
                0x00000000e1f040f6                dsk_radio_rcv_get_favorite_vn
 .text.dsk_radio_rcv_get_search_result_chaninfo
                0x00000000e1f04158       0x76 livedesk/beetles/mod_desktop/engine/built-in.o
                0x00000000e1f04158                dsk_radio_rcv_get_search_result_chaninfo
 .text.dsk_radio_rcv_get_favorite_chaninfo
                0x00000000e1f041ce       0x7e livedesk/beetles/mod_desktop/engine/built-in.o
                0x00000000e1f041ce                dsk_radio_rcv_get_favorite_chaninfo
 .text.dsk_radio_rcv_get_favorite
                0x00000000e1f0424c       0xdc livedesk/beetles/mod_desktop/engine/built-in.o
                0x00000000e1f0424c                dsk_radio_rcv_get_favorite
 .text.dsk_radio_rcv_save_favorite
                0x00000000e1f04328       0x60 livedesk/beetles/mod_desktop/engine/built-in.o
                0x00000000e1f04328                dsk_radio_rcv_save_favorite
 .text.dsk_radio_rcv_get_search_result
                0x00000000e1f04388      0x136 livedesk/beetles/mod_desktop/engine/built-in.o
                0x00000000e1f04388                dsk_radio_rcv_get_search_result
 .text.dsk_radio_rcv_save_search_result
                0x00000000e1f044be       0xd6 livedesk/beetles/mod_desktop/engine/built-in.o
                0x00000000e1f044be                dsk_radio_rcv_save_search_result
 .text.dsk_radio_rcv_save_cur_freq
                0x00000000e1f04594      0x194 livedesk/beetles/mod_desktop/engine/built-in.o
                0x00000000e1f04594                dsk_radio_rcv_save_cur_freq
 .text.dsk_radio_rcv_add_chan_to_favorite
                0x00000000e1f04728       0xa0 livedesk/beetles/mod_desktop/engine/built-in.o
                0x00000000e1f04728                dsk_radio_rcv_add_chan_to_favorite
 .text.dsk_radio_rcv_del_chan_from_favorite
                0x00000000e1f047c8      0x102 livedesk/beetles/mod_desktop/engine/built-in.o
                0x00000000e1f047c8                dsk_radio_rcv_del_chan_from_favorite
 .text.dsk_radio_rcv_close
                0x00000000e1f048ca       0x62 livedesk/beetles/mod_desktop/engine/built-in.o
                0x00000000e1f048ca                dsk_radio_rcv_close
 .text.myitoa   0x00000000e1f0492c       0x22 livedesk/beetles/mod_desktop/engine/built-in.o
                0x00000000e1f0492c                myitoa
 .text.my_output_format
                0x00000000e1f0494e      0x1b0 livedesk/beetles/mod_desktop/engine/built-in.o
                0x00000000e1f0494e                my_output_format
 .text.myatoi   0x00000000e1f04afe       0x24 livedesk/beetles/mod_desktop/engine/built-in.o
                0x00000000e1f04afe                myatoi
 .text.check_list_file
                0x00000000e1f04b22       0xa0 livedesk/beetles/mod_desktop/engine/built-in.o
                0x00000000e1f04b22                check_list_file
 .text.get_channel_list_from_file
                0x00000000e1f04bc2      0x1ae livedesk/beetles/mod_desktop/engine/built-in.o
                0x00000000e1f04bc2                get_channel_list_from_file
 .text.write_channel_list_to_file
                0x00000000e1f04d70      0x11c livedesk/beetles/mod_desktop/engine/built-in.o
                0x00000000e1f04d70                write_channel_list_to_file
 .text.dsk_radio_send_open
                0x00000000e1f04e8c       0x58 livedesk/beetles/mod_desktop/engine/built-in.o
                0x00000000e1f04e8c                dsk_radio_send_open
 .text.dsk_radio_send_close
                0x00000000e1f04ee4       0x48 livedesk/beetles/mod_desktop/engine/built-in.o
                0x00000000e1f04ee4                dsk_radio_send_close
 .text.dsk_radio_send_is_open
                0x00000000e1f04f2c       0x10 livedesk/beetles/mod_desktop/engine/built-in.o
                0x00000000e1f04f2c                dsk_radio_send_is_open
 .text.dsk_radio_send_set_freq_play
                0x00000000e1f04f3c       0x96 livedesk/beetles/mod_desktop/engine/built-in.o
                0x00000000e1f04f3c                dsk_radio_send_set_freq_play
 .text.dsk_radio_send_get_cur_freq
                0x00000000e1f04fd2       0x5c livedesk/beetles/mod_desktop/engine/built-in.o
                0x00000000e1f04fd2                dsk_radio_send_get_cur_freq
 .text.dsk_radio_send_set_gain
                0x00000000e1f0502e       0x84 livedesk/beetles/mod_desktop/engine/built-in.o
                0x00000000e1f0502e                dsk_radio_send_set_gain
 .text.dsk_radio_send_get_gain
                0x00000000e1f050b2       0x5c livedesk/beetles/mod_desktop/engine/built-in.o
                0x00000000e1f050b2                dsk_radio_send_get_gain
 .text.dsk_wkm_init
                0x00000000e1f0510e       0x4c livedesk/beetles/mod_desktop/engine/built-in.o
                0x00000000e1f0510e                dsk_wkm_init
 .text.dsk_wkm_open
                0x00000000e1f0515a       0x3a livedesk/beetles/mod_desktop/engine/built-in.o
                0x00000000e1f0515a                dsk_wkm_open
 .text.dsk_wkm_close
                0x00000000e1f05194       0x1a livedesk/beetles/mod_desktop/engine/built-in.o
                0x00000000e1f05194                dsk_wkm_close
 .text.dsk_wkm_exit
                0x00000000e1f051ae       0x22 livedesk/beetles/mod_desktop/engine/built-in.o
                0x00000000e1f051ae                dsk_wkm_exit
 .text.dsk_wkm_is_open
                0x00000000e1f051d0       0x16 livedesk/beetles/mod_desktop/engine/built-in.o
                0x00000000e1f051d0                dsk_wkm_is_open
 .text.dsk_wkm_set_cb
                0x00000000e1f051e6       0x76 livedesk/beetles/mod_desktop/engine/built-in.o
                0x00000000e1f051e6                dsk_wkm_set_cb
 .text.dsk_wkm_get_cb
                0x00000000e1f0525c       0x50 livedesk/beetles/mod_desktop/engine/built-in.o
                0x00000000e1f0525c                dsk_wkm_get_cb
 .text.dsk_wkm_set_attr
                0x00000000e1f052ac        0x4 livedesk/beetles/mod_desktop/engine/built-in.o
                0x00000000e1f052ac                dsk_wkm_set_attr
 .text.dsk_wkm_get_attr
                0x00000000e1f052b0        0x4 livedesk/beetles/mod_desktop/engine/built-in.o
                0x00000000e1f052b0                dsk_wkm_get_attr
 .text.__dsk_wkm_orchid_close
                0x00000000e1f052b4       0x16 livedesk/beetles/mod_desktop/engine/built-in.o
                0x00000000e1f052b4                __dsk_wkm_orchid_close
 .text.__dsk_wkm_npl_delete
                0x00000000e1f052ca       0x36 livedesk/beetles/mod_desktop/engine/built-in.o
                0x00000000e1f052ca                __dsk_wkm_npl_delete
 .text.__dsk_wkm_cedar_open
                0x00000000e1f05300       0xe6 livedesk/beetles/mod_desktop/engine/built-in.o
                0x00000000e1f05300                __dsk_wkm_cedar_open
 .text.__dsk_wkm_cedar_close
                0x00000000e1f053e6       0x46 livedesk/beetles/mod_desktop/engine/built-in.o
                0x00000000e1f053e6                __dsk_wkm_cedar_close
 .text.__dsk_wkm_get_feedback_msgQ
                0x00000000e1f0542c       0x78 livedesk/beetles/mod_desktop/engine/built-in.o
                0x00000000e1f0542c                __dsk_wkm_get_feedback_msgQ
 .text.__dsk_wkm_res_mutex_create
                0x00000000e1f054a4       0x68 livedesk/beetles/mod_desktop/engine/built-in.o
                0x00000000e1f054a4                __dsk_wkm_res_mutex_create
 .text.__dsk_wkm_res_mutex_delete
                0x00000000e1f0550c       0x2c livedesk/beetles/mod_desktop/engine/built-in.o
                0x00000000e1f0550c                __dsk_wkm_res_mutex_delete
 .text.__dsk_wkm_set_open_state
                0x00000000e1f05538        0xa livedesk/beetles/mod_desktop/engine/built-in.o
                0x00000000e1f05538                __dsk_wkm_set_open_state
 .text.__dsk_wkm_get_open_state
                0x00000000e1f05542       0x12 livedesk/beetles/mod_desktop/engine/built-in.o
                0x00000000e1f05542                __dsk_wkm_get_open_state
 .text.__dsk_wkm_set_pause_state
                0x00000000e1f05554        0xa livedesk/beetles/mod_desktop/engine/built-in.o
                0x00000000e1f05554                __dsk_wkm_set_pause_state
 .text.__dsk_wkm_get_pause_state
                0x00000000e1f0555e       0x12 livedesk/beetles/mod_desktop/engine/built-in.o
                0x00000000e1f0555e                __dsk_wkm_get_pause_state
 .text.__dsk_wkm_set_playing_state
                0x00000000e1f05570        0xa livedesk/beetles/mod_desktop/engine/built-in.o
                0x00000000e1f05570                __dsk_wkm_set_playing_state
 .text.__dsk_wkm_get_playing_state
                0x00000000e1f0557a       0x12 livedesk/beetles/mod_desktop/engine/built-in.o
                0x00000000e1f0557a                __dsk_wkm_get_playing_state
 .text.__dsk_wkm_set_attr
                0x00000000e1f0558c        0xc livedesk/beetles/mod_desktop/engine/built-in.o
                0x00000000e1f0558c                __dsk_wkm_set_attr
 .text.__dsk_wkm_get_attr
                0x00000000e1f05598        0xc livedesk/beetles/mod_desktop/engine/built-in.o
                0x00000000e1f05598                __dsk_wkm_get_attr
 .text.__dsk_wkm_set_npl_dirty_flag
                0x00000000e1f055a4        0xa livedesk/beetles/mod_desktop/engine/built-in.o
                0x00000000e1f055a4                __dsk_wkm_set_npl_dirty_flag
 .text.__dsk_wkm_get_npl_dirty_flag
                0x00000000e1f055ae       0x12 livedesk/beetles/mod_desktop/engine/built-in.o
                0x00000000e1f055ae                __dsk_wkm_get_npl_dirty_flag
 .text.monitor  0x00000000e1f055c0      0x1ba livedesk/beetles/mod_desktop/engine/built-in.o
 .text.dsk_wkm_monitor_create
                0x00000000e1f0577a       0xae livedesk/beetles/mod_desktop/engine/built-in.o
                0x00000000e1f0577a                dsk_wkm_monitor_create
 .text.dsk_wkm_monitor_delete
                0x00000000e1f05828       0x3e livedesk/beetles/mod_desktop/engine/built-in.o
                0x00000000e1f05828                dsk_wkm_monitor_delete
 .text.__dsk_wkm_monitor_enable
                0x00000000e1f05866        0xc livedesk/beetles/mod_desktop/engine/built-in.o
                0x00000000e1f05866                __dsk_wkm_monitor_enable
 .text.__dsk_wkm_monitor_disable
                0x00000000e1f05872        0xe livedesk/beetles/mod_desktop/engine/built-in.o
                0x00000000e1f05872                __dsk_wkm_monitor_disable
 .text.dsk_wkm_set_ab_a
                0x00000000e1f05880       0x3c livedesk/beetles/mod_desktop/engine/built-in.o
                0x00000000e1f05880                dsk_wkm_set_ab_a
 .text.dsk_wkm_set_ab_b
                0x00000000e1f058bc       0x3c livedesk/beetles/mod_desktop/engine/built-in.o
                0x00000000e1f058bc                dsk_wkm_set_ab_b
 .text.dsk_wkm_set_ab_loop_count
                0x00000000e1f058f8       0x42 livedesk/beetles/mod_desktop/engine/built-in.o
                0x00000000e1f058f8                dsk_wkm_set_ab_loop_count
 .text.dsk_wkm_cancle_ab
                0x00000000e1f0593a       0x3c livedesk/beetles/mod_desktop/engine/built-in.o
                0x00000000e1f0593a                dsk_wkm_cancle_ab
 .text.dsk_wkm_set_eq_mode
                0x00000000e1f05976       0x42 livedesk/beetles/mod_desktop/engine/built-in.o
                0x00000000e1f05976                dsk_wkm_set_eq_mode
 .text.dsk_wkm_get_eq_mode
                0x00000000e1f059b8       0x3e livedesk/beetles/mod_desktop/engine/built-in.o
                0x00000000e1f059b8                dsk_wkm_get_eq_mode
 .text.dsk_wkm_set_eq_value
                0x00000000e1f059f6       0x42 livedesk/beetles/mod_desktop/engine/built-in.o
                0x00000000e1f059f6                dsk_wkm_set_eq_value
 .text.dsk_wkm_get_eq_value
                0x00000000e1f05a38       0x42 livedesk/beetles/mod_desktop/engine/built-in.o
                0x00000000e1f05a38                dsk_wkm_get_eq_value
 .text.dsk_wkm_eq_mode2value
                0x00000000e1f05a7a       0x4a livedesk/beetles/mod_desktop/engine/built-in.o
                0x00000000e1f05a7a                dsk_wkm_eq_mode2value
 .text.dsk_wkm_set_ff_rr_speed
                0x00000000e1f05ac4       0x48 livedesk/beetles/mod_desktop/engine/built-in.o
                0x00000000e1f05ac4                dsk_wkm_set_ff_rr_speed
 .text.dsk_wkm_get_ff_rr_speed
                0x00000000e1f05b0c       0x44 livedesk/beetles/mod_desktop/engine/built-in.o
                0x00000000e1f05b0c                dsk_wkm_get_ff_rr_speed
 .text.__dsk_wkm_set_ab_a
                0x00000000e1f05b50       0x28 livedesk/beetles/mod_desktop/engine/built-in.o
                0x00000000e1f05b50                __dsk_wkm_set_ab_a
 .text.__dsk_wkm_set_ab_b
                0x00000000e1f05b78       0x28 livedesk/beetles/mod_desktop/engine/built-in.o
                0x00000000e1f05b78                __dsk_wkm_set_ab_b
 .text.__dsk_wkm_set_ab_loop_count
                0x00000000e1f05ba0       0x2a livedesk/beetles/mod_desktop/engine/built-in.o
                0x00000000e1f05ba0                __dsk_wkm_set_ab_loop_count
 .text.__dsk_wkm_cancle_ab
                0x00000000e1f05bca       0x28 livedesk/beetles/mod_desktop/engine/built-in.o
                0x00000000e1f05bca                __dsk_wkm_cancle_ab
 .text.__dsk_wkm_set_eq_mode
                0x00000000e1f05bf2       0x2a livedesk/beetles/mod_desktop/engine/built-in.o
                0x00000000e1f05bf2                __dsk_wkm_set_eq_mode
 .text.__dsk_wkm_get_eq_mode
                0x00000000e1f05c1c       0x24 livedesk/beetles/mod_desktop/engine/built-in.o
                0x00000000e1f05c1c                __dsk_wkm_get_eq_mode
 .text.__dsk_wkm_set_eq_value
                0x00000000e1f05c40       0x30 livedesk/beetles/mod_desktop/engine/built-in.o
                0x00000000e1f05c40                __dsk_wkm_set_eq_value
 .text.__dsk_wkm_get_eq_value
                0x00000000e1f05c70        0xa livedesk/beetles/mod_desktop/engine/built-in.o
                0x00000000e1f05c70                __dsk_wkm_get_eq_value
 .text.__dsk_wkm_eq_mode2value
                0x00000000e1f05c7a        0xa livedesk/beetles/mod_desktop/engine/built-in.o
                0x00000000e1f05c7a                __dsk_wkm_eq_mode2value
 .text.__dsk_wkm_feedbackQ_create
                0x00000000e1f05c84       0x68 livedesk/beetles/mod_desktop/engine/built-in.o
                0x00000000e1f05c84                __dsk_wkm_feedbackQ_create
 .text.__dsk_wkm_feedbackQ_delete
                0x00000000e1f05cec       0x2c livedesk/beetles/mod_desktop/engine/built-in.o
                0x00000000e1f05cec                __dsk_wkm_feedbackQ_delete
 .text.__dsk_wkm_set_ff_rr_speed
                0x00000000e1f05d18       0x2c livedesk/beetles/mod_desktop/engine/built-in.o
                0x00000000e1f05d18                __dsk_wkm_set_ff_rr_speed
 .text.__dsk_wkm_get_ff_rr_speed
                0x00000000e1f05d44       0x22 livedesk/beetles/mod_desktop/engine/built-in.o
                0x00000000e1f05d44                __dsk_wkm_get_ff_rr_speed
 .text.__dsk_wkm_get_fsm_state
                0x00000000e1f05d66       0x24 livedesk/beetles/mod_desktop/engine/built-in.o
                0x00000000e1f05d66                __dsk_wkm_get_fsm_state
 .text.__dsk_wkm_play_file
                0x00000000e1f05d8a       0x3c livedesk/beetles/mod_desktop/engine/built-in.o
                0x00000000e1f05d8a                __dsk_wkm_play_file
 .text.__dsk_wkm_stop
                0x00000000e1f05dc6       0x1c livedesk/beetles/mod_desktop/engine/built-in.o
                0x00000000e1f05dc6                __dsk_wkm_stop
 .text.__dsk_wkm_pause
                0x00000000e1f05de2       0x1c livedesk/beetles/mod_desktop/engine/built-in.o
                0x00000000e1f05de2                __dsk_wkm_pause
 .text.__dsk_wkm_resume_play
                0x00000000e1f05dfe       0x1c livedesk/beetles/mod_desktop/engine/built-in.o
                0x00000000e1f05dfe                __dsk_wkm_resume_play
 .text.__dsk_wkm_ff
                0x00000000e1f05e1a       0x1c livedesk/beetles/mod_desktop/engine/built-in.o
                0x00000000e1f05e1a                __dsk_wkm_ff
 .text.__dsk_wkm_rr
                0x00000000e1f05e36       0x1c livedesk/beetles/mod_desktop/engine/built-in.o
                0x00000000e1f05e36                __dsk_wkm_rr
 .text.__dsk_wkm_jump
                0x00000000e1f05e52       0x1e livedesk/beetles/mod_desktop/engine/built-in.o
                0x00000000e1f05e52                __dsk_wkm_jump
 .text.__dsk_wkm_clear_feedback_msgQ
                0x00000000e1f05e70       0x14 livedesk/beetles/mod_desktop/engine/built-in.o
                0x00000000e1f05e70                __dsk_wkm_clear_feedback_msgQ
 .text.__dsk_wkm_get_feedback_msg
                0x00000000e1f05e84       0x1c livedesk/beetles/mod_desktop/engine/built-in.o
                0x00000000e1f05e84                __dsk_wkm_get_feedback_msg
 .text.__dsk_wkm_lyric_exist
                0x00000000e1f05ea0       0x28 livedesk/beetles/mod_desktop/engine/built-in.o
                0x00000000e1f05ea0                __dsk_wkm_lyric_exist
 .text.__dsk_wkm_get_lyric_format
                0x00000000e1f05ec8       0x24 livedesk/beetles/mod_desktop/engine/built-in.o
                0x00000000e1f05ec8                __dsk_wkm_get_lyric_format
 .text.__dsk_wkm_get_lyric_item_count
                0x00000000e1f05eec       0x2c livedesk/beetles/mod_desktop/engine/built-in.o
                0x00000000e1f05eec                __dsk_wkm_get_lyric_item_count
 .text.__dsk_wkm_get_lyric_item_list
                0x00000000e1f05f18       0x5e livedesk/beetles/mod_desktop/engine/built-in.o
                0x00000000e1f05f18                __dsk_wkm_get_lyric_item_list
 .text.is_all_blank
                0x00000000e1f05f76       0x22 livedesk/beetles/mod_desktop/engine/built-in.o
 .text.__dsk_wkm_get_audio_info_from_orchid
                0x00000000e1f05f98      0x12c livedesk/beetles/mod_desktop/engine/built-in.o
 .text.charset_convert
                0x00000000e1f060c4       0x9e livedesk/beetles/mod_desktop/engine/built-in.o
 .text.__dsk_wkm_get_audio_info_from_file
                0x00000000e1f06162      0x160 livedesk/beetles/mod_desktop/engine/built-in.o
 .text.__dsk_wkm_get_tag
                0x00000000e1f062c2       0x2e livedesk/beetles/mod_desktop/engine/built-in.o
                0x00000000e1f062c2                __dsk_wkm_get_tag
 .text.__dsk_wkm_get_cur_time
                0x00000000e1f062f0       0x22 livedesk/beetles/mod_desktop/engine/built-in.o
                0x00000000e1f062f0                __dsk_wkm_get_cur_time
 .text.__dsk_wkm_get_total_time
                0x00000000e1f06312       0x22 livedesk/beetles/mod_desktop/engine/built-in.o
                0x00000000e1f06312                __dsk_wkm_get_total_time
 .text.__dsk_wkm_get_audio_encoding
                0x00000000e1f06334       0x24 livedesk/beetles/mod_desktop/engine/built-in.o
                0x00000000e1f06334                __dsk_wkm_get_audio_encoding
 .text.__dsk_wkm_get_audio_bps
                0x00000000e1f06358       0x22 livedesk/beetles/mod_desktop/engine/built-in.o
                0x00000000e1f06358                __dsk_wkm_get_audio_bps
 .text.__dsk_wkm_get_audio_sample_rate
                0x00000000e1f0637a       0x22 livedesk/beetles/mod_desktop/engine/built-in.o
                0x00000000e1f0637a                __dsk_wkm_get_audio_sample_rate
 .text.__dsk_wkm_get_audio_info
                0x00000000e1f0639c       0x3c livedesk/beetles/mod_desktop/engine/built-in.o
                0x00000000e1f0639c                __dsk_wkm_get_audio_info
 .text.__dsk_wkm_get_album_cover
                0x00000000e1f063d8      0x1f2 livedesk/beetles/mod_desktop/engine/built-in.o
                0x00000000e1f063d8                __dsk_wkm_get_album_cover
 .text.__dsk_wkm_npl_add_item
                0x00000000e1f065ca       0x36 livedesk/beetles/mod_desktop/engine/built-in.o
                0x00000000e1f065ca                __dsk_wkm_npl_add_item
 .text.__dsk_wkm_npl_delete_item
                0x00000000e1f06600       0x36 livedesk/beetles/mod_desktop/engine/built-in.o
                0x00000000e1f06600                __dsk_wkm_npl_delete_item
 .text.__dsk_wkm_npl_clear
                0x00000000e1f06636       0x32 livedesk/beetles/mod_desktop/engine/built-in.o
                0x00000000e1f06636                __dsk_wkm_npl_clear
 .text.__dsk_wkm_npl_playing_seek
                0x00000000e1f06668       0x3a livedesk/beetles/mod_desktop/engine/built-in.o
                0x00000000e1f06668                __dsk_wkm_npl_playing_seek
 .text.__dsk_wkm_npl_get_next
                0x00000000e1f066a2       0x34 livedesk/beetles/mod_desktop/engine/built-in.o
                0x00000000e1f066a2                __dsk_wkm_npl_get_next
 .text.__dsk_wkm_npl_get_cur
                0x00000000e1f066d6       0x34 livedesk/beetles/mod_desktop/engine/built-in.o
                0x00000000e1f066d6                __dsk_wkm_npl_get_cur
 .text.__dsk_wkm_npl_file2index
                0x00000000e1f0670a       0x3a livedesk/beetles/mod_desktop/engine/built-in.o
                0x00000000e1f0670a                __dsk_wkm_npl_file2index
 .text.__dsk_wkm_npl_index2file
                0x00000000e1f06744       0x3a livedesk/beetles/mod_desktop/engine/built-in.o
                0x00000000e1f06744                __dsk_wkm_npl_index2file
 .text.__dsk_wkm_npl_get_total_count
                0x00000000e1f0677e       0x2a livedesk/beetles/mod_desktop/engine/built-in.o
                0x00000000e1f0677e                __dsk_wkm_npl_get_total_count
 .text.__dsk_wkm_npl_save_list
                0x00000000e1f067a8       0x32 livedesk/beetles/mod_desktop/engine/built-in.o
                0x00000000e1f067a8                __dsk_wkm_npl_save_list
 .text.__dsk_wkm_npl_load_last_list
                0x00000000e1f067da       0x32 livedesk/beetles/mod_desktop/engine/built-in.o
                0x00000000e1f067da                __dsk_wkm_npl_load_last_list
 .text.__dsk_wkm_npl_is_dirty
                0x00000000e1f0680c       0x2c livedesk/beetles/mod_desktop/engine/built-in.o
                0x00000000e1f0680c                __dsk_wkm_npl_is_dirty
 .text.__dsk_wkm_npl_clear_dirty_flag
                0x00000000e1f06838       0x32 livedesk/beetles/mod_desktop/engine/built-in.o
                0x00000000e1f06838                __dsk_wkm_npl_clear_dirty_flag
 .text.__dsk_wkm_set_play_mode
                0x00000000e1f0686a       0x36 livedesk/beetles/mod_desktop/engine/built-in.o
                0x00000000e1f0686a                __dsk_wkm_set_play_mode
 .text.__dsk_wkm_get_play_mode
                0x00000000e1f068a0       0x2e livedesk/beetles/mod_desktop/engine/built-in.o
                0x00000000e1f068a0                __dsk_wkm_get_play_mode
 .text.__dsk_wkm_set_play_speed
                0x00000000e1f068ce       0x2a livedesk/beetles/mod_desktop/engine/built-in.o
                0x00000000e1f068ce                __dsk_wkm_set_play_speed
 .text.__dsk_wkm_get_play_speed
                0x00000000e1f068f8       0x22 livedesk/beetles/mod_desktop/engine/built-in.o
                0x00000000e1f068f8                __dsk_wkm_get_play_speed
 .text.__dsk_wkm_enable_spectrum
                0x00000000e1f0691a       0x28 livedesk/beetles/mod_desktop/engine/built-in.o
                0x00000000e1f0691a                __dsk_wkm_enable_spectrum
 .text.__dsk_wkm_disable_spectrum
                0x00000000e1f06942       0x28 livedesk/beetles/mod_desktop/engine/built-in.o
                0x00000000e1f06942                __dsk_wkm_disable_spectrum
 .text.__dsk_wkm_get_spectrum_info
                0x00000000e1f0696a       0x30 livedesk/beetles/mod_desktop/engine/built-in.o
                0x00000000e1f0696a                __dsk_wkm_get_spectrum_info
 .text.__dsk_wkm_set_star
                0x00000000e1f0699a       0x4c livedesk/beetles/mod_desktop/engine/built-in.o
                0x00000000e1f0699a                __dsk_wkm_set_star
 .text.__dsk_wkm_get_star
                0x00000000e1f069e6       0x50 livedesk/beetles/mod_desktop/engine/built-in.o
                0x00000000e1f069e6                __dsk_wkm_get_star
 .text.__dsk_wkm_syn_op_play_file
                0x00000000e1f06a36       0xc4 livedesk/beetles/mod_desktop/engine/built-in.o
                0x00000000e1f06a36                __dsk_wkm_syn_op_play_file
 .text.__dsk_wkm_syn_op_stop
                0x00000000e1f06afa       0xd4 livedesk/beetles/mod_desktop/engine/built-in.o
                0x00000000e1f06afa                __dsk_wkm_syn_op_stop
 .text.__dsk_wkm_syn_op_resume_play
                0x00000000e1f06bce       0xc6 livedesk/beetles/mod_desktop/engine/built-in.o
                0x00000000e1f06bce                __dsk_wkm_syn_op_resume_play
 .text.__dsk_wkm_syn_op_ff
                0x00000000e1f06c94       0xd4 livedesk/beetles/mod_desktop/engine/built-in.o
                0x00000000e1f06c94                __dsk_wkm_syn_op_ff
 .text.__dsk_wkm_syn_op_rr
                0x00000000e1f06d68       0xd4 livedesk/beetles/mod_desktop/engine/built-in.o
                0x00000000e1f06d68                __dsk_wkm_syn_op_rr
 .text.__dsk_wkm_syn_op_pause
                0x00000000e1f06e3c       0xd2 livedesk/beetles/mod_desktop/engine/built-in.o
                0x00000000e1f06e3c                __dsk_wkm_syn_op_pause
 .text.__dsk_wkm_syn_op_jump
                0x00000000e1f06f0e       0xba livedesk/beetles/mod_desktop/engine/built-in.o
                0x00000000e1f06f0e                __dsk_wkm_syn_op_jump
 .text.dsk_wkm_get_fsm_state
                0x00000000e1f06fc8       0x44 livedesk/beetles/mod_desktop/engine/built-in.o
                0x00000000e1f06fc8                dsk_wkm_get_fsm_state
 .text.dsk_wkm_play_file
                0x00000000e1f0700c       0x6c livedesk/beetles/mod_desktop/engine/built-in.o
                0x00000000e1f0700c                dsk_wkm_play_file
 .text.dsk_wkm_play_next
                0x00000000e1f07078       0x50 livedesk/beetles/mod_desktop/engine/built-in.o
                0x00000000e1f07078                dsk_wkm_play_next
 .text.dsk_wkm_play_prev
                0x00000000e1f070c8       0x40 livedesk/beetles/mod_desktop/engine/built-in.o
                0x00000000e1f070c8                dsk_wkm_play_prev
 .text.dsk_wkm_stop
                0x00000000e1f07108       0x4c livedesk/beetles/mod_desktop/engine/built-in.o
                0x00000000e1f07108                dsk_wkm_stop
 .text.dsk_wkm_pause
                0x00000000e1f07154       0x4a livedesk/beetles/mod_desktop/engine/built-in.o
                0x00000000e1f07154                dsk_wkm_pause
 .text.dsk_wkm_resume_play
                0x00000000e1f0719e       0x4a livedesk/beetles/mod_desktop/engine/built-in.o
                0x00000000e1f0719e                dsk_wkm_resume_play
 .text.dsk_wkm_ff
                0x00000000e1f071e8       0x44 livedesk/beetles/mod_desktop/engine/built-in.o
                0x00000000e1f071e8                dsk_wkm_ff
 .text.dsk_wkm_rr
                0x00000000e1f0722c       0x44 livedesk/beetles/mod_desktop/engine/built-in.o
                0x00000000e1f0722c                dsk_wkm_rr
 .text.dsk_wkm_jump
                0x00000000e1f07270       0x48 livedesk/beetles/mod_desktop/engine/built-in.o
                0x00000000e1f07270                dsk_wkm_jump
 .text.dsk_wkm_is_playing
                0x00000000e1f072b8       0x16 livedesk/beetles/mod_desktop/engine/built-in.o
                0x00000000e1f072b8                dsk_wkm_is_playing
 .text.dsk_wkm_get_pause_state
                0x00000000e1f072ce       0x34 livedesk/beetles/mod_desktop/engine/built-in.o
                0x00000000e1f072ce                dsk_wkm_get_pause_state
 .text.dsk_wkm_clear_feedback_msgQ
                0x00000000e1f07302       0x32 livedesk/beetles/mod_desktop/engine/built-in.o
                0x00000000e1f07302                dsk_wkm_clear_feedback_msgQ
 .text.dsk_wkm_get_feedback_msg
                0x00000000e1f07334       0x3c livedesk/beetles/mod_desktop/engine/built-in.o
                0x00000000e1f07334                dsk_wkm_get_feedback_msg
 .text.dsk_wkm_lyric_exist
                0x00000000e1f07370       0x3c livedesk/beetles/mod_desktop/engine/built-in.o
                0x00000000e1f07370                dsk_wkm_lyric_exist
 .text.dsk_wkm_get_lyric_format
                0x00000000e1f073ac       0x3e livedesk/beetles/mod_desktop/engine/built-in.o
                0x00000000e1f073ac                dsk_wkm_get_lyric_format
 .text.dsk_wkm_get_lyric_item_count
                0x00000000e1f073ea       0x3c livedesk/beetles/mod_desktop/engine/built-in.o
                0x00000000e1f073ea                dsk_wkm_get_lyric_item_count
 .text.dsk_wkm_get_lyric_item_list
                0x00000000e1f07426       0x4a livedesk/beetles/mod_desktop/engine/built-in.o
                0x00000000e1f07426                dsk_wkm_get_lyric_item_list
 .text.dsk_wkm_get_now_playing_file
                0x00000000e1f07470       0x1e livedesk/beetles/mod_desktop/engine/built-in.o
                0x00000000e1f07470                dsk_wkm_get_now_playing_file
 .text.dsk_wkm_get_tag
                0x00000000e1f0748e       0x42 livedesk/beetles/mod_desktop/engine/built-in.o
                0x00000000e1f0748e                dsk_wkm_get_tag
 .text.dsk_wkm_get_cur_time
                0x00000000e1f074d0       0x3c livedesk/beetles/mod_desktop/engine/built-in.o
                0x00000000e1f074d0                dsk_wkm_get_cur_time
 .text.dsk_wkm_get_total_time
                0x00000000e1f0750c       0x3c livedesk/beetles/mod_desktop/engine/built-in.o
                0x00000000e1f0750c                dsk_wkm_get_total_time
 .text.dsk_wkm_get_audio_encoding
                0x00000000e1f07548       0x3c livedesk/beetles/mod_desktop/engine/built-in.o
                0x00000000e1f07548                dsk_wkm_get_audio_encoding
 .text.dsk_wkm_get_audio_bps
                0x00000000e1f07584       0x3e livedesk/beetles/mod_desktop/engine/built-in.o
                0x00000000e1f07584                dsk_wkm_get_audio_bps
 .text.dsk_wkm_get_audio_sample_rate
                0x00000000e1f075c2       0x3e livedesk/beetles/mod_desktop/engine/built-in.o
                0x00000000e1f075c2                dsk_wkm_get_audio_sample_rate
 .text.dsk_wkm_get_audio_info
                0x00000000e1f07600       0x4a livedesk/beetles/mod_desktop/engine/built-in.o
                0x00000000e1f07600                dsk_wkm_get_audio_info
 .text.dsk_wkm_get_album_cover
                0x00000000e1f0764a       0x56 livedesk/beetles/mod_desktop/engine/built-in.o
                0x00000000e1f0764a                dsk_wkm_get_album_cover
 .text.dsk_wkm_monitor_enable
                0x00000000e1f076a0       0x2e livedesk/beetles/mod_desktop/engine/built-in.o
                0x00000000e1f076a0                dsk_wkm_monitor_enable
 .text.dsk_wkm_monitor_disable
                0x00000000e1f076ce       0x2e livedesk/beetles/mod_desktop/engine/built-in.o
                0x00000000e1f076ce                dsk_wkm_monitor_disable
 .text.dsk_wkm_npl_add_item
                0x00000000e1f076fc       0x38 livedesk/beetles/mod_desktop/engine/built-in.o
                0x00000000e1f076fc                dsk_wkm_npl_add_item
 .text.dsk_wkm_npl_delete_item
                0x00000000e1f07734       0x38 livedesk/beetles/mod_desktop/engine/built-in.o
                0x00000000e1f07734                dsk_wkm_npl_delete_item
 .text.dsk_wkm_npl_clear
                0x00000000e1f0776c       0x34 livedesk/beetles/mod_desktop/engine/built-in.o
                0x00000000e1f0776c                dsk_wkm_npl_clear
 .text.dsk_wkm_npl_set_cur
                0x00000000e1f077a0       0x52 livedesk/beetles/mod_desktop/engine/built-in.o
                0x00000000e1f077a0                dsk_wkm_npl_set_cur
 .text.dsk_wkm_npl_get_cur
                0x00000000e1f077f2       0x3e livedesk/beetles/mod_desktop/engine/built-in.o
                0x00000000e1f077f2                dsk_wkm_npl_get_cur
 .text.dsk_wkm_npl_get_next
                0x00000000e1f07830       0x3e livedesk/beetles/mod_desktop/engine/built-in.o
                0x00000000e1f07830                dsk_wkm_npl_get_next
 .text.dsk_wkm_npl_file2index
                0x00000000e1f0786e       0x42 livedesk/beetles/mod_desktop/engine/built-in.o
                0x00000000e1f0786e                dsk_wkm_npl_file2index
 .text.dsk_wkm_npl_index2file
                0x00000000e1f078b0       0x4a livedesk/beetles/mod_desktop/engine/built-in.o
                0x00000000e1f078b0                dsk_wkm_npl_index2file
 .text.dsk_wkm_npl_get_total_count
                0x00000000e1f078fa       0x3e livedesk/beetles/mod_desktop/engine/built-in.o
                0x00000000e1f078fa                dsk_wkm_npl_get_total_count
 .text.dsk_wkm_npl_save_list
                0x00000000e1f07938       0x3e livedesk/beetles/mod_desktop/engine/built-in.o
                0x00000000e1f07938                dsk_wkm_npl_save_list
 .text.dsk_wkm_npl_load_last_list
                0x00000000e1f07976       0x3e livedesk/beetles/mod_desktop/engine/built-in.o
                0x00000000e1f07976                dsk_wkm_npl_load_last_list
 .text.dsk_wkm_set_play_mode
                0x00000000e1f079b4       0x34 livedesk/beetles/mod_desktop/engine/built-in.o
                0x00000000e1f079b4                dsk_wkm_set_play_mode
 .text.dsk_wkm_get_play_mode
                0x00000000e1f079e8       0x24 livedesk/beetles/mod_desktop/engine/built-in.o
                0x00000000e1f079e8                dsk_wkm_get_play_mode
 .text.dsk_wkm_set_play_speed
                0x00000000e1f07a0c       0x42 livedesk/beetles/mod_desktop/engine/built-in.o
                0x00000000e1f07a0c                dsk_wkm_set_play_speed
 .text.dsk_wkm_get_play_speed
                0x00000000e1f07a4e       0x3c livedesk/beetles/mod_desktop/engine/built-in.o
                0x00000000e1f07a4e                dsk_wkm_get_play_speed
 .text.dsk_wkm_enable_spectrum
                0x00000000e1f07a8a       0x3c livedesk/beetles/mod_desktop/engine/built-in.o
                0x00000000e1f07a8a                dsk_wkm_enable_spectrum
 .text.dsk_wkm_disable_spectrum
                0x00000000e1f07ac6       0x3c livedesk/beetles/mod_desktop/engine/built-in.o
                0x00000000e1f07ac6                dsk_wkm_disable_spectrum
 .text.dsk_wkm_get_spectrum_info
                0x00000000e1f07b02       0x42 livedesk/beetles/mod_desktop/engine/built-in.o
                0x00000000e1f07b02                dsk_wkm_get_spectrum_info
 .text.dsk_wkm_set_star
                0x00000000e1f07b44       0x42 livedesk/beetles/mod_desktop/engine/built-in.o
                0x00000000e1f07b44                dsk_wkm_set_star
 .text.dsk_wkm_get_star
                0x00000000e1f07b86       0x38 livedesk/beetles/mod_desktop/engine/built-in.o
                0x00000000e1f07b86                dsk_wkm_get_star
 .text.__applet_permission_mutex
                0x00000000e1f07bbe       0x1e livedesk/beetles/mod_desktop/framework/built-in.o
 .text.__applet_not_able_standby
                0x00000000e1f07bdc       0x1c livedesk/beetles/mod_desktop/framework/built-in.o
 .text.__get_applet_info_from_suffix
                0x00000000e1f07bf8       0x4e livedesk/beetles/mod_desktop/framework/built-in.o
 .text.__get_activity_from_name
                0x00000000e1f07c46       0x26 livedesk/beetles/mod_desktop/framework/built-in.o
 .text.__get_applet_info_from_name
                0x00000000e1f07c6c       0x26 livedesk/beetles/mod_desktop/framework/built-in.o
 .text.__activity_delete
                0x00000000e1f07c92       0x40 livedesk/beetles/mod_desktop/framework/built-in.o
 .text.__activity_main_win_cb
                0x00000000e1f07cd2       0x6e livedesk/beetles/mod_desktop/framework/built-in.o
 .text.__applet_kill_backgrd
                0x00000000e1f07d40       0x2c livedesk/beetles/mod_desktop/framework/built-in.o
 .text.__activity_load_common
                0x00000000e1f07d6c      0x314 livedesk/beetles/mod_desktop/framework/built-in.o
 .text.activity_init
                0x00000000e1f08080       0x5c livedesk/beetles/mod_desktop/framework/built-in.o
                0x00000000e1f08080                activity_init
 .text.activity_load_file
                0x00000000e1f080dc       0x3e livedesk/beetles/mod_desktop/framework/built-in.o
                0x00000000e1f080dc                activity_load_file
 .text.activity_load_app
                0x00000000e1f0811a       0x72 livedesk/beetles/mod_desktop/framework/built-in.o
                0x00000000e1f0811a                activity_load_app
 .text.activity_background_top
                0x00000000e1f0818c       0x44 livedesk/beetles/mod_desktop/framework/built-in.o
                0x00000000e1f0818c                activity_background_top
 .text.activity_return_home
                0x00000000e1f081d0       0x74 livedesk/beetles/mod_desktop/framework/built-in.o
                0x00000000e1f081d0                activity_return_home
 .text.activity_finish
                0x00000000e1f08244       0x2c livedesk/beetles/mod_desktop/framework/built-in.o
                0x00000000e1f08244                activity_finish
 .text.activity_finish_all
                0x00000000e1f08270       0x6c livedesk/beetles/mod_desktop/framework/built-in.o
                0x00000000e1f08270                activity_finish_all
 .text.activity_set_attr
                0x00000000e1f082dc       0x50 livedesk/beetles/mod_desktop/framework/built-in.o
                0x00000000e1f082dc                activity_set_attr
 .text.activity_get_attr
                0x00000000e1f0832c        0x6 livedesk/beetles/mod_desktop/framework/built-in.o
                0x00000000e1f0832c                activity_get_attr
 .text.activity_set_load_para
                0x00000000e1f08332       0xa4 livedesk/beetles/mod_desktop/framework/built-in.o
                0x00000000e1f08332                activity_set_load_para
 .text.activity_get_load_para
                0x00000000e1f083d6       0xc0 livedesk/beetles/mod_desktop/framework/built-in.o
                0x00000000e1f083d6                activity_get_load_para
 .text.activity_get_root_win
                0x00000000e1f08496        0x4 livedesk/beetles/mod_desktop/framework/built-in.o
                0x00000000e1f08496                activity_get_root_win
 .text.activity_get_plugin
                0x00000000e1f0849a        0x4 livedesk/beetles/mod_desktop/framework/built-in.o
                0x00000000e1f0849a                activity_get_plugin
 .text.activity_suspend_top
                0x00000000e1f0849e       0x22 livedesk/beetles/mod_desktop/framework/built-in.o
                0x00000000e1f0849e                activity_suspend_top
 .text.activity_resume_top
                0x00000000e1f084c0       0x22 livedesk/beetles/mod_desktop/framework/built-in.o
                0x00000000e1f084c0                activity_resume_top
 .text.activity_notify_top
                0x00000000e1f084e2       0x48 livedesk/beetles/mod_desktop/framework/built-in.o
                0x00000000e1f084e2                activity_notify_top
 .text.activity_all_able_standby
                0x00000000e1f0852a       0x26 livedesk/beetles/mod_desktop/framework/built-in.o
                0x00000000e1f0852a                activity_all_able_standby
 .text.activity_manager_find_free_node
                0x00000000e1f08550       0x66 livedesk/beetles/mod_desktop/framework/built-in.o
 .text.activity_manager_create
                0x00000000e1f085b6       0xac livedesk/beetles/mod_desktop/framework/built-in.o
                0x00000000e1f085b6                activity_manager_create
 .text.activity_manager_top
                0x00000000e1f08662       0x62 livedesk/beetles/mod_desktop/framework/built-in.o
                0x00000000e1f08662                activity_manager_top
 .text.activity_manager_push
                0x00000000e1f086c4       0x82 livedesk/beetles/mod_desktop/framework/built-in.o
                0x00000000e1f086c4                activity_manager_push
 .text.activity_manager_pop
                0x00000000e1f08746       0xb2 livedesk/beetles/mod_desktop/framework/built-in.o
                0x00000000e1f08746                activity_manager_pop
 .text.activity_manager_add_backgrd
                0x00000000e1f087f8       0x3c livedesk/beetles/mod_desktop/framework/built-in.o
                0x00000000e1f087f8                activity_manager_add_backgrd
 .text.activity_manager_top_to_backgrd
                0x00000000e1f08834       0x24 livedesk/beetles/mod_desktop/framework/built-in.o
                0x00000000e1f08834                activity_manager_top_to_backgrd
 .text.activity_manager_delete_backgrd
                0x00000000e1f08858       0x7e livedesk/beetles/mod_desktop/framework/built-in.o
                0x00000000e1f08858                activity_manager_delete_backgrd
 .text.activity_manager_backgrd_to_top
                0x00000000e1f088d6       0x24 livedesk/beetles/mod_desktop/framework/built-in.o
                0x00000000e1f088d6                activity_manager_backgrd_to_top
 .text.activity_manager_foreach_suspend
                0x00000000e1f088fa       0x44 livedesk/beetles/mod_desktop/framework/built-in.o
                0x00000000e1f088fa                activity_manager_foreach_suspend
 .text.activity_manager_foreach_backgrd
                0x00000000e1f0893e       0x3a livedesk/beetles/mod_desktop/framework/built-in.o
                0x00000000e1f0893e                activity_manager_foreach_backgrd
 .text.activity_manager_foreach
                0x00000000e1f08978       0x34 livedesk/beetles/mod_desktop/framework/built-in.o
                0x00000000e1f08978                activity_manager_foreach
 .text.activity_manager_destroy
                0x00000000e1f089ac       0x22 livedesk/beetles/mod_desktop/framework/built-in.o
                0x00000000e1f089ac                activity_manager_destroy
 .text.applet_info_builder_on_end
                0x00000000e1f089ce        0x2 livedesk/beetles/mod_desktop/framework/built-in.o
 .text.applet_info_builder_on_text
                0x00000000e1f089d0        0x2 livedesk/beetles/mod_desktop/framework/built-in.o
 .text.applet_info_builder_on_pi
                0x00000000e1f089d2        0x2 livedesk/beetles/mod_desktop/framework/built-in.o
 .text.applet_info_builder_on_err
                0x00000000e1f089d4        0x2 livedesk/beetles/mod_desktop/framework/built-in.o
 .text.applet_info_manager_iter_printf
                0x00000000e1f089d6        0x4 livedesk/beetles/mod_desktop/framework/built-in.o
 .text.mini_allocator_free
                0x00000000e1f089da       0x18 livedesk/beetles/mod_desktop/framework/built-in.o
 .text.mini_allocator_realloc.part.1
                0x00000000e1f089f2       0x48 livedesk/beetles/mod_desktop/framework/built-in.o
 .text.mini_allocator_zalloc
                0x00000000e1f08a3a       0xa0 livedesk/beetles/mod_desktop/framework/built-in.o
 .text.applet_info_builder_on_comment
                0x00000000e1f08ada        0x2 livedesk/beetles/mod_desktop/framework/built-in.o
 .text.applet_info_builder_on_destroy
                0x00000000e1f08adc       0x3c livedesk/beetles/mod_desktop/framework/built-in.o
 .text.applet_info_builder_on_start
                0x00000000e1f08b18      0x1ce livedesk/beetles/mod_desktop/framework/built-in.o
 .text.applet_info_manager_create
                0x00000000e1f08ce6       0xb6 livedesk/beetles/mod_desktop/framework/built-in.o
                0x00000000e1f08ce6                applet_info_manager_create
 .text.applet_info_manager_parse
                0x00000000e1f08d9c      0x174 livedesk/beetles/mod_desktop/framework/built-in.o
                0x00000000e1f08d9c                applet_info_manager_parse
 .text.applet_info_manager_load_file
                0x00000000e1f08f10      0x13c livedesk/beetles/mod_desktop/framework/built-in.o
                0x00000000e1f08f10                applet_info_manager_load_file
 .text.applet_info_manager_load_dir
                0x00000000e1f0904c      0x192 livedesk/beetles/mod_desktop/framework/built-in.o
                0x00000000e1f0904c                applet_info_manager_load_dir
 .text.applet_info_manager_get_count
                0x00000000e1f091de       0x4e livedesk/beetles/mod_desktop/framework/built-in.o
                0x00000000e1f091de                applet_info_manager_get_count
 .text.applet_info_manager_get
                0x00000000e1f0922c       0x62 livedesk/beetles/mod_desktop/framework/built-in.o
                0x00000000e1f0922c                applet_info_manager_get
 .text.applet_info_manager_foreach
                0x00000000e1f0928e       0x56 livedesk/beetles/mod_desktop/framework/built-in.o
                0x00000000e1f0928e                applet_info_manager_foreach
 .text.applet_info_manager_destroy
                0x00000000e1f092e4       0x2a livedesk/beetles/mod_desktop/framework/built-in.o
                0x00000000e1f092e4                applet_info_manager_destroy
 .text.applet_info_manager_printf
                0x00000000e1f0930e       0x10 livedesk/beetles/mod_desktop/framework/built-in.o
                0x00000000e1f0930e                applet_info_manager_printf
 .text.applet_plugin_module_background
                0x00000000e1f0931e       0x1e livedesk/beetles/mod_desktop/framework/built-in.o
 .text.applet_plugin_module_resume
                0x00000000e1f0933c       0x1e livedesk/beetles/mod_desktop/framework/built-in.o
 .text.applet_plugin_module_suspend
                0x00000000e1f0935a       0x1e livedesk/beetles/mod_desktop/framework/built-in.o
 .text.applet_plugin_module_start
                0x00000000e1f09378       0x1e livedesk/beetles/mod_desktop/framework/built-in.o
 .text.applet_plugin_module_stop
                0x00000000e1f09396       0x3a livedesk/beetles/mod_desktop/framework/built-in.o
 .text.applet_plugin_module_create
                0x00000000e1f093d0      0x140 livedesk/beetles/mod_desktop/framework/built-in.o
                0x00000000e1f093d0                applet_plugin_module_create
 .text.activity_manager_set_default
                0x00000000e1f09510        0xa livedesk/beetles/mod_desktop/framework/built-in.o
                0x00000000e1f09510                activity_manager_set_default
 .text.applet_info_manager_set_defualt
                0x00000000e1f0951a        0xa livedesk/beetles/mod_desktop/framework/built-in.o
                0x00000000e1f0951a                applet_info_manager_set_defualt
 .text.message_loop_win_set_default
                0x00000000e1f09524        0xa livedesk/beetles/mod_desktop/framework/built-in.o
                0x00000000e1f09524                message_loop_win_set_default
 .text.activity_manager_get_default
                0x00000000e1f0952e        0xc livedesk/beetles/mod_desktop/framework/built-in.o
                0x00000000e1f0952e                activity_manager_get_default
 .text.applet_info_manager_get_default
                0x00000000e1f0953a        0xc livedesk/beetles/mod_desktop/framework/built-in.o
                0x00000000e1f0953a                applet_info_manager_get_default
 .text.message_loop_win_get_default
                0x00000000e1f09546        0xc livedesk/beetles/mod_desktop/framework/built-in.o
                0x00000000e1f09546                message_loop_win_get_default
 .text.mini_xml_builder_on_end_element
                0x00000000e1f09552        0xe livedesk/beetles/mod_desktop/framework/built-in.o
 .text.mini_xml_parser_strdup
                0x00000000e1f09560      0x140 livedesk/beetles/mod_desktop/framework/built-in.o
 .text.mini_xml_parser_parse_attrs
                0x00000000e1f096a0      0x11e livedesk/beetles/mod_desktop/framework/built-in.o
 .text.mini_xml_builder_on_error.constprop.2
                0x00000000e1f097be       0x14 livedesk/beetles/mod_desktop/framework/built-in.o
 .text.mini_xml_parser_create
                0x00000000e1f097d2       0xa8 livedesk/beetles/mod_desktop/framework/built-in.o
                0x00000000e1f097d2                mini_xml_parser_create
 .text.mini_xml_parser_set_builder
                0x00000000e1f0987a        0x6 livedesk/beetles/mod_desktop/framework/built-in.o
                0x00000000e1f0987a                mini_xml_parser_set_builder
 .text.mini_xml_parser_parse
                0x00000000e1f09880      0x318 livedesk/beetles/mod_desktop/framework/built-in.o
                0x00000000e1f09880                mini_xml_parser_parse
 .text.mini_xml_parser_destroy
                0x00000000e1f09b98       0x2c livedesk/beetles/mod_desktop/framework/built-in.o
                0x00000000e1f09b98                mini_xml_parser_destroy
 .text.dsk_set_hdmi_audio_gate
                0x00000000e1f09bc4        0x4 livedesk/beetles/mod_desktop/functions/built-in.o
                0x00000000e1f09bc4                dsk_set_hdmi_audio_gate
 .text.dsk_set_audio_if
                0x00000000e1f09bc8        0x4 livedesk/beetles/mod_desktop/functions/built-in.o
                0x00000000e1f09bc8                dsk_set_audio_if
 .text.dsk_get_audio_if
                0x00000000e1f09bcc        0x4 livedesk/beetles/mod_desktop/functions/built-in.o
                0x00000000e1f09bcc                dsk_get_audio_if
 .text.dsk_set_auto_off_time
                0x00000000e1f09bd0       0x5a livedesk/beetles/mod_desktop/functions/built-in.o
                0x00000000e1f09bd0                dsk_set_auto_off_time
 .text.dsk_power_off
                0x00000000e1f09c2a       0x48 livedesk/beetles/mod_desktop/functions/built-in.o
                0x00000000e1f09c2a                dsk_power_off
 .text.dsk_get_langres_charset
                0x00000000e1f09c72        0x4 livedesk/beetles/mod_desktop/functions/built-in.o
                0x00000000e1f09c72                dsk_get_langres_charset
 .text.dsk_set_fs_charset
                0x00000000e1f09c76       0x26 livedesk/beetles/mod_desktop/functions/built-in.o
                0x00000000e1f09c76                dsk_set_fs_charset
 .text.dsk_get_fs_charset
                0x00000000e1f09c9c       0x28 livedesk/beetles/mod_desktop/functions/built-in.o
                0x00000000e1f09c9c                dsk_get_fs_charset
 .text.dsk_set_isn_charset
                0x00000000e1f09cc4        0xc livedesk/beetles/mod_desktop/functions/built-in.o
                0x00000000e1f09cc4                dsk_set_isn_charset
 .text.dsk_get_isn_charset
                0x00000000e1f09cd0        0xe livedesk/beetles/mod_desktop/functions/built-in.o
                0x00000000e1f09cd0                dsk_get_isn_charset
 .text.dsk_display_lcd_on
                0x00000000e1f09cde       0x80 livedesk/beetles/mod_desktop/functions/built-in.o
                0x00000000e1f09cde                dsk_display_lcd_on
 .text.dsk_display_lcd_off
                0x00000000e1f09d5e       0x82 livedesk/beetles/mod_desktop/functions/built-in.o
                0x00000000e1f09d5e                dsk_display_lcd_off
 .text.save_backlight_to_mixture
                0x00000000e1f09de0       0x78 livedesk/beetles/mod_desktop/functions/built-in.o
                0x00000000e1f09de0                save_backlight_to_mixture
 .text.dsk_display_set_lcd_brightness
                0x00000000e1f09e58       0xea livedesk/beetles/mod_desktop/functions/built-in.o
                0x00000000e1f09e58                dsk_display_set_lcd_brightness
 .text.dsk_display_get_lcd_brightness
                0x00000000e1f09f42      0x124 livedesk/beetles/mod_desktop/functions/built-in.o
                0x00000000e1f09f42                dsk_display_get_lcd_brightness
 .text.dsk_display_set_lcd_bright
                0x00000000e1f0a066       0x9e livedesk/beetles/mod_desktop/functions/built-in.o
                0x00000000e1f0a066                dsk_display_set_lcd_bright
 .text.dsk_display_get_lcd_bright
                0x00000000e1f0a104       0x24 livedesk/beetles/mod_desktop/functions/built-in.o
                0x00000000e1f0a104                dsk_display_get_lcd_bright
 .text.dsk_display_set_lcd_constract
                0x00000000e1f0a128       0x60 livedesk/beetles/mod_desktop/functions/built-in.o
                0x00000000e1f0a128                dsk_display_set_lcd_constract
 .text.dsk_display_get_lcd_constract
                0x00000000e1f0a188       0x24 livedesk/beetles/mod_desktop/functions/built-in.o
                0x00000000e1f0a188                dsk_display_get_lcd_constract
 .text.dsk_display_set_lcd_saturation
                0x00000000e1f0a1ac       0x60 livedesk/beetles/mod_desktop/functions/built-in.o
                0x00000000e1f0a1ac                dsk_display_set_lcd_saturation
 .text.dsk_display_get_lcd_saturation
                0x00000000e1f0a20c       0x24 livedesk/beetles/mod_desktop/functions/built-in.o
                0x00000000e1f0a20c                dsk_display_get_lcd_saturation
 .text.dsk_display_set_lcd_hue
                0x00000000e1f0a230        0x2 livedesk/beetles/mod_desktop/functions/built-in.o
                0x00000000e1f0a230                dsk_display_set_lcd_hue
 .text.dsk_display_get_lcd_hue
                0x00000000e1f0a232        0x2 livedesk/beetles/mod_desktop/functions/built-in.o
                0x00000000e1f0a232                dsk_display_get_lcd_hue
 .text.dsk_display_set_lcd_edge
                0x00000000e1f0a234        0x4 livedesk/beetles/mod_desktop/functions/built-in.o
                0x00000000e1f0a234                dsk_display_set_lcd_edge
 .text.dsk_display_get_lcd_edge
                0x00000000e1f0a238        0x4 livedesk/beetles/mod_desktop/functions/built-in.o
                0x00000000e1f0a238                dsk_display_get_lcd_edge
 .text.dsk_display_set_lcd_detail
                0x00000000e1f0a23c        0x4 livedesk/beetles/mod_desktop/functions/built-in.o
                0x00000000e1f0a23c                dsk_display_set_lcd_detail
 .text.dsk_display_get_lcd_detail
                0x00000000e1f0a240        0x4 livedesk/beetles/mod_desktop/functions/built-in.o
                0x00000000e1f0a240                dsk_display_get_lcd_detail
 .text.dsk_display_set_lcd_denoise
                0x00000000e1f0a244        0x4 livedesk/beetles/mod_desktop/functions/built-in.o
                0x00000000e1f0a244                dsk_display_set_lcd_denoise
 .text.dsk_display_get_lcd_denoise
                0x00000000e1f0a248        0x4 livedesk/beetles/mod_desktop/functions/built-in.o
                0x00000000e1f0a248                dsk_display_get_lcd_denoise
 .text.dsk_display_enhance_enable
                0x00000000e1f0a24c       0x44 livedesk/beetles/mod_desktop/functions/built-in.o
                0x00000000e1f0a24c                dsk_display_enhance_enable
 .text.dsk_display_enhance_disable
                0x00000000e1f0a290       0x40 livedesk/beetles/mod_desktop/functions/built-in.o
                0x00000000e1f0a290                dsk_display_enhance_disable
 .text.dsk_display_get_enhance_enable
                0x00000000e1f0a2d0        0x4 livedesk/beetles/mod_desktop/functions/built-in.o
                0x00000000e1f0a2d0                dsk_display_get_enhance_enable
 .text.dsk_display_enhance_demo_enable
                0x00000000e1f0a2d4       0x24 livedesk/beetles/mod_desktop/functions/built-in.o
                0x00000000e1f0a2d4                dsk_display_enhance_demo_enable
 .text.dsk_display_enhance_demo_disable
                0x00000000e1f0a2f8       0x24 livedesk/beetles/mod_desktop/functions/built-in.o
                0x00000000e1f0a2f8                dsk_display_enhance_demo_disable
 .text.dsk_display_hdmi_audio_enable
                0x00000000e1f0a31c        0x4 livedesk/beetles/mod_desktop/functions/built-in.o
                0x00000000e1f0a31c                dsk_display_hdmi_audio_enable
 .text.dsk_display_get_size
                0x00000000e1f0a320       0x80 livedesk/beetles/mod_desktop/functions/built-in.o
                0x00000000e1f0a320                dsk_display_get_size
 .text.dsk_display_set_backcolor
                0x00000000e1f0a3a0       0x74 livedesk/beetles/mod_desktop/functions/built-in.o
                0x00000000e1f0a3a0                dsk_display_set_backcolor
 .text.dsk_display_get_backcolor
                0x00000000e1f0a414       0x6c livedesk/beetles/mod_desktop/functions/built-in.o
                0x00000000e1f0a414                dsk_display_get_backcolor
 .text.dsk_display_get_output_type
                0x00000000e1f0a480       0x5c livedesk/beetles/mod_desktop/functions/built-in.o
                0x00000000e1f0a480                dsk_display_get_output_type
 .text.dsk_display_dskfmt2epdkfmt
                0x00000000e1f0a4dc      0x10a livedesk/beetles/mod_desktop/functions/built-in.o
                0x00000000e1f0a4dc                dsk_display_dskfmt2epdkfmt
 .text.dsk_display_set_format
                0x00000000e1f0a5e6       0x7e livedesk/beetles/mod_desktop/functions/built-in.o
                0x00000000e1f0a5e6                dsk_display_set_format
 .text.dsk_display_epdkfmt2dskfmt
                0x00000000e1f0a664      0x13e livedesk/beetles/mod_desktop/functions/built-in.o
                0x00000000e1f0a664                dsk_display_epdkfmt2dskfmt
 .text.dsk_display_get_format
                0x00000000e1f0a7a2       0x78 livedesk/beetles/mod_desktop/functions/built-in.o
                0x00000000e1f0a7a2                dsk_display_get_format
 .text.dsk_display_on
                0x00000000e1f0a81a       0x52 livedesk/beetles/mod_desktop/functions/built-in.o
                0x00000000e1f0a81a                dsk_display_on
 .text.dsk_display_off
                0x00000000e1f0a86c       0x80 livedesk/beetles/mod_desktop/functions/built-in.o
                0x00000000e1f0a86c                dsk_display_off
 .text.dsk_fw_update
                0x00000000e1f0a8ec      0x122 livedesk/beetles/mod_desktop/functions/built-in.o
                0x00000000e1f0a8ec                dsk_fw_update
 .text.dsk_start_fw_update
                0x00000000e1f0aa0e       0x86 livedesk/beetles/mod_desktop/functions/built-in.o
                0x00000000e1f0aa0e                dsk_start_fw_update
 .text.dsk_keytone_init
                0x00000000e1f0aa94       0x12 livedesk/beetles/mod_desktop/functions/built-in.o
                0x00000000e1f0aa94                dsk_keytone_init
 .text.dsk_keytone_exit
                0x00000000e1f0aaa6        0x4 livedesk/beetles/mod_desktop/functions/built-in.o
                0x00000000e1f0aaa6                dsk_keytone_exit
 .text.dsk_keytone_on
                0x00000000e1f0aaaa        0x4 livedesk/beetles/mod_desktop/functions/built-in.o
                0x00000000e1f0aaaa                dsk_keytone_on
 .text.dsk_keytone_set_state
                0x00000000e1f0aaae        0x4 livedesk/beetles/mod_desktop/functions/built-in.o
                0x00000000e1f0aaae                dsk_keytone_set_state
 .text.dsk_keytone_get_state
                0x00000000e1f0aab2        0x4 livedesk/beetles/mod_desktop/functions/built-in.o
                0x00000000e1f0aab2                dsk_keytone_get_state
 .text.dsk_keytone_set_key_type
                0x00000000e1f0aab6        0x2 livedesk/beetles/mod_desktop/functions/built-in.o
                0x00000000e1f0aab6                dsk_keytone_set_key_type
 .text.dsk_keytone_get_key_type
                0x00000000e1f0aab8        0x4 livedesk/beetles/mod_desktop/functions/built-in.o
                0x00000000e1f0aab8                dsk_keytone_get_key_type
 .text.dsk_langres_init
                0x00000000e1f0aabc       0xbc livedesk/beetles/mod_desktop/functions/built-in.o
                0x00000000e1f0aabc                dsk_langres_init
 .text.dsk_langres_exit
                0x00000000e1f0ab78       0x32 livedesk/beetles/mod_desktop/functions/built-in.o
                0x00000000e1f0ab78                dsk_langres_exit
 .text.dsk_langres_set_type
                0x00000000e1f0abaa        0xc livedesk/beetles/mod_desktop/functions/built-in.o
                0x00000000e1f0abaa                dsk_langres_set_type
 .text.dsk_langres_get_type
                0x00000000e1f0abb6        0xa livedesk/beetles/mod_desktop/functions/built-in.o
                0x00000000e1f0abb6                dsk_langres_get_type
 .text.dsk_langres_get_menu_len
                0x00000000e1f0abc0       0x34 livedesk/beetles/mod_desktop/functions/built-in.o
                0x00000000e1f0abc0                dsk_langres_get_menu_len
 .text.dsk_langres_get_menu_text
                0x00000000e1f0abf4       0x64 livedesk/beetles/mod_desktop/functions/built-in.o
                0x00000000e1f0abf4                dsk_langres_get_menu_text
 .text.dsk_orchid_createDisk
                0x00000000e1f0ac58       0x3c livedesk/beetles/mod_desktop/functions/built-in.o
                0x00000000e1f0ac58                dsk_orchid_createDisk
 .text.dsk_orchid_check
                0x00000000e1f0ac94        0x4 livedesk/beetles/mod_desktop/functions/built-in.o
                0x00000000e1f0ac94                dsk_orchid_check
 .text.dsk_orchid_update
                0x00000000e1f0ac98        0x4 livedesk/beetles/mod_desktop/functions/built-in.o
                0x00000000e1f0ac98                dsk_orchid_update
 .text.dsk_orchid_save_npl
                0x00000000e1f0ac9c        0x4 livedesk/beetles/mod_desktop/functions/built-in.o
                0x00000000e1f0ac9c                dsk_orchid_save_npl
 .text.dsk_orchid_load_last_npl
                0x00000000e1f0aca0        0x4 livedesk/beetles/mod_desktop/functions/built-in.o
                0x00000000e1f0aca0                dsk_orchid_load_last_npl
 .text.dsk_power_dev_init
                0x00000000e1f0aca4       0x2c livedesk/beetles/mod_desktop/functions/built-in.o
                0x00000000e1f0aca4                dsk_power_dev_init
 .text.dsk_power_dev_uninit
                0x00000000e1f0acd0       0x24 livedesk/beetles/mod_desktop/functions/built-in.o
                0x00000000e1f0acd0                dsk_power_dev_uninit
 .text.dsk_power_get_battery_level
                0x00000000e1f0acf4        0x4 livedesk/beetles/mod_desktop/functions/built-in.o
                0x00000000e1f0acf4                dsk_power_get_battery_level
 .text.dsk_power_get_voltage_level
                0x00000000e1f0acf8       0x6c livedesk/beetles/mod_desktop/functions/built-in.o
                0x00000000e1f0acf8                dsk_power_get_voltage_level
 .text.dsk_power_is_full
                0x00000000e1f0ad64       0x34 livedesk/beetles/mod_desktop/functions/built-in.o
                0x00000000e1f0ad64                dsk_power_is_full
 .text.dsk_power_is_low
                0x00000000e1f0ad98       0x70 livedesk/beetles/mod_desktop/functions/built-in.o
                0x00000000e1f0ad98                dsk_power_is_low
 .text.dsk_power_set_off_time
                0x00000000e1f0ae08        0x4 livedesk/beetles/mod_desktop/functions/built-in.o
                0x00000000e1f0ae08                dsk_power_set_off_time
 .text.dsk_power_get_battary_state
                0x00000000e1f0ae0c        0x4 livedesk/beetles/mod_desktop/functions/built-in.o
                0x00000000e1f0ae0c                dsk_power_get_battary_state
 .text.dsk_speaker_turnoff
                0x00000000e1f0ae10        0x2 livedesk/beetles/mod_desktop/functions/built-in.o
                0x00000000e1f0ae10                dsk_speaker_turnoff
 .text.dsk_speaker_turnon
                0x00000000e1f0ae12        0x2 livedesk/beetles/mod_desktop/functions/built-in.o
                0x00000000e1f0ae12                dsk_speaker_turnon
 .text.dsk_speaker_resume
                0x00000000e1f0ae14        0x2 livedesk/beetles/mod_desktop/functions/built-in.o
                0x00000000e1f0ae14                dsk_speaker_resume
 .text.dsk_get_charge_state
                0x00000000e1f0ae16       0x3e livedesk/beetles/mod_desktop/functions/built-in.o
                0x00000000e1f0ae16                dsk_get_charge_state
 .text.__reg_paramter_init
                0x00000000e1f0ae54      0x1d2 livedesk/beetles/mod_desktop/functions/built-in.o
 .text.save_flash_task
                0x00000000e1f0b026      0x1b2 livedesk/beetles/mod_desktop/functions/built-in.o
 .text.calc_crc32.constprop.4
                0x00000000e1f0b1d8       0x70 livedesk/beetles/mod_desktop/functions/built-in.o
 .text.dsk_reg_init_para
                0x00000000e1f0b248      0x34a livedesk/beetles/mod_desktop/functions/built-in.o
                0x00000000e1f0b248                dsk_reg_init_para
 .text.dsk_reg_flush
                0x00000000e1f0b592       0x6a livedesk/beetles/mod_desktop/functions/built-in.o
                0x00000000e1f0b592                dsk_reg_flush
 .text.dsk_reg_deinit_para
                0x00000000e1f0b5fc       0xb6 livedesk/beetles/mod_desktop/functions/built-in.o
                0x00000000e1f0b5fc                dsk_reg_deinit_para
 .text.dsk_reg_get_para_by_app
                0x00000000e1f0b6b2      0x10a livedesk/beetles/mod_desktop/functions/built-in.o
                0x00000000e1f0b6b2                dsk_reg_get_para_by_app
 .text.dsk_reg_get_default_para_by_app
                0x00000000e1f0b7bc      0x110 livedesk/beetles/mod_desktop/functions/built-in.o
                0x00000000e1f0b7bc                dsk_reg_get_default_para_by_app
 .text.dsk_reg_get_app_restore_flag
                0x00000000e1f0b8cc       0x9a livedesk/beetles/mod_desktop/functions/built-in.o
                0x00000000e1f0b8cc                dsk_reg_get_app_restore_flag
 .text.dsk_reg_set_app_restore_flag
                0x00000000e1f0b966       0x9a livedesk/beetles/mod_desktop/functions/built-in.o
                0x00000000e1f0b966                dsk_reg_set_app_restore_flag
 .text.dsk_reg_save_cur_play_info
                0x00000000e1f0ba00      0x1a6 livedesk/beetles/mod_desktop/functions/built-in.o
                0x00000000e1f0ba00                dsk_reg_save_cur_play_info
 .text.dsk_reg_set_app_restore_all
                0x00000000e1f0bba6       0x6c livedesk/beetles/mod_desktop/functions/built-in.o
                0x00000000e1f0bba6                dsk_reg_set_app_restore_all
 .text._release_theme_res
                0x00000000e1f0bc12       0x2a livedesk/beetles/mod_desktop/functions/built-in.o
 .text.dsk_theme_init
                0x00000000e1f0bc3c       0x7a livedesk/beetles/mod_desktop/functions/built-in.o
                0x00000000e1f0bc3c                dsk_theme_init
 .text.dsk_theme_init_ex
                0x00000000e1f0bcb6       0x3a livedesk/beetles/mod_desktop/functions/built-in.o
                0x00000000e1f0bcb6                dsk_theme_init_ex
 .text.dsk_theme_exit
                0x00000000e1f0bcf0       0x30 livedesk/beetles/mod_desktop/functions/built-in.o
                0x00000000e1f0bcf0                dsk_theme_exit
 .text.dsk_theme_exit_ex
                0x00000000e1f0bd20       0x30 livedesk/beetles/mod_desktop/functions/built-in.o
                0x00000000e1f0bd20                dsk_theme_exit_ex
 .text.dsk_theme_set_style
                0x00000000e1f0bd50        0xc livedesk/beetles/mod_desktop/functions/built-in.o
                0x00000000e1f0bd50                dsk_theme_set_style
 .text.dsk_theme_get_style
                0x00000000e1f0bd5c        0xc livedesk/beetles/mod_desktop/functions/built-in.o
                0x00000000e1f0bd5c                dsk_theme_get_style
 .text.dsk_theme_open
                0x00000000e1f0bd68       0xd6 livedesk/beetles/mod_desktop/functions/built-in.o
                0x00000000e1f0bd68                dsk_theme_open
 .text.dsk_theme_open_ex
                0x00000000e1f0be3e       0xd6 livedesk/beetles/mod_desktop/functions/built-in.o
                0x00000000e1f0be3e                dsk_theme_open_ex
 .text.dsk_theme_close
                0x00000000e1f0bf14        0x8 livedesk/beetles/mod_desktop/functions/built-in.o
                0x00000000e1f0bf14                dsk_theme_close
 .text.dsk_theme_close_ex
                0x00000000e1f0bf1c        0x4 livedesk/beetles/mod_desktop/functions/built-in.o
                0x00000000e1f0bf1c                dsk_theme_close_ex
 .text.dsk_theme_really_close_ex
                0x00000000e1f0bf20       0x56 livedesk/beetles/mod_desktop/functions/built-in.o
                0x00000000e1f0bf20                dsk_theme_really_close_ex
 .text.dsk_theme_really_close_by_id_ex
                0x00000000e1f0bf76       0x4c livedesk/beetles/mod_desktop/functions/built-in.o
                0x00000000e1f0bf76                dsk_theme_really_close_by_id_ex
 .text.dsk_theme_hdl2size
                0x00000000e1f0bfc2        0xa livedesk/beetles/mod_desktop/functions/built-in.o
                0x00000000e1f0bfc2                dsk_theme_hdl2size
 .text.dsk_theme_hdl2size_ex
                0x00000000e1f0bfcc        0xa livedesk/beetles/mod_desktop/functions/built-in.o
                0x00000000e1f0bfcc                dsk_theme_hdl2size_ex
 .text.dsk_theme_hdl2buf
                0x00000000e1f0bfd6       0xd2 livedesk/beetles/mod_desktop/functions/built-in.o
                0x00000000e1f0bfd6                dsk_theme_hdl2buf
 .text.dsk_theme_hdl2buf_ex
                0x00000000e1f0c0a8       0xd2 livedesk/beetles/mod_desktop/functions/built-in.o
                0x00000000e1f0c0a8                dsk_theme_hdl2buf_ex
 .text.dsk_usbd_remove
                0x00000000e1f0c17a        0x2 livedesk/beetles/mod_desktop/functions/built-in.o
                0x00000000e1f0c17a                dsk_usbd_remove
 .text.dsk_send_insmod_usbh_cmd
                0x00000000e1f0c17c        0x4 livedesk/beetles/mod_desktop/functions/built-in.o
                0x00000000e1f0c17c                dsk_send_insmod_usbh_cmd
 .text.dsk_send_rmmod_usbh_cmd
                0x00000000e1f0c180        0x4 livedesk/beetles/mod_desktop/functions/built-in.o
                0x00000000e1f0c180                dsk_send_rmmod_usbh_cmd
 .text.dsk_usbh_is_working
                0x00000000e1f0c184        0x4 livedesk/beetles/mod_desktop/functions/built-in.o
                0x00000000e1f0c184                dsk_usbh_is_working
 .text.__init_hp_det_pin_init
                0x00000000e1f0c188       0x4c livedesk/beetles/mod_desktop/functions/built-in.o
 .text.dsk_pa_shdn_pin_init
                0x00000000e1f0c1d4       0x60 livedesk/beetles/mod_desktop/functions/built-in.o
 .text._set_volume
                0x00000000e1f0c234      0x19c livedesk/beetles/mod_desktop/functions/built-in.o
 .text._get_volume
                0x00000000e1f0c3d0       0xc2 livedesk/beetles/mod_desktop/functions/built-in.o
 .text.dsk_volume_set
                0x00000000e1f0c492       0x42 livedesk/beetles/mod_desktop/functions/built-in.o
                0x00000000e1f0c492                dsk_volume_set
 .text.dsk_volume_get
                0x00000000e1f0c4d4       0x56 livedesk/beetles/mod_desktop/functions/built-in.o
                0x00000000e1f0c4d4                dsk_volume_get
 .text.dsk_volume_inc
                0x00000000e1f0c52a       0x64 livedesk/beetles/mod_desktop/functions/built-in.o
                0x00000000e1f0c52a                dsk_volume_inc
 .text.dsk_volume_dec
                0x00000000e1f0c58e       0xda livedesk/beetles/mod_desktop/functions/built-in.o
                0x00000000e1f0c58e                dsk_volume_dec
 .text.dsk_volume_on
                0x00000000e1f0c668       0x32 livedesk/beetles/mod_desktop/functions/built-in.o
                0x00000000e1f0c668                dsk_volume_on
 .text.dsk_volume_off
                0x00000000e1f0c69a       0x28 livedesk/beetles/mod_desktop/functions/built-in.o
                0x00000000e1f0c69a                dsk_volume_off
 .text.dsk_volume_is_on
                0x00000000e1f0c6c2        0xe livedesk/beetles/mod_desktop/functions/built-in.o
                0x00000000e1f0c6c2                dsk_volume_is_on
 .text.dsk_volume_app_line_in
                0x00000000e1f0c6d0        0x4 livedesk/beetles/mod_desktop/functions/built-in.o